{"tool":"phpunit","result":"failed","tests":10,"passed":3,"assertions":10,"duration_ms":7387,"failed":7,"failures":[{"test":"Tests\\Feature\\AdminTest::test_admin_dashboard_is_protected","file":"C:\\laragon\\www\\CV-Berkah-Fabrikasi-Besi\\tests\\Feature\\AdminTest.php","line":19,"message":"Expected response status code [201, 301, 302, 303, 307, 308] but received 404.\nFailed asserting that false is true."},{"test":"Tests\\Feature\\AdminTest::test_admin_can_access_dashboard","file":"C:\\laragon\\www\\CV-Berkah-Fabrikasi-Besi\\tests\\Feature\\AdminTest.php","line":25,"message":"Expected response status code [200] but received 404.\nFailed asserting that 404 is identical to 200."},{"test":"Tests\\Feature\\PublicTest::test_home_page_returns_a_successful_response","file":"C:\\laragon\\www\\CV-Berkah-Fabrikasi-Besi\\tests\\Feature\\PublicTest.php","line":9,"message":"Expected response status code [200] but received 500.\nFailed asserting that 500 is identical to 200.\r\n\r\nThe following exception occurred during the last request:\n\nPDOException: SQLSTATE[HY000]: General error: 1 no such table: settings in C:\\laragon\\www\\CV-Berkah-Fabrikasi-Besi\\vendor\\laravel\\framework\\src\\Illuminate\\Database\\Connection.php:435\nStack trace:\n#0 C:\\laragon\\www\\CV-Berkah-Fabrikasi-Besi\\vendor\\laravel\\framework\\src\\Illuminate\\Database\\Connection.php(435): PDO->prepare('select * from \"..')\n#1 C:\\laragon\\www\\CV-Berkah-Fabrikasi-Besi\\vendor\\laravel\\framework\\src\\Illuminate\\Database\\Connection.php(846): Illuminate\\Database\\Connection->Illuminate\\Database\\{closure}('select * from \"..', Array)\n#2 C:\\laragon\\www\\CV-Berkah-Fabrikasi-Besi\\vendor\\laravel\\framework\\src\\Illuminate\\Database\\Connection.php(813): Illuminate\\Database\\Connection->runQueryCallback('select * from \"..', Array, Object(Closure))\n#3 C:\\laragon\\www\\CV-Berkah-Fabrikasi-Besi\\vendor\\laravel\\framework\\src\\Illuminate\\Database\\Connection.php(426): Illuminate\\Database\\Connection->run('select * from \"..', Array, Object(Closure))\n#4 C:\\laragon\\www\\CV-Berkah-Fabrikasi-Besi\\vendor\\laravel\\framework\\src\\Illuminate\\Database\\Query\\Builder.php(3573): Illuminate\\Database\\Connection->select('select * from \"..', Array, true, Array)\n#5 C:\\laragon\\www\\CV-Berkah-Fabrikasi-Besi\\vendor\\laravel\\framework\\src\\Illuminate\\Database\\Query\\Builder.php(3557): Illuminate\\Database\\Query\\Builder->runSelect()\n#6 C:\\laragon\\www\\CV-Berkah-Fabrikasi-Besi\\vendor\\laravel\\framework\\src\\Illuminate\\Database\\Eloquent\\Builder.php(908): Illuminate\\Database\\Query\\Builder->get(Array)\n#7 C:\\laragon\\www\\CV-Berkah-Fabrikasi-Besi\\vendor\\laravel\\framework\\src\\Illuminate\\Database\\Eloquent\\Builder.php(890): Illuminate\\Database\\Eloquent\\Builder->getModels(Array)\n#8 C:\\laragon\\www\\CV-Berkah-Fabrikasi-Besi\\vendor\\laravel\\framework\\src\\Illuminate\\Database\\Concerns\\BuildsQueries.php(366): Illuminate\\Database\\Eloquent\\Builder->get(Array)\n#9 C:\\laragon\\www\\CV-Berkah-Fabrikasi-Besi\\vendor\\laravel\\framework\\src\\Illuminate\\Database\\Eloquent\\Builder.php(712): Illuminate\\Database\\Eloquent\\Builder->first()\n#10 C:\\laragon\\www\\CV-Berkah-Fabrikasi-Besi\\vendor\\laravel\\framework\\src\\Illuminate\\Support\\Traits\\ForwardsCalls.php(23): Illuminate\\Database\\Eloquent\\Builder->firstOrCreate(Array, Array)\n#11 C:\\laragon\\www\\CV-Berkah-Fabrikasi-Besi\\vendor\\laravel\\framework\\src\\Illuminate\\Database\\Eloquent\\Model.php(2831): Illuminate\\Database\\Eloquent\\Model->forwardCallTo(Object(Illuminate\\Database\\Eloquent\\Builder), 'firstOrCreate', Array)\n#12 C:\\laragon\\www\\CV-Berkah-Fabrikasi-Besi\\vendor\\laravel\\framework\\src\\Illuminate\\Database\\Eloquent\\Model.php(2847): Illuminate\\Database\\Eloquent\\Model->__call('firstOrCreate', Array)\n#13 C:\\laragon\\www\\CV-Berkah-Fabrikasi-Besi\\app\\Models\\Setting.php(22): Illuminate\\Database\\Eloquent\\Model::__callStatic('firstOrCreate', Array)\n#14 C:\\laragon\\www\\CV-Berkah-Fabrikasi-Besi\\app\\Http\\Controllers\\HomeController.php(14): App\\Models\\Setting::getSetting()\n#15 C:\\laragon\\www\\CV-Berkah-Fabrikasi-Besi\\vendor\\laravel\\framework\\src\\Illuminate\\Routing\\ControllerDispatcher.php(46): App\\Http\\Controllers\\HomeController->index()\n#16 C:\\laragon\\www\\CV-Berkah-Fabrikasi-Besi\\vendor\\laravel\\framework\\src\\Illuminate\\Routing\\Route.php(276): Illuminate\\Routing\\ControllerDispatcher->dispatch(Object(Illuminate\\Routing\\Route), Object(App\\Http\\Controllers\\HomeController), 'index')\n#17 C:\\laragon\\www\\CV-Berkah-Fabrikasi-Besi\\vendor\\laravel\\framework\\src\\Illuminate\\Routing\\Route.php(216): Illuminate\\Routing\\Route->runController()\n#18 C:\\laragon\\www\\CV-Berkah-Fabrikasi-Besi\\vendor\\laravel\\framework\\src\\Illuminate\\Routing\\Router.php(822): Illuminate\\Routing\\Route->run()\n#19 C:\\laragon\\www\\CV-Berkah-Fabrikasi-Besi\\vendor\\laravel\\framework\\src\\Illuminate\\Pipeline\\Pipeline.php(180): Illuminate\\Routing\\Router->Illuminate\\Routing\\{closure}(Object(Illuminate\\Http\\Request))\n#20 C:\\laragon\\www\\CV-Berkah-Fabrikasi-Besi\\vendor\\laravel\\framework\\src\\Illuminate\\Routing\\Middleware\\SubstituteBindings.php(52): Illuminate\\Pipeline\\Pipeline->Illuminate\\Pipeline\\{closure}(Object(Illuminate\\Http\\Request))\n#21 C:\\laragon\\www\\CV-Berkah-Fabrikasi-Besi\\vendor\\laravel\\framework\\src\\Illuminate\\Pipeline\\Pipeline.php(219): Illuminate\\Routing\\Middleware\\SubstituteBindings->handle(Object(Illuminate\\Http\\Request), Object(Closure))\n#22 C:\\laragon\\www\\CV-Berkah-Fabrikasi-Besi\\vendor\\laravel\\framework\\src\\Illuminate\\Foundation\\Http\\Middleware\\PreventRequestForgery.php(104): Illuminate\\Pipeline\\Pipeline->Illuminate\\Pipeline\\{closure}(Object(Illuminate\\Http\\Request))\n#23 C:\\laragon\\www\\CV-Berkah-Fabrikasi-Besi\\vendor\\laravel\\framework\\src\\Illuminate\\Pipeline\\Pipeline.php(219): Illuminate\\Foundation\\Http\\Middleware\\PreventRequestForgery->handle(Object(Illuminate\\Http\\Request), Object(Closure))\n#24 C:\\laragon\\www\\CV-Berkah-Fabrikasi-Besi\\vendor\\laravel\\framework\\src\\Illuminate\\View\\Middleware\\ShareErrorsFromSession.php(48): Illuminate\\Pipeline\\Pipeline->Illuminate\\Pipeline\\{closure}(Object(Illuminate\\Http\\Request))\n#25 C:\\laragon\\www\\CV-Berkah-Fabrikasi-Besi\\vendor\\laravel\\framework\\src\\Illuminate\\Pipeline\\Pipeline.php(219): Illuminate\\View\\Middleware\\ShareErrorsFromSession->handle(Object(Illuminate\\Http\\Request), Object(Closure))\n#26 C:\\laragon\\www\\CV-Berkah-Fabrikasi-Besi\\vendor\\laravel\\framework\\src\\Illuminate\\Session\\Middleware\\StartSession.php(120): Illuminate\\Pipeline\\Pipeline->Illuminate\\Pipeline\\{closure}(Object(Illuminate\\Http\\Request))\n#27 C:\\laragon\\www\\CV-Berkah-Fabrikasi-Besi\\vendor\\laravel\\framework\\src\\Illuminate\\Session\\Middleware\\StartSession.php(63): Illuminate\\Session\\Middleware\\StartSession->handleStatefulRequest(Object(Illuminate\\Http\\Request), Object(Illuminate\\Session\\Store), Object(Closure))\n#28 C:\\laragon\\www\\CV-Berkah-Fabrikasi-Besi\\vendor\\laravel\\framework\\src\\Illuminate\\Pipeline\\Pipeline.php(219): Illuminate\\Session\\Middleware\\StartSession->handle(Object(Illuminate\\Http\\Request), Object(Closure))\n#29 C:\\laragon\\www\\CV-Berkah-Fabrikasi-Besi\\vendor\\laravel\\framework\\src\\Illuminate\\Cookie\\Middleware\\AddQueuedCookiesToResponse.php(36): Illuminate\\Pipeline\\Pipeline->Illuminate\\Pipeline\\{closure}(Object(Illuminate\\Http\\Request))\n#30 C:\\laragon\\www\\CV-Berkah-Fabrikasi-Besi\\vendor\\laravel\\framework\\src\\Illuminate\\Pipeline\\Pipeline.php(219): Illuminate\\Cookie\\Middleware\\AddQueuedCookiesToResponse->handle(Object(Illuminate\\Http\\Request), Object(Closure))\n#31 C:\\laragon\\www\\CV-Berkah-Fabrikasi-Besi\\vendor\\laravel\\framework\\src\\Illuminate\\Cookie\\Middleware\\EncryptCookies.php(74): Illuminate\\Pipeline\\Pipeline->Illuminate\\Pipeline\\{closure}(Object(Illuminate\\Http\\Request))\n#32 C:\\laragon\\www\\CV-Berkah-Fabrikasi-Besi\\vendor\\laravel\\framework\\src\\Illuminate\\Pipeline\\Pipeline.php(219): Illuminate\\Cookie\\Middleware\\EncryptCookies->handle(Object(Illuminate\\Http\\Request), Object(Closure))\n#33 C:\\laragon\\www\\CV-Berkah-Fabrikasi-Besi\\vendor\\laravel\\framework\\src\\Illuminate\\Pipeline\\Pipeline.php(137): Illuminate\\Pipeline\\Pipeline->Illuminate\\Pipeline\\{closure}(Object(Illuminate\\Http\\Request))\n#34 C:\\laragon\\www\\CV-Berkah-Fabrikasi-Besi\\vendor\\laravel\\framework\\src\\Illuminate\\Routing\\Router.php(821): Illuminate\\Pipeline\\Pipeline->then(Object(Closure))\n#35 C:\\laragon\\www\\CV-Berkah-Fabrikasi-Besi\\vendor\\laravel\\framework\\src\\Illuminate\\Routing\\Router.php(800): Illuminate\\Routing\\Router->runRouteWithinStack(Object(Illuminate\\Routing\\Route), Object(Illuminate\\Http\\Request))\n#36 C:\\laragon\\www\\CV-Berkah-Fabrikasi-Besi\\vendor\\laravel\\framework\\src\\Illuminate\\Routing\\Router.php(764): Illuminate\\Routing\\Router->runRoute(Object(Illuminate\\Http\\Request), Object(Illuminate\\Routing\\Route))\n#37 C:\\laragon\\www\\CV-Berkah-Fabrikasi-Besi\\vendor\\laravel\\framework\\src\\Illuminate\\Routing\\Router.php(753): Illuminate\\Routing\\Router->dispatchToRoute(Object(Illuminate\\Http\\Request))\n#38 C:\\laragon\\www\\CV-Berkah-Fabrikasi-Besi\\vendor\\laravel\\framework\\src\\Illuminate\\Foundation\\Http\\Kernel.php(200): Illuminate\\Routing\\Router->dispatch(Object(Illuminate\\Http\\Request))\n#39 C:\\laragon\\www\\CV-Berkah-Fabrikasi-Besi\\vendor\\laravel\\framework\\src\\Illuminate\\Pipeline\\Pipeline.php(180): Illuminate\\Foundation\\Http\\Kernel->Illuminate\\Foundation\\Http\\{closure}(Object(Illuminate\\Http\\Request))\n#40 C:\\laragon\\www\\CV-Berkah-Fabrikasi-Besi\\vendor\\laravel\\framework\\src\\Illuminate\\Foundation\\Http\\Middleware\\TransformsRequest.php(21): Illuminate\\Pipeline\\Pipeline->Illuminate\\Pipeline\\{closure}(Object(Illuminate\\Http\\Request))\n#41 C:\\laragon\\www\\CV-Berkah-Fabrikasi-Besi\\vendor\\laravel\\framework\\src\\Illuminate\\Foundation\\Http\\Middleware\\ConvertEmptyStringsToNull.php(31): Illuminate\\Foundation\\Http\\Middleware\\TransformsRequest->handle(Object(Illuminate\\Http\\Request), Object(Closure))\n#42 C:\\laragon\\www\\CV-Berkah-Fabrikasi-Besi\\vendor\\laravel\\framework\\src\\Illuminate\\Pipeline\\Pipeline.php(219): Illuminate\\Foundation\\Http\\Middleware\\ConvertEmptyStringsToNull->handle(Object(Illuminate\\Http\\Request), Object(Closure))\n#43 C:\\laragon\\www\\CV-Berkah-Fabrikasi-Besi\\vendor\\laravel\\framework\\src\\Illuminate\\Foundation\\Http\\Middleware\\TransformsRequest.php(21): Illuminate\\Pipeline\\Pipeline->Illuminate\\Pipeline\\{closure}(Object(Illuminate\\Http\\Request))\n#44 C:\\laragon\\www\\CV-Berkah-Fabrikasi-Besi\\vendor\\laravel\\framework\\src\\Illuminate\\Foundation\\Http\\Middleware\\TrimStrings.php(51): Illuminate\\Foundation\\Http\\Middleware\\TransformsRequest->handle(Object(Illuminate\\Http\\Request), Object(Closure))\n#45 C:\\laragon\\www\\CV-Berkah-Fabrikasi-Besi\\vendor\\laravel\\framework\\src\\Illuminate\\Pipeline\\Pipeline.php(219): Illuminate\\Foundation\\Http\\Middleware\\TrimStrings->handle(Object(Illuminate\\Http\\Request), Object(Closure))\n#46 C:\\laragon\\www\\CV-Berkah-Fabrikasi-Besi\\vendor\\laravel\\framework\\src\\Illuminate\\Http\\Middleware\\ValidatePostSize.php(27): Illuminate\\Pipeline\\Pipeline->Illuminate\\Pipeline\\{closure}(Object(Illuminate\\Http\\Request))\n#47 C:\\laragon\\www\\CV-Berkah-Fabrikasi-Besi\\vendor\\laravel\\framework\\src\\Illuminate\\Pipeline\\Pipeline.php(219): Illuminate\\Http\\Middleware\\ValidatePostSize->handle(Object(Illuminate\\Http\\Request), Object(Closure))\n#48 C:\\laragon\\www\\CV-Berkah-Fabrikasi-Besi\\vendor\\laravel\\framework\\src\\Illuminate\\Foundation\\Http\\Middleware\\PreventRequestsDuringMaintenance.php(109): Illuminate\\Pipeline\\Pipeline->Illuminate\\Pipeline\\{closure}(Object(Illuminate\\Http\\Request))\n#49 C:\\laragon\\www\\CV-Berkah-Fabrikasi-Besi\\vendor\\laravel\\framework\\src\\Illuminate\\Pipeline\\Pipeline.php(219): Illuminate\\Foundation\\Http\\Middleware\\PreventRequestsDuringMaintenance->handle(Object(Illuminate\\Http\\Request), Object(Closure))\n#50 C:\\laragon\\www\\CV-Berkah-Fabrikasi-Besi\\vendor\\laravel\\framework\\src\\Illuminate\\Http\\Middleware\\HandleCors.php(61): Illuminate\\Pipeline\\Pipeline->Illuminate\\Pipeline\\{closure}(Object(Illuminate\\Http\\Request))\n#51 C:\\laragon\\www\\CV-Berkah-Fabrikasi-Besi\\vendor\\laravel\\framework\\src\\Illuminate\\Pipeline\\Pipeline.php(219): Illuminate\\Http\\Middleware\\HandleCors->handle(Object(Illuminate\\Http\\Request), Object(Closure))\n#52 C:\\laragon\\www\\CV-Berkah-Fabrikasi-Besi\\vendor\\laravel\\framework\\src\\Illuminate\\Http\\Middleware\\TrustProxies.php(58): Illuminate\\Pipeline\\Pipeline->Illuminate\\Pipeline\\{closure}(Object(Illuminate\\Http\\Request))\n#53 C:\\laragon\\www\\CV-Berkah-Fabrikasi-Besi\\vendor\\laravel\\framework\\src\\Illuminate\\Pipeline\\Pipeline.php(219): Illuminate\\Http\\Middleware\\TrustProxies->handle(Object(Illuminate\\Http\\Request), Object(Closure))\n#54 C:\\laragon\\www\\CV-Berkah-Fabrikasi-Besi\\vendor\\laravel\\framework\\src\\Illuminate\\Foundation\\Http\\Middleware\\InvokeDeferredCallbacks.php(22): Illuminate\\Pipeline\\Pipeline->Illuminate\\Pipeline\\{closure}(Object(Illuminate\\Http\\Request))\n#55 C:\\laragon\\www\\CV-Berkah-Fabrikasi-Besi\\vendor\\laravel\\framework\\src\\Illuminate\\Pipeline\\Pipeline.php(219): Illuminate\\Foundation\\Http\\Middleware\\InvokeDeferredCallbacks->handle(Object(Illuminate\\Http\\Request), Object(Closure))\n#56 C:\\laragon\\www\\CV-Berkah-Fabrikasi-Besi\\vendor\\laravel\\framework\\src\\Illuminate\\Http\\Middleware\\ValidatePathEncoding.php(28): Illuminate\\Pipeline\\Pipeline->Illuminate\\Pipeline\\{closure}(Object(Illuminate\\Http\\Request))\n#57 C:\\laragon\\www\\CV-Berkah-Fabrikasi-Besi\\vendor\\laravel\\framework\\src\\Illuminate\\Pipeline\\Pipeline.php(219): Illuminate\\Http\\Middleware\\ValidatePathEncoding->handle(Object(Illuminate\\Http\\Request), Object(Closure))\n#58 C:\\laragon\\www\\CV-Berkah-Fabrikasi-Besi\\vendor\\laravel\\framework\\src\\Illuminate\\Pipeline\\Pipeline.php(137): Illuminate\\Pipeline\\Pipeline->Illuminate\\Pipeline\\{closure}(Object(Illuminate\\Http\\Request))\n#59 C:\\laragon\\www\\CV-Berkah-Fabrikasi-Besi\\vendor\\laravel\\framework\\src\\Illuminate\\Foundation\\Http\\Kernel.php(175): Illuminate\\Pipeline\\Pipeline->then(Object(Closure))\n#60 C:\\laragon\\www\\CV-Berkah-Fabrikasi-Besi\\vendor\\laravel\\framework\\src\\Illuminate\\Foundation\\Http\\Kernel.php(144): Illuminate\\Foundation\\Http\\Kernel->sendRequestThroughRouter(Object(Illuminate\\Http\\Request))\n#61 C:\\laragon\\www\\CV-Berkah-Fabrikasi-Besi\\vendor\\laravel\\framework\\src\\Illuminate\\Foundation\\Testing\\Concerns\\MakesHttpRequests.php(638): Illuminate\\Foundation\\Http\\Kernel->handle(Object(Illuminate\\Http\\Request))\n#62 C:\\laragon\\www\\CV-Berkah-Fabrikasi-Besi\\vendor\\laravel\\framework\\src\\Illuminate\\Foundation\\Testing\\Concerns\\MakesHttpRequests.php(368): Illuminate\\Foundation\\Testing\\TestCase->call('GET', '/', Array, Array, Array, Array)\n#63 C:\\laragon\\www\\CV-Berkah-Fabrikasi-Besi\\tests\\Feature\\PublicTest.php(11): Illuminate\\Foundation\\Testing\\TestCase->get('/')\n#64 C:\\laragon\\www\\CV-Berkah-Fabrikasi-Besi\\vendor\\phpunit\\phpunit\\src\\Framework\\TestCase.php(1318): Tests\\Feature\\PublicTest->test_home_page_returns_a_successful_response()\n#65 C:\\laragon\\www\\CV-Berkah-Fabrikasi-Besi\\vendor\\phpunit\\phpunit\\src\\Framework\\TestCase.php(1355): PHPUnit\\Framework\\TestCase->invokeTestMethod('test_home_page_..', Array)\n#66 C:\\laragon\\www\\CV-Berkah-Fabrikasi-Besi\\vendor\\phpunit\\phpunit\\src\\Framework\\TestCase.php(521): PHPUnit\\Framework\\TestCase->runTest()\n#67 C:\\laragon\\www\\CV-Berkah-Fabrikasi-Besi\\vendor\\phpunit\\phpunit\\src\\Framework\\TestRunner\\TestRunner.php(99): PHPUnit\\Framework\\TestCase->runBare()\n#68 C:\\laragon\\www\\CV-Berkah-Fabrikasi-Besi\\vendor\\phpunit\\phpunit\\src\\Framework\\TestCase.php(361): PHPUnit\\Framework\\TestRunner->run(Object(Tests\\Feature\\PublicTest))\n#69 C:\\laragon\\www\\CV-Berkah-Fabrikasi-Besi\\vendor\\phpunit\\phpunit\\src\\Framework\\TestSuite.php(374): PHPUnit\\Framework\\TestCase->run()\n#70 C:\\laragon\\www\\CV-Berkah-Fabrikasi-Besi\\vendor\\phpunit\\phpunit\\src\\Framework\\TestSuite.php(374): PHPUnit\\Framework\\TestSuite->run()\n#71 C:\\laragon\\www\\CV-Berkah-Fabrikasi-Besi\\vendor\\phpunit\\phpunit\\src\\Framework\\TestSuite.php(374): PHPUnit\\Framework\\TestSuite->run()\n#72 C:\\laragon\\www\\CV-Berkah-Fabrikasi-Besi\\vendor\\phpunit\\phpunit\\src\\TextUI\\TestRunner.php(64): PHPUnit\\Framework\\TestSuite->run()\n#73 C:\\laragon\\www\\CV-Berkah-Fabrikasi-Besi\\vendor\\phpunit\\phpunit\\src\\TextUI\\Application.php(229): PHPUnit\\TextUI\\TestRunner->run(Object(PHPUnit\\TextUI\\Configuration\\Configuration), Object(PHPUnit\\Runner\\ResultCache\\DefaultResultCache), Object(PHPUnit\\Framework\\TestSuite))\n#74 C:\\laragon\\www\\CV-Berkah-Fabrikasi-Besi\\vendor\\phpunit\\phpunit\\phpunit(104): PHPUnit\\TextUI\\Application->run(Array)\n#75 {main}\n\nNext Illuminate\\Database\\QueryException: SQLSTATE[HY000]: General error: 1 no such table: settings (Connection: sqlite, Database: :memory:, SQL: select * from \"settings\" limit 1) in C:\\laragon\\www\\CV-Berkah-Fabrikasi-Besi\\vendor\\laravel\\framework\\src\\Illuminate\\Database\\Connection.php:857\nStack trace:\n#0 C:\\laragon\\www\\CV-Berkah-Fabrikasi-Besi\\vendor\\laravel\\framework\\src\\Illuminate\\Database\\Connection.php(813): Illuminate\\Database\\Connection->runQueryCallback('select * from \"..', Array, Object(Closure))\n#1 C:\\laragon\\www\\CV-Berkah-Fabrikasi-Besi\\vendor\\laravel\\framework\\src\\Illuminate\\Database\\Connection.php(426): Illuminate\\Database\\Connection->run('select * from \"..', Array, Object(Closure))\n#2 C:\\laragon\\www\\CV-Berkah-Fabrikasi-Besi\\vendor\\laravel\\framework\\src\\Illuminate\\Database\\Query\\Builder.php(3573): Illuminate\\Database\\Connection->select('select * from \"..', Array, true, Array)\n#3 C:\\laragon\\www\\CV-Berkah-Fabrikasi-Besi\\vendor\\laravel\\framework\\src\\Illuminate\\Database\\Query\\Builder.php(3557): Illuminate\\Database\\Query\\Builder->runSelect()\n#4 C:\\laragon\\www\\CV-Berkah-Fabrikasi-Besi\\vendor\\laravel\\framework\\src\\Illuminate\\Database\\Eloquent\\Builder.php(908): Illuminate\\Database\\Query\\Builder->get(Array)\n#5 C:\\laragon\\www\\CV-Berkah-Fabrikasi-Besi\\vendor\\laravel\\framework\\src\\Illuminate\\Database\\Eloquent\\Builder.php(890): Illuminate\\Database\\Eloquent\\Builder->getModels(Array)\n#6 C:\\laragon\\www\\CV-Berkah-Fabrikasi-Besi\\vendor\\laravel\\framework\\src\\Illuminate\\Database\\Concerns\\BuildsQueries.php(366): Illuminate\\Database\\Eloquent\\Builder->get(Array)\n#7 C:\\laragon\\www\\CV-Berkah-Fabrikasi-Besi\\vendor\\laravel\\framework\\src\\Illuminate\\Database\\Eloquent\\Builder.php(712): Illuminate\\Database\\Eloquent\\Builder->first()\n#8 C:\\laragon\\www\\CV-Berkah-Fabrikasi-Besi\\vendor\\laravel\\framework\\src\\Illuminate\\Support\\Traits\\ForwardsCalls.php(23): Illuminate\\Database\\Eloquent\\Builder->firstOrCreate(Array, Array)\n#9 C:\\laragon\\www\\CV-Berkah-Fabrikasi-Besi\\vendor\\laravel\\framework\\src\\Illuminate\\Database\\Eloquent\\Model.php(2831): Illuminate\\Database\\Eloquent\\Model->forwardCallTo(Object(Illuminate\\Database\\Eloquent\\Builder), 'firstOrCreate', Array)\n#10 C:\\laragon\\www\\CV-Berkah-Fabrikasi-Besi\\vendor\\laravel\\framework\\src\\Illuminate\\Database\\Eloquent\\Model.php(2847): Illuminate\\Database\\Eloquent\\Model->__call('firstOrCreate', Array)\n#11 C:\\laragon\\www\\CV-Berkah-Fabrikasi-Besi\\app\\Models\\Setting.php(22): Illuminate\\Database\\Eloquent\\Model::__callStatic('firstOrCreate', Array)\n#12 C:\\laragon\\www\\CV-Berkah-Fabrikasi-Besi\\app\\Http\\Controllers\\HomeController.php(14): App\\Models\\Setting::getSetting()\n#13 C:\\laragon\\www\\CV-Berkah-Fabrikasi-Besi\\vendor\\laravel\\framework\\src\\Illuminate\\Routing\\ControllerDispatcher.php(46): App\\Http\\Controllers\\HomeController->index()\n#14 C:\\laragon\\www\\CV-Berkah-Fabrikasi-Besi\\vendor\\laravel\\framework\\src\\Illuminate\\Routing\\Route.php(276): Illuminate\\Routing\\ControllerDispatcher->dispatch(Object(Illuminate\\Routing\\Route), Object(App\\Http\\Controllers\\HomeController), 'index')\n#15 C:\\laragon\\www\\CV-Berkah-Fabrikasi-Besi\\vendor\\laravel\\framework\\src\\Illuminate\\Routing\\Route.php(216): Illuminate\\Routing\\Route->runController()\n#16 C:\\laragon\\www\\CV-Berkah-Fabrikasi-Besi\\vendor\\laravel\\framework\\src\\Illuminate\\Routing\\Router.php(822): Illuminate\\Routing\\Route->run()\n#17 C:\\laragon\\www\\CV-Berkah-Fabrikasi-Besi\\vendor\\laravel\\framework\\src\\Illuminate\\Pipeline\\Pipeline.php(180): Illuminate\\Routing\\Router->Illuminate\\Routing\\{closure}(Object(Illuminate\\Http\\Request))\n#18 C:\\laragon\\www\\CV-Berkah-Fabrikasi-Besi\\vendor\\laravel\\framework\\src\\Illuminate\\Routing\\Middleware\\SubstituteBindings.php(52): Illuminate\\Pipeline\\Pipeline->Illuminate\\Pipeline\\{closure}(Object(Illuminate\\Http\\Request))\n#19 C:\\laragon\\www\\CV-Berkah-Fabrikasi-Besi\\vendor\\laravel\\framework\\src\\Illuminate\\Pipeline\\Pipeline.php(219): Illuminate\\Routing\\Middleware\\SubstituteBindings->handle(Object(Illuminate\\Http\\Request), Object(Closure))\n#20 C:\\laragon\\www\\CV-Berkah-Fabrikasi-Besi\\vendor\\laravel\\framework\\src\\Illuminate\\Foundation\\Http\\Middleware\\PreventRequestForgery.php(104): Illuminate\\Pipeline\\Pipeline->Illuminate\\Pipeline\\{closure}(Object(Illuminate\\Http\\Request))\n#21 C:\\laragon\\www\\CV-Berkah-Fabrikasi-Besi\\vendor\\laravel\\framework\\src\\Illuminate\\Pipeline\\Pipeline.php(219): Illuminate\\Foundation\\Http\\Middleware\\PreventRequestForgery->handle(Object(Illuminate\\Http\\Request), Object(Closure))\n#22 C:\\laragon\\www\\CV-Berkah-Fabrikasi-Besi\\vendor\\laravel\\framework\\src\\Illuminate\\View\\Middleware\\ShareErrorsFromSession.php(48): Illuminate\\Pipeline\\Pipeline->Illuminate\\Pipeline\\{closure}(Object(Illuminate\\Http\\Request))\n#23 C:\\laragon\\www\\CV-Berkah-Fabrikasi-Besi\\vendor\\laravel\\framework\\src\\Illuminate\\Pipeline\\Pipeline.php(219): Illuminate\\View\\Middleware\\ShareErrorsFromSession->handle(Object(Illuminate\\Http\\Request), Object(Closure))\n#24 C:\\laragon\\www\\CV-Berkah-Fabrikasi-Besi\\vendor\\laravel\\framework\\src\\Illuminate\\Session\\Middleware\\StartSession.php(120): Illuminate\\Pipeline\\Pipeline->Illuminate\\Pipeline\\{closure}(Object(Illuminate\\Http\\Request))\n#25 C:\\laragon\\www\\CV-Berkah-Fabrikasi-Besi\\vendor\\laravel\\framework\\src\\Illuminate\\Session\\Middleware\\StartSession.php(63): Illuminate\\Session\\Middleware\\StartSession->handleStatefulRequest(Object(Illuminate\\Http\\Request), Object(Illuminate\\Session\\Store), Object(Closure))\n#26 C:\\laragon\\www\\CV-Berkah-Fabrikasi-Besi\\vendor\\laravel\\framework\\src\\Illuminate\\Pipeline\\Pipeline.php(219): Illuminate\\Session\\Middleware\\StartSession->handle(Object(Illuminate\\Http\\Request), Object(Closure))\n#27 C:\\laragon\\www\\CV-Berkah-Fabrikasi-Besi\\vendor\\laravel\\framework\\src\\Illuminate\\Cookie\\Middleware\\AddQueuedCookiesToResponse.php(36): Illuminate\\Pipeline\\Pipeline->Illuminate\\Pipeline\\{closure}(Object(Illuminate\\Http\\Request))\n#28 C:\\laragon\\www\\CV-Berkah-Fabrikasi-Besi\\vendor\\laravel\\framework\\src\\Illuminate\\Pipeline\\Pipeline.php(219): Illuminate\\Cookie\\Middleware\\AddQueuedCookiesToResponse->handle(Object(Illuminate\\Http\\Request), Object(Closure))\n#29 C:\\laragon\\www\\CV-Berkah-Fabrikasi-Besi\\vendor\\laravel\\framework\\src\\Illuminate\\Cookie\\Middleware\\EncryptCookies.php(74): Illuminate\\Pipeline\\Pipeline->Illuminate\\Pipeline\\{closure}(Object(Illuminate\\Http\\Request))\n#30 C:\\laragon\\www\\CV-Berkah-Fabrikasi-Besi\\vendor\\laravel\\framework\\src\\Illuminate\\Pipeline\\Pipeline.php(219): Illuminate\\Cookie\\Middleware\\EncryptCookies->handle(Object(Illuminate\\Http\\Request), Object(Closure))\n#31 C:\\laragon\\www\\CV-Berkah-Fabrikasi-Besi\\vendor\\laravel\\framework\\src\\Illuminate\\Pipeline\\Pipeline.php(137): Illuminate\\Pipeline\\Pipeline->Illuminate\\Pipeline\\{closure}(Object(Illuminate\\Http\\Request))\n#32 C:\\laragon\\www\\CV-Berkah-Fabrikasi-Besi\\vendor\\laravel\\framework\\src\\Illuminate\\Routing\\Router.php(821): Illuminate\\Pipeline\\Pipeline->then(Object(Closure))\n#33 C:\\laragon\\www\\CV-Berkah-Fabrikasi-Besi\\vendor\\laravel\\framework\\src\\Illuminate\\Routing\\Router.php(800): Illuminate\\Routing\\Router->runRouteWithinStack(Object(Illuminate\\Routing\\Route), Object(Illuminate\\Http\\Request))\n#34 C:\\laragon\\www\\CV-Berkah-Fabrikasi-Besi\\vendor\\laravel\\framework\\src\\Illuminate\\Routing\\Router.php(764): Illuminate\\Routing\\Router->runRoute(Object(Illuminate\\Http\\Request), Object(Illuminate\\Routing\\Route))\n#35 C:\\laragon\\www\\CV-Berkah-Fabrikasi-Besi\\vendor\\laravel\\framework\\src\\Illuminate\\Routing\\Router.php(753): Illuminate\\Routing\\Router->dispatchToRoute(Object(Illuminate\\Http\\Request))\n#36 C:\\laragon\\www\\CV-Berkah-Fabrikasi-Besi\\vendor\\laravel\\framework\\src\\Illuminate\\Foundation\\Http\\Kernel.php(200): Illuminate\\Routing\\Router->dispatch(Object(Illuminate\\Http\\Request))\n#37 C:\\laragon\\www\\CV-Berkah-Fabrikasi-Besi\\vendor\\laravel\\framework\\src\\Illuminate\\Pipeline\\Pipeline.php(180): Illuminate\\Foundation\\Http\\Kernel->Illuminate\\Foundation\\Http\\{closure}(Object(Illuminate\\Http\\Request))\n#38 C:\\laragon\\www\\CV-Berkah-Fabrikasi-Besi\\vendor\\laravel\\framework\\src\\Illuminate\\Foundation\\Http\\Middleware\\TransformsRequest.php(21): Illuminate\\Pipeline\\Pipeline->Illuminate\\Pipeline\\{closure}(Object(Illuminate\\Http\\Request))\n#39 C:\\laragon\\www\\CV-Berkah-Fabrikasi-Besi\\vendor\\laravel\\framework\\src\\Illuminate\\Foundation\\Http\\Middleware\\ConvertEmptyStringsToNull.php(31): Illuminate\\Foundation\\Http\\Middleware\\TransformsRequest->handle(Object(Illuminate\\Http\\Request), Object(Closure))\n#40 C:\\laragon\\www\\CV-Berkah-Fabrikasi-Besi\\vendor\\laravel\\framework\\src\\Illuminate\\Pipeline\\Pipeline.php(219): Illuminate\\Foundation\\Http\\Middleware\\ConvertEmptyStringsToNull->handle(Object(Illuminate\\Http\\Request), Object(Closure))\n#41 C:\\laragon\\www\\CV-Berkah-Fabrikasi-Besi\\vendor\\laravel\\framework\\src\\Illuminate\\Foundation\\Http\\Middleware\\TransformsRequest.php(21): Illuminate\\Pipeline\\Pipeline->Illuminate\\Pipeline\\{closure}(Object(Illuminate\\Http\\Request))\n#42 C:\\laragon\\www\\CV-Berkah-Fabrikasi-Besi\\vendor\\laravel\\framework\\src\\Illuminate\\Foundation\\Http\\Middleware\\TrimStrings.php(51): Illuminate\\Foundation\\Http\\Middleware\\TransformsRequest->handle(Object(Illuminate\\Http\\Request), Object(Closure))\n#43 C:\\laragon\\www\\CV-Berkah-Fabrikasi-Besi\\vendor\\laravel\\framework\\src\\Illuminate\\Pipeline\\Pipeline.php(219): Illuminate\\Foundation\\Http\\Middleware\\TrimStrings->handle(Object(Illuminate\\Http\\Request), Object(Closure))\n#44 C:\\laragon\\www\\CV-Berkah-Fabrikasi-Besi\\vendor\\laravel\\framework\\src\\Illuminate\\Http\\Middleware\\ValidatePostSize.php(27): Illuminate\\Pipeline\\Pipeline->Illuminate\\Pipeline\\{closure}(Object(Illuminate\\Http\\Request))\n#45 C:\\laragon\\www\\CV-Berkah-Fabrikasi-Besi\\vendor\\laravel\\framework\\src\\Illuminate\\Pipeline\\Pipeline.php(219): Illuminate\\Http\\Middleware\\ValidatePostSize->handle(Object(Illuminate\\Http\\Request), Object(Closure))\n#46 C:\\laragon\\www\\CV-Berkah-Fabrikasi-Besi\\vendor\\laravel\\framework\\src\\Illuminate\\Foundation\\Http\\Middleware\\PreventRequestsDuringMaintenance.php(109): Illuminate\\Pipeline\\Pipeline->Illuminate\\Pipeline\\{closure}(Object(Illuminate\\Http\\Request))\n#47 C:\\laragon\\www\\CV-Berkah-Fabrikasi-Besi\\vendor\\laravel\\framework\\src\\Illuminate\\Pipeline\\Pipeline.php(219): Illuminate\\Foundation\\Http\\Middleware\\PreventRequestsDuringMaintenance->handle(Object(Illuminate\\Http\\Request), Object(Closure))\n#48 C:\\laragon\\www\\CV-Berkah-Fabrikasi-Besi\\vendor\\laravel\\framework\\src\\Illuminate\\Http\\Middleware\\HandleCors.php(61): Illuminate\\Pipeline\\Pipeline->Illuminate\\Pipeline\\{closure}(Object(Illuminate\\Http\\Request))\n#49 C:\\laragon\\www\\CV-Berkah-Fabrikasi-Besi\\vendor\\laravel\\framework\\src\\Illuminate\\Pipeline\\Pipeline.php(219): Illuminate\\Http\\Middleware\\HandleCors->handle(Object(Illuminate\\Http\\Request), Object(Closure))\n#50 C:\\laragon\\www\\CV-Berkah-Fabrikasi-Besi\\vendor\\laravel\\framework\\src\\Illuminate\\Http\\Middleware\\TrustProxies.php(58): Illuminate\\Pipeline\\Pipeline->Illuminate\\Pipeline\\{closure}(Object(Illuminate\\Http\\Request))\n#51 C:\\laragon\\www\\CV-Berkah-Fabrikasi-Besi\\vendor\\laravel\\framework\\src\\Illuminate\\Pipeline\\Pipeline.php(219): Illuminate\\Http\\Middleware\\TrustProxies->handle(Object(Illuminate\\Http\\Request), Object(Closure))\n#52 C:\\laragon\\www\\CV-Berkah-Fabrikasi-Besi\\vendor\\laravel\\framework\\src\\Illuminate\\Foundation\\Http\\Middleware\\InvokeDeferredCallbacks.php(22): Illuminate\\Pipeline\\Pipeline->Illuminate\\Pipeline\\{closure}(Object(Illuminate\\Http\\Request))\n#53 C:\\laragon\\www\\CV-Berkah-Fabrikasi-Besi\\vendor\\laravel\\framework\\src\\Illuminate\\Pipeline\\Pipeline.php(219): Illuminate\\Foundation\\Http\\Middleware\\InvokeDeferredCallbacks->handle(Object(Illuminate\\Http\\Request), Object(Closure))\n#54 C:\\laragon\\www\\CV-Berkah-Fabrikasi-Besi\\vendor\\laravel\\framework\\src\\Illuminate\\Http\\Middleware\\ValidatePathEncoding.php(28): Illuminate\\Pipeline\\Pipeline->Illuminate\\Pipeline\\{closure}(Object(Illuminate\\Http\\Request))\n#55 C:\\laragon\\www\\CV-Berkah-Fabrikasi-Besi\\vendor\\laravel\\framework\\src\\Illuminate\\Pipeline\\Pipeline.php(219): Illuminate\\Http\\Middleware\\ValidatePathEncoding->handle(Object(Illuminate\\Http\\Request), Object(Closure))\n#56 C:\\laragon\\www\\CV-Berkah-Fabrikasi-Besi\\vendor\\laravel\\framework\\src\\Illuminate\\Pipeline\\Pipeline.php(137): Illuminate\\Pipeline\\Pipeline->Illuminate\\Pipeline\\{closure}(Object(Illuminate\\Http\\Request))\n#57 C:\\laragon\\www\\CV-Berkah-Fabrikasi-Besi\\vendor\\laravel\\framework\\src\\Illuminate\\Foundation\\Http\\Kernel.php(175): Illuminate\\Pipeline\\Pipeline->then(Object(Closure))\n#58 C:\\laragon\\www\\CV-Berkah-Fabrikasi-Besi\\vendor\\laravel\\framework\\src\\Illuminate\\Foundation\\Http\\Kernel.php(144): Illuminate\\Foundation\\Http\\Kernel->sendRequestThroughRouter(Object(Illuminate\\Http\\Request))\n#59 C:\\laragon\\www\\CV-Berkah-Fabrikasi-Besi\\vendor\\laravel\\framework\\src\\Illuminate\\Foundation\\Testing\\Concerns\\MakesHttpRequests.php(638): Illuminate\\Foundation\\Http\\Kernel->handle(Object(Illuminate\\Http\\Request))\n#60 C:\\laragon\\www\\CV-Berkah-Fabrikasi-Besi\\vendor\\laravel\\framework\\src\\Illuminate\\Foundation\\Testing\\Concerns\\MakesHttpRequests.php(368): Illuminate\\Foundation\\Testing\\TestCase->call('GET', '/', Array, Array, Array, Array)\n#61 C:\\laragon\\www\\CV-Berkah-Fabrikasi-Besi\\tests\\Feature\\PublicTest.php(11): Illuminate\\Foundation\\Testing\\TestCase->get('/')\n#62 C:\\laragon\\www\\CV-Berkah-Fabrikasi-Besi\\vendor\\phpunit\\phpunit\\src\\Framework\\TestCase.php(1318): Tests\\Feature\\PublicTest->test_home_page_returns_a_successful_response()\n#63 C:\\laragon\\www\\CV-Berkah-Fabrikasi-Besi\\vendor\\phpunit\\phpunit\\src\\Framework\\TestCase.php(1355): PHPUnit\\Framework\\TestCase->invokeTestMethod('test_home_page_..', Array)\n#64 C:\\laragon\\www\\CV-Berkah-Fabrikasi-Besi\\vendor\\phpunit\\phpunit\\src\\Framework\\TestCase.php(521): PHPUnit\\Framework\\TestCase->runTest()\n#65 C:\\laragon\\www\\CV-Berkah-Fabrikasi-Besi\\vendor\\phpunit\\phpunit\\src\\Framework\\TestRunner\\TestRunner.php(99): PHPUnit\\Framework\\TestCase->runBare()\n#66 C:\\laragon\\www\\CV-Berkah-Fabrikasi-Besi\\vendor\\phpunit\\phpunit\\src\\Framework\\TestCase.php(361): PHPUnit\\Framework\\TestRunner->run(Object(Tests\\Feature\\PublicTest))\n#67 C:\\laragon\\www\\CV-Berkah-Fabrikasi-Besi\\vendor\\phpunit\\phpunit\\src\\Framework\\TestSuite.php(374): PHPUnit\\Framework\\TestCase->run()\n#68 C:\\laragon\\www\\CV-Berkah-Fabrikasi-Besi\\vendor\\phpunit\\phpunit\\src\\Framework\\TestSuite.php(374): PHPUnit\\Framework\\TestSuite->run()\n#69 C:\\laragon\\www\\CV-Berkah-Fabrikasi-Besi\\vendor\\phpunit\\phpunit\\src\\Framework\\TestSuite.php(374): PHPUnit\\Framework\\TestSuite->run()\n#70 C:\\laragon\\www\\CV-Berkah-Fabrikasi-Besi\\vendor\\phpunit\\phpunit\\src\\TextUI\\TestRunner.php(64): PHPUnit\\Framework\\TestSuite->run()\n#71 C:\\laragon\\www\\CV-Berkah-Fabrikasi-Besi\\vendor\\phpunit\\phpunit\\src\\TextUI\\Application.php(229): PHPUnit\\TextUI\\TestRunner->run(Object(PHPUnit\\TextUI\\Configuration\\Configuration), Object(PHPUnit\\Runner\\ResultCache\\DefaultResultCache), Object(PHPUnit\\Framework\\TestSuite))\n#72 C:\\laragon\\www\\CV-Berkah-Fabrikasi-Besi\\vendor\\phpunit\\phpunit\\phpunit(104): PHPUnit\\TextUI\\Application->run(Array)\n#73 {main}\n\n----------------------------------------------------------------------------------\n\nSQLSTATE[HY000]: General error: 1 no such table: settings (Connection: sqlite, Database: :memory:, SQL: select * from \"settings\" limit 1)"},{"test":"Tests\\Feature\\PublicTest::test_product_index_page_returns_a_successful_response","file":"C:\\laragon\\www\\CV-Berkah-Fabrikasi-Besi\\tests\\Feature\\PublicTest.php","line":15,"message":"Expected response status code [200] but received 500.\nFailed asserting that 500 is identical to 200.\r\n\r\nThe following exception occurred during the last request:\n\nPDOException: SQLSTATE[HY000]: General error: 1 no such table: products in C:\\laragon\\www\\CV-Berkah-Fabrikasi-Besi\\vendor\\laravel\\framework\\src\\Illuminate\\Database\\Connection.php:435\nStack trace:\n#0 C:\\laragon\\www\\CV-Berkah-Fabrikasi-Besi\\vendor\\laravel\\framework\\src\\Illuminate\\Database\\Connection.php(435): PDO->prepare('select count(*)..')\n#1 C:\\laragon\\www\\CV-Berkah-Fabrikasi-Besi\\vendor\\laravel\\framework\\src\\Illuminate\\Database\\Connection.php(846): Illuminate\\Database\\Connection->Illuminate\\Database\\{closure}('select count(*)..', Array)\n#2 C:\\laragon\\www\\CV-Berkah-Fabrikasi-Besi\\vendor\\laravel\\framework\\src\\Illuminate\\Database\\Connection.php(813): Illuminate\\Database\\Connection->runQueryCallback('select count(*)..', Array, Object(Closure))\n#3 C:\\laragon\\www\\CV-Berkah-Fabrikasi-Besi\\vendor\\laravel\\framework\\src\\Illuminate\\Database\\Connection.php(426): Illuminate\\Database\\Connection->run('select count(*)..', Array, Object(Closure))\n#4 C:\\laragon\\www\\CV-Berkah-Fabrikasi-Besi\\vendor\\laravel\\framework\\src\\Illuminate\\Database\\Query\\Builder.php(3573): Illuminate\\Database\\Connection->select('select count(*)..', Array, true, Array)\n#5 C:\\laragon\\www\\CV-Berkah-Fabrikasi-Besi\\vendor\\laravel\\framework\\src\\Illuminate\\Database\\Query\\Builder.php(3557): Illuminate\\Database\\Query\\Builder->runSelect()\n#6 C:\\laragon\\www\\CV-Berkah-Fabrikasi-Besi\\vendor\\laravel\\framework\\src\\Illuminate\\Database\\Query\\Builder.php(3752): Illuminate\\Database\\Query\\Builder->get()\n#7 C:\\laragon\\www\\CV-Berkah-Fabrikasi-Besi\\vendor\\laravel\\framework\\src\\Illuminate\\Database\\Query\\Builder.php(3711): Illuminate\\Database\\Query\\Builder->runPaginationCountQuery(Array)\n#8 C:\\laragon\\www\\CV-Berkah-Fabrikasi-Besi\\vendor\\laravel\\framework\\src\\Illuminate\\Database\\Eloquent\\Builder.php(1126): Illuminate\\Database\\Query\\Builder->getCountForPagination()\n#9 C:\\laragon\\www\\CV-Berkah-Fabrikasi-Besi\\app\\Http\\Controllers\\ProductController.php(35): Illuminate\\Database\\Eloquent\\Builder->paginate(12)\n#10 C:\\laragon\\www\\CV-Berkah-Fabrikasi-Besi\\vendor\\laravel\\framework\\src\\Illuminate\\Routing\\ControllerDispatcher.php(46): App\\Http\\Controllers\\ProductController->index(Object(Illuminate\\Http\\Request))\n#11 C:\\laragon\\www\\CV-Berkah-Fabrikasi-Besi\\vendor\\laravel\\framework\\src\\Illuminate\\Routing\\Route.php(276): Illuminate\\Routing\\ControllerDispatcher->dispatch(Object(Illuminate\\Routing\\Route), Object(App\\Http\\Controllers\\ProductController), 'index')\n#12 C:\\laragon\\www\\CV-Berkah-Fabrikasi-Besi\\vendor\\laravel\\framework\\src\\Illuminate\\Routing\\Route.php(216): Illuminate\\Routing\\Route->runController()\n#13 C:\\laragon\\www\\CV-Berkah-Fabrikasi-Besi\\vendor\\laravel\\framework\\src\\Illuminate\\Routing\\Router.php(822): Illuminate\\Routing\\Route->run()\n#14 C:\\laragon\\www\\CV-Berkah-Fabrikasi-Besi\\vendor\\laravel\\framework\\src\\Illuminate\\Pipeline\\Pipeline.php(180): Illuminate\\Routing\\Router->Illuminate\\Routing\\{closure}(Object(Illuminate\\Http\\Request))\n#15 C:\\laragon\\www\\CV-Berkah-Fabrikasi-Besi\\vendor\\laravel\\framework\\src\\Illuminate\\Routing\\Middleware\\SubstituteBindings.php(52): Illuminate\\Pipeline\\Pipeline->Illuminate\\Pipeline\\{closure}(Object(Illuminate\\Http\\Request))\n#16 C:\\laragon\\www\\CV-Berkah-Fabrikasi-Besi\\vendor\\laravel\\framework\\src\\Illuminate\\Pipeline\\Pipeline.php(219): Illuminate\\Routing\\Middleware\\SubstituteBindings->handle(Object(Illuminate\\Http\\Request), Object(Closure))\n#17 C:\\laragon\\www\\CV-Berkah-Fabrikasi-Besi\\vendor\\laravel\\framework\\src\\Illuminate\\Foundation\\Http\\Middleware\\PreventRequestForgery.php(104): Illuminate\\Pipeline\\Pipeline->Illuminate\\Pipeline\\{closure}(Object(Illuminate\\Http\\Request))\n#18 C:\\laragon\\www\\CV-Berkah-Fabrikasi-Besi\\vendor\\laravel\\framework\\src\\Illuminate\\Pipeline\\Pipeline.php(219): Illuminate\\Foundation\\Http\\Middleware\\PreventRequestForgery->handle(Object(Illuminate\\Http\\Request), Object(Closure))\n#19 C:\\laragon\\www\\CV-Berkah-Fabrikasi-Besi\\vendor\\laravel\\framework\\src\\Illuminate\\View\\Middleware\\ShareErrorsFromSession.php(48): Illuminate\\Pipeline\\Pipeline->Illuminate\\Pipeline\\{closure}(Object(Illuminate\\Http\\Request))\n#20 C:\\laragon\\www\\CV-Berkah-Fabrikasi-Besi\\vendor\\laravel\\framework\\src\\Illuminate\\Pipeline\\Pipeline.php(219): Illuminate\\View\\Middleware\\ShareErrorsFromSession->handle(Object(Illuminate\\Http\\Request), Object(Closure))\n#21 C:\\laragon\\www\\CV-Berkah-Fabrikasi-Besi\\vendor\\laravel\\framework\\src\\Illuminate\\Session\\Middleware\\StartSession.php(120): Illuminate\\Pipeline\\Pipeline->Illuminate\\Pipeline\\{closure}(Object(Illuminate\\Http\\Request))\n#22 C:\\laragon\\www\\CV-Berkah-Fabrikasi-Besi\\vendor\\laravel\\framework\\src\\Illuminate\\Session\\Middleware\\StartSession.php(63): Illuminate\\Session\\Middleware\\StartSession->handleStatefulRequest(Object(Illuminate\\Http\\Request), Object(Illuminate\\Session\\Store), Object(Closure))\n#23 C:\\laragon\\www\\CV-Berkah-Fabrikasi-Besi\\vendor\\laravel\\framework\\src\\Illuminate\\Pipeline\\Pipeline.php(219): Illuminate\\Session\\Middleware\\StartSession->handle(Object(Illuminate\\Http\\Request), Object(Closure))\n#24 C:\\laragon\\www\\CV-Berkah-Fabrikasi-Besi\\vendor\\laravel\\framework\\src\\Illuminate\\Cookie\\Middleware\\AddQueuedCookiesToResponse.php(36): Illuminate\\Pipeline\\Pipeline->Illuminate\\Pipeline\\{closure}(Object(Illuminate\\Http\\Request))\n#25 C:\\laragon\\www\\CV-Berkah-Fabrikasi-Besi\\vendor\\laravel\\framework\\src\\Illuminate\\Pipeline\\Pipeline.php(219): Illuminate\\Cookie\\Middleware\\AddQueuedCookiesToResponse->handle(Object(Illuminate\\Http\\Request), Object(Closure))\n#26 C:\\laragon\\www\\CV-Berkah-Fabrikasi-Besi\\vendor\\laravel\\framework\\src\\Illuminate\\Cookie\\Middleware\\EncryptCookies.php(74): Illuminate\\Pipeline\\Pipeline->Illuminate\\Pipeline\\{closure}(Object(Illuminate\\Http\\Request))\n#27 C:\\laragon\\www\\CV-Berkah-Fabrikasi-Besi\\vendor\\laravel\\framework\\src\\Illuminate\\Pipeline\\Pipeline.php(219): Illuminate\\Cookie\\Middleware\\EncryptCookies->handle(Object(Illuminate\\Http\\Request), Object(Closure))\n#28 C:\\laragon\\www\\CV-Berkah-Fabrikasi-Besi\\vendor\\laravel\\framework\\src\\Illuminate\\Pipeline\\Pipeline.php(137): Illuminate\\Pipeline\\Pipeline->Illuminate\\Pipeline\\{closure}(Object(Illuminate\\Http\\Request))\n#29 C:\\laragon\\www\\CV-Berkah-Fabrikasi-Besi\\vendor\\laravel\\framework\\src\\Illuminate\\Routing\\Router.php(821): Illuminate\\Pipeline\\Pipeline->then(Object(Closure))\n#30 C:\\laragon\\www\\CV-Berkah-Fabrikasi-Besi\\vendor\\laravel\\framework\\src\\Illuminate\\Routing\\Router.php(800): Illuminate\\Routing\\Router->runRouteWithinStack(Object(Illuminate\\Routing\\Route), Object(Illuminate\\Http\\Request))\n#31 C:\\laragon\\www\\CV-Berkah-Fabrikasi-Besi\\vendor\\laravel\\framework\\src\\Illuminate\\Routing\\Router.php(764): Illuminate\\Routing\\Router->runRoute(Object(Illuminate\\Http\\Request), Object(Illuminate\\Routing\\Route))\n#32 C:\\laragon\\www\\CV-Berkah-Fabrikasi-Besi\\vendor\\laravel\\framework\\src\\Illuminate\\Routing\\Router.php(753): Illuminate\\Routing\\Router->dispatchToRoute(Object(Illuminate\\Http\\Request))\n#33 C:\\laragon\\www\\CV-Berkah-Fabrikasi-Besi\\vendor\\laravel\\framework\\src\\Illuminate\\Foundation\\Http\\Kernel.php(200): Illuminate\\Routing\\Router->dispatch(Object(Illuminate\\Http\\Request))\n#34 C:\\laragon\\www\\CV-Berkah-Fabrikasi-Besi\\vendor\\laravel\\framework\\src\\Illuminate\\Pipeline\\Pipeline.php(180): Illuminate\\Foundation\\Http\\Kernel->Illuminate\\Foundation\\Http\\{closure}(Object(Illuminate\\Http\\Request))\n#35 C:\\laragon\\www\\CV-Berkah-Fabrikasi-Besi\\vendor\\laravel\\framework\\src\\Illuminate\\Foundation\\Http\\Middleware\\TransformsRequest.php(21): Illuminate\\Pipeline\\Pipeline->Illuminate\\Pipeline\\{closure}(Object(Illuminate\\Http\\Request))\n#36 C:\\laragon\\www\\CV-Berkah-Fabrikasi-Besi\\vendor\\laravel\\framework\\src\\Illuminate\\Foundation\\Http\\Middleware\\ConvertEmptyStringsToNull.php(31): Illuminate\\Foundation\\Http\\Middleware\\TransformsRequest->handle(Object(Illuminate\\Http\\Request), Object(Closure))\n#37 C:\\laragon\\www\\CV-Berkah-Fabrikasi-Besi\\vendor\\laravel\\framework\\src\\Illuminate\\Pipeline\\Pipeline.php(219): Illuminate\\Foundation\\Http\\Middleware\\ConvertEmptyStringsToNull->handle(Object(Illuminate\\Http\\Request), Object(Closure))\n#38 C:\\laragon\\www\\CV-Berkah-Fabrikasi-Besi\\vendor\\laravel\\framework\\src\\Illuminate\\Foundation\\Http\\Middleware\\TransformsRequest.php(21): Illuminate\\Pipeline\\Pipeline->Illuminate\\Pipeline\\{closure}(Object(Illuminate\\Http\\Request))\n#39 C:\\laragon\\www\\CV-Berkah-Fabrikasi-Besi\\vendor\\laravel\\framework\\src\\Illuminate\\Foundation\\Http\\Middleware\\TrimStrings.php(51): Illuminate\\Foundation\\Http\\Middleware\\TransformsRequest->handle(Object(Illuminate\\Http\\Request), Object(Closure))\n#40 C:\\laragon\\www\\CV-Berkah-Fabrikasi-Besi\\vendor\\laravel\\framework\\src\\Illuminate\\Pipeline\\Pipeline.php(219): Illuminate\\Foundation\\Http\\Middleware\\TrimStrings->handle(Object(Illuminate\\Http\\Request), Object(Closure))\n#41 C:\\laragon\\www\\CV-Berkah-Fabrikasi-Besi\\vendor\\laravel\\framework\\src\\Illuminate\\Http\\Middleware\\ValidatePostSize.php(27): Illuminate\\Pipeline\\Pipeline->Illuminate\\Pipeline\\{closure}(Object(Illuminate\\Http\\Request))\n#42 C:\\laragon\\www\\CV-Berkah-Fabrikasi-Besi\\vendor\\laravel\\framework\\src\\Illuminate\\Pipeline\\Pipeline.php(219): Illuminate\\Http\\Middleware\\ValidatePostSize->handle(Object(Illuminate\\Http\\Request), Object(Closure))\n#43 C:\\laragon\\www\\CV-Berkah-Fabrikasi-Besi\\vendor\\laravel\\framework\\src\\Illuminate\\Foundation\\Http\\Middleware\\PreventRequestsDuringMaintenance.php(109): Illuminate\\Pipeline\\Pipeline->Illuminate\\Pipeline\\{closure}(Object(Illuminate\\Http\\Request))\n#44 C:\\laragon\\www\\CV-Berkah-Fabrikasi-Besi\\vendor\\laravel\\framework\\src\\Illuminate\\Pipeline\\Pipeline.php(219): Illuminate\\Foundation\\Http\\Middleware\\PreventRequestsDuringMaintenance->handle(Object(Illuminate\\Http\\Request), Object(Closure))\n#45 C:\\laragon\\www\\CV-Berkah-Fabrikasi-Besi\\vendor\\laravel\\framework\\src\\Illuminate\\Http\\Middleware\\HandleCors.php(61): Illuminate\\Pipeline\\Pipeline->Illuminate\\Pipeline\\{closure}(Object(Illuminate\\Http\\Request))\n#46 C:\\laragon\\www\\CV-Berkah-Fabrikasi-Besi\\vendor\\laravel\\framework\\src\\Illuminate\\Pipeline\\Pipeline.php(219): Illuminate\\Http\\Middleware\\HandleCors->handle(Object(Illuminate\\Http\\Request), Object(Closure))\n#47 C:\\laragon\\www\\CV-Berkah-Fabrikasi-Besi\\vendor\\laravel\\framework\\src\\Illuminate\\Http\\Middleware\\TrustProxies.php(58): Illuminate\\Pipeline\\Pipeline->Illuminate\\Pipeline\\{closure}(Object(Illuminate\\Http\\Request))\n#48 C:\\laragon\\www\\CV-Berkah-Fabrikasi-Besi\\vendor\\laravel\\framework\\src\\Illuminate\\Pipeline\\Pipeline.php(219): Illuminate\\Http\\Middleware\\TrustProxies->handle(Object(Illuminate\\Http\\Request), Object(Closure))\n#49 C:\\laragon\\www\\CV-Berkah-Fabrikasi-Besi\\vendor\\laravel\\framework\\src\\Illuminate\\Foundation\\Http\\Middleware\\InvokeDeferredCallbacks.php(22): Illuminate\\Pipeline\\Pipeline->Illuminate\\Pipeline\\{closure}(Object(Illuminate\\Http\\Request))\n#50 C:\\laragon\\www\\CV-Berkah-Fabrikasi-Besi\\vendor\\laravel\\framework\\src\\Illuminate\\Pipeline\\Pipeline.php(219): Illuminate\\Foundation\\Http\\Middleware\\InvokeDeferredCallbacks->handle(Object(Illuminate\\Http\\Request), Object(Closure))\n#51 C:\\laragon\\www\\CV-Berkah-Fabrikasi-Besi\\vendor\\laravel\\framework\\src\\Illuminate\\Http\\Middleware\\ValidatePathEncoding.php(28): Illuminate\\Pipeline\\Pipeline->Illuminate\\Pipeline\\{closure}(Object(Illuminate\\Http\\Request))\n#52 C:\\laragon\\www\\CV-Berkah-Fabrikasi-Besi\\vendor\\laravel\\framework\\src\\Illuminate\\Pipeline\\Pipeline.php(219): Illuminate\\Http\\Middleware\\ValidatePathEncoding->handle(Object(Illuminate\\Http\\Request), Object(Closure))\n#53 C:\\laragon\\www\\CV-Berkah-Fabrikasi-Besi\\vendor\\laravel\\framework\\src\\Illuminate\\Pipeline\\Pipeline.php(137): Illuminate\\Pipeline\\Pipeline->Illuminate\\Pipeline\\{closure}(Object(Illuminate\\Http\\Request))\n#54 C:\\laragon\\www\\CV-Berkah-Fabrikasi-Besi\\vendor\\laravel\\framework\\src\\Illuminate\\Foundation\\Http\\Kernel.php(175): Illuminate\\Pipeline\\Pipeline->then(Object(Closure))\n#55 C:\\laragon\\www\\CV-Berkah-Fabrikasi-Besi\\vendor\\laravel\\framework\\src\\Illuminate\\Foundation\\Http\\Kernel.php(144): Illuminate\\Foundation\\Http\\Kernel->sendRequestThroughRouter(Object(Illuminate\\Http\\Request))\n#56 C:\\laragon\\www\\CV-Berkah-Fabrikasi-Besi\\vendor\\laravel\\framework\\src\\Illuminate\\Foundation\\Testing\\Concerns\\MakesHttpRequests.php(638): Illuminate\\Foundation\\Http\\Kernel->handle(Object(Illuminate\\Http\\Request))\n#57 C:\\laragon\\www\\CV-Berkah-Fabrikasi-Besi\\vendor\\laravel\\framework\\src\\Illuminate\\Foundation\\Testing\\Concerns\\MakesHttpRequests.php(368): Illuminate\\Foundation\\Testing\\TestCase->call('GET', '/product', Array, Array, Array, Array)\n#58 C:\\laragon\\www\\CV-Berkah-Fabrikasi-Besi\\tests\\Feature\\PublicTest.php(17): Illuminate\\Foundation\\Testing\\TestCase->get('/product')\n#59 C:\\laragon\\www\\CV-Berkah-Fabrikasi-Besi\\vendor\\phpunit\\phpunit\\src\\Framework\\TestCase.php(1318): Tests\\Feature\\PublicTest->test_product_index_page_returns_a_successful_response()\n#60 C:\\laragon\\www\\CV-Berkah-Fabrikasi-Besi\\vendor\\phpunit\\phpunit\\src\\Framework\\TestCase.php(1355): PHPUnit\\Framework\\TestCase->invokeTestMethod('test_product_in..', Array)\n#61 C:\\laragon\\www\\CV-Berkah-Fabrikasi-Besi\\vendor\\phpunit\\phpunit\\src\\Framework\\TestCase.php(521): PHPUnit\\Framework\\TestCase->runTest()\n#62 C:\\laragon\\www\\CV-Berkah-Fabrikasi-Besi\\vendor\\phpunit\\phpunit\\src\\Framework\\TestRunner\\TestRunner.php(99): PHPUnit\\Framework\\TestCase->runBare()\n#63 C:\\laragon\\www\\CV-Berkah-Fabrikasi-Besi\\vendor\\phpunit\\phpunit\\src\\Framework\\TestCase.php(361): PHPUnit\\Framework\\TestRunner->run(Object(Tests\\Feature\\PublicTest))\n#64 C:\\laragon\\www\\CV-Berkah-Fabrikasi-Besi\\vendor\\phpunit\\phpunit\\src\\Framework\\TestSuite.php(374): PHPUnit\\Framework\\TestCase->run()\n#65 C:\\laragon\\www\\CV-Berkah-Fabrikasi-Besi\\vendor\\phpunit\\phpunit\\src\\Framework\\TestSuite.php(374): PHPUnit\\Framework\\TestSuite->run()\n#66 C:\\laragon\\www\\CV-Berkah-Fabrikasi-Besi\\vendor\\phpunit\\phpunit\\src\\Framework\\TestSuite.php(374): PHPUnit\\Framework\\TestSuite->run()\n#67 C:\\laragon\\www\\CV-Berkah-Fabrikasi-Besi\\vendor\\phpunit\\phpunit\\src\\TextUI\\TestRunner.php(64): PHPUnit\\Framework\\TestSuite->run()\n#68 C:\\laragon\\www\\CV-Berkah-Fabrikasi-Besi\\vendor\\phpunit\\phpunit\\src\\TextUI\\Application.php(229): PHPUnit\\TextUI\\TestRunner->run(Object(PHPUnit\\TextUI\\Configuration\\Configuration), Object(PHPUnit\\Runner\\ResultCache\\DefaultResultCache), Object(PHPUnit\\Framework\\TestSuite))\n#69 C:\\laragon\\www\\CV-Berkah-Fabrikasi-Besi\\vendor\\phpunit\\phpunit\\phpunit(104): PHPUnit\\TextUI\\Application->run(Array)\n#70 {main}\n\nNext Illuminate\\Database\\QueryException: SQLSTATE[HY000]: General error: 1 no such table: products (Connection: sqlite, Database: :memory:, SQL: select count(*) as \"aggregate\" from \"products\" where \"deleted_at\" is null and \"products\".\"deleted_at\" is null) in C:\\laragon\\www\\CV-Berkah-Fabrikasi-Besi\\vendor\\laravel\\framework\\src\\Illuminate\\Database\\Connection.php:857\nStack trace:\n#0 C:\\laragon\\www\\CV-Berkah-Fabrikasi-Besi\\vendor\\laravel\\framework\\src\\Illuminate\\Database\\Connection.php(813): Illuminate\\Database\\Connection->runQueryCallback('select count(*)..', Array, Object(Closure))\n#1 C:\\laragon\\www\\CV-Berkah-Fabrikasi-Besi\\vendor\\laravel\\framework\\src\\Illuminate\\Database\\Connection.php(426): Illuminate\\Database\\Connection->run('select count(*)..', Array, Object(Closure))\n#2 C:\\laragon\\www\\CV-Berkah-Fabrikasi-Besi\\vendor\\laravel\\framework\\src\\Illuminate\\Database\\Query\\Builder.php(3573): Illuminate\\Database\\Connection->select('select count(*)..', Array, true, Array)\n#3 C:\\laragon\\www\\CV-Berkah-Fabrikasi-Besi\\vendor\\laravel\\framework\\src\\Illuminate\\Database\\Query\\Builder.php(3557): Illuminate\\Database\\Query\\Builder->runSelect()\n#4 C:\\laragon\\www\\CV-Berkah-Fabrikasi-Besi\\vendor\\laravel\\framework\\src\\Illuminate\\Database\\Query\\Builder.php(3752): Illuminate\\Database\\Query\\Builder->get()\n#5 C:\\laragon\\www\\CV-Berkah-Fabrikasi-Besi\\vendor\\laravel\\framework\\src\\Illuminate\\Database\\Query\\Builder.php(3711): Illuminate\\Database\\Query\\Builder->runPaginationCountQuery(Array)\n#6 C:\\laragon\\www\\CV-Berkah-Fabrikasi-Besi\\vendor\\laravel\\framework\\src\\Illuminate\\Database\\Eloquent\\Builder.php(1126): Illuminate\\Database\\Query\\Builder->getCountForPagination()\n#7 C:\\laragon\\www\\CV-Berkah-Fabrikasi-Besi\\app\\Http\\Controllers\\ProductController.php(35): Illuminate\\Database\\Eloquent\\Builder->paginate(12)\n#8 C:\\laragon\\www\\CV-Berkah-Fabrikasi-Besi\\vendor\\laravel\\framework\\src\\Illuminate\\Routing\\ControllerDispatcher.php(46): App\\Http\\Controllers\\ProductController->index(Object(Illuminate\\Http\\Request))\n#9 C:\\laragon\\www\\CV-Berkah-Fabrikasi-Besi\\vendor\\laravel\\framework\\src\\Illuminate\\Routing\\Route.php(276): Illuminate\\Routing\\ControllerDispatcher->dispatch(Object(Illuminate\\Routing\\Route), Object(App\\Http\\Controllers\\ProductController), 'index')\n#10 C:\\laragon\\www\\CV-Berkah-Fabrikasi-Besi\\vendor\\laravel\\framework\\src\\Illuminate\\Routing\\Route.php(216): Illuminate\\Routing\\Route->runController()\n#11 C:\\laragon\\www\\CV-Berkah-Fabrikasi-Besi\\vendor\\laravel\\framework\\src\\Illuminate\\Routing\\Router.php(822): Illuminate\\Routing\\Route->run()\n#12 C:\\laragon\\www\\CV-Berkah-Fabrikasi-Besi\\vendor\\laravel\\framework\\src\\Illuminate\\Pipeline\\Pipeline.php(180): Illuminate\\Routing\\Router->Illuminate\\Routing\\{closure}(Object(Illuminate\\Http\\Request))\n#13 C:\\laragon\\www\\CV-Berkah-Fabrikasi-Besi\\vendor\\laravel\\framework\\src\\Illuminate\\Routing\\Middleware\\SubstituteBindings.php(52): Illuminate\\Pipeline\\Pipeline->Illuminate\\Pipeline\\{closure}(Object(Illuminate\\Http\\Request))\n#14 C:\\laragon\\www\\CV-Berkah-Fabrikasi-Besi\\vendor\\laravel\\framework\\src\\Illuminate\\Pipeline\\Pipeline.php(219): Illuminate\\Routing\\Middleware\\SubstituteBindings->handle(Object(Illuminate\\Http\\Request), Object(Closure))\n#15 C:\\laragon\\www\\CV-Berkah-Fabrikasi-Besi\\vendor\\laravel\\framework\\src\\Illuminate\\Foundation\\Http\\Middleware\\PreventRequestForgery.php(104): Illuminate\\Pipeline\\Pipeline->Illuminate\\Pipeline\\{closure}(Object(Illuminate\\Http\\Request))\n#16 C:\\laragon\\www\\CV-Berkah-Fabrikasi-Besi\\vendor\\laravel\\framework\\src\\Illuminate\\Pipeline\\Pipeline.php(219): Illuminate\\Foundation\\Http\\Middleware\\PreventRequestForgery->handle(Object(Illuminate\\Http\\Request), Object(Closure))\n#17 C:\\laragon\\www\\CV-Berkah-Fabrikasi-Besi\\vendor\\laravel\\framework\\src\\Illuminate\\View\\Middleware\\ShareErrorsFromSession.php(48): Illuminate\\Pipeline\\Pipeline->Illuminate\\Pipeline\\{closure}(Object(Illuminate\\Http\\Request))\n#18 C:\\laragon\\www\\CV-Berkah-Fabrikasi-Besi\\vendor\\laravel\\framework\\src\\Illuminate\\Pipeline\\Pipeline.php(219): Illuminate\\View\\Middleware\\ShareErrorsFromSession->handle(Object(Illuminate\\Http\\Request), Object(Closure))\n#19 C:\\laragon\\www\\CV-Berkah-Fabrikasi-Besi\\vendor\\laravel\\framework\\src\\Illuminate\\Session\\Middleware\\StartSession.php(120): Illuminate\\Pipeline\\Pipeline->Illuminate\\Pipeline\\{closure}(Object(Illuminate\\Http\\Request))\n#20 C:\\laragon\\www\\CV-Berkah-Fabrikasi-Besi\\vendor\\laravel\\framework\\src\\Illuminate\\Session\\Middleware\\StartSession.php(63): Illuminate\\Session\\Middleware\\StartSession->handleStatefulRequest(Object(Illuminate\\Http\\Request), Object(Illuminate\\Session\\Store), Object(Closure))\n#21 C:\\laragon\\www\\CV-Berkah-Fabrikasi-Besi\\vendor\\laravel\\framework\\src\\Illuminate\\Pipeline\\Pipeline.php(219): Illuminate\\Session\\Middleware\\StartSession->handle(Object(Illuminate\\Http\\Request), Object(Closure))\n#22 C:\\laragon\\www\\CV-Berkah-Fabrikasi-Besi\\vendor\\laravel\\framework\\src\\Illuminate\\Cookie\\Middleware\\AddQueuedCookiesToResponse.php(36): Illuminate\\Pipeline\\Pipeline->Illuminate\\Pipeline\\{closure}(Object(Illuminate\\Http\\Request))\n#23 C:\\laragon\\www\\CV-Berkah-Fabrikasi-Besi\\vendor\\laravel\\framework\\src\\Illuminate\\Pipeline\\Pipeline.php(219): Illuminate\\Cookie\\Middleware\\AddQueuedCookiesToResponse->handle(Object(Illuminate\\Http\\Request), Object(Closure))\n#24 C:\\laragon\\www\\CV-Berkah-Fabrikasi-Besi\\vendor\\laravel\\framework\\src\\Illuminate\\Cookie\\Middleware\\EncryptCookies.php(74): Illuminate\\Pipeline\\Pipeline->Illuminate\\Pipeline\\{closure}(Object(Illuminate\\Http\\Request))\n#25 C:\\laragon\\www\\CV-Berkah-Fabrikasi-Besi\\vendor\\laravel\\framework\\src\\Illuminate\\Pipeline\\Pipeline.php(219): Illuminate\\Cookie\\Middleware\\EncryptCookies->handle(Object(Illuminate\\Http\\Request), Object(Closure))\n#26 C:\\laragon\\www\\CV-Berkah-Fabrikasi-Besi\\vendor\\laravel\\framework\\src\\Illuminate\\Pipeline\\Pipeline.php(137): Illuminate\\Pipeline\\Pipeline->Illuminate\\Pipeline\\{closure}(Object(Illuminate\\Http\\Request))\n#27 C:\\laragon\\www\\CV-Berkah-Fabrikasi-Besi\\vendor\\laravel\\framework\\src\\Illuminate\\Routing\\Router.php(821): Illuminate\\Pipeline\\Pipeline->then(Object(Closure))\n#28 C:\\laragon\\www\\CV-Berkah-Fabrikasi-Besi\\vendor\\laravel\\framework\\src\\Illuminate\\Routing\\Router.php(800): Illuminate\\Routing\\Router->runRouteWithinStack(Object(Illuminate\\Routing\\Route), Object(Illuminate\\Http\\Request))\n#29 C:\\laragon\\www\\CV-Berkah-Fabrikasi-Besi\\vendor\\laravel\\framework\\src\\Illuminate\\Routing\\Router.php(764): Illuminate\\Routing\\Router->runRoute(Object(Illuminate\\Http\\Request), Object(Illuminate\\Routing\\Route))\n#30 C:\\laragon\\www\\CV-Berkah-Fabrikasi-Besi\\vendor\\laravel\\framework\\src\\Illuminate\\Routing\\Router.php(753): Illuminate\\Routing\\Router->dispatchToRoute(Object(Illuminate\\Http\\Request))\n#31 C:\\laragon\\www\\CV-Berkah-Fabrikasi-Besi\\vendor\\laravel\\framework\\src\\Illuminate\\Foundation\\Http\\Kernel.php(200): Illuminate\\Routing\\Router->dispatch(Object(Illuminate\\Http\\Request))\n#32 C:\\laragon\\www\\CV-Berkah-Fabrikasi-Besi\\vendor\\laravel\\framework\\src\\Illuminate\\Pipeline\\Pipeline.php(180): Illuminate\\Foundation\\Http\\Kernel->Illuminate\\Foundation\\Http\\{closure}(Object(Illuminate\\Http\\Request))\n#33 C:\\laragon\\www\\CV-Berkah-Fabrikasi-Besi\\vendor\\laravel\\framework\\src\\Illuminate\\Foundation\\Http\\Middleware\\TransformsRequest.php(21): Illuminate\\Pipeline\\Pipeline->Illuminate\\Pipeline\\{closure}(Object(Illuminate\\Http\\Request))\n#34 C:\\laragon\\www\\CV-Berkah-Fabrikasi-Besi\\vendor\\laravel\\framework\\src\\Illuminate\\Foundation\\Http\\Middleware\\ConvertEmptyStringsToNull.php(31): Illuminate\\Foundation\\Http\\Middleware\\TransformsRequest->handle(Object(Illuminate\\Http\\Request), Object(Closure))\n#35 C:\\laragon\\www\\CV-Berkah-Fabrikasi-Besi\\vendor\\laravel\\framework\\src\\Illuminate\\Pipeline\\Pipeline.php(219): Illuminate\\Foundation\\Http\\Middleware\\ConvertEmptyStringsToNull->handle(Object(Illuminate\\Http\\Request), Object(Closure))\n#36 C:\\laragon\\www\\CV-Berkah-Fabrikasi-Besi\\vendor\\laravel\\framework\\src\\Illuminate\\Foundation\\Http\\Middleware\\TransformsRequest.php(21): Illuminate\\Pipeline\\Pipeline->Illuminate\\Pipeline\\{closure}(Object(Illuminate\\Http\\Request))\n#37 C:\\laragon\\www\\CV-Berkah-Fabrikasi-Besi\\vendor\\laravel\\framework\\src\\Illuminate\\Foundation\\Http\\Middleware\\TrimStrings.php(51): Illuminate\\Foundation\\Http\\Middleware\\TransformsRequest->handle(Object(Illuminate\\Http\\Request), Object(Closure))\n#38 C:\\laragon\\www\\CV-Berkah-Fabrikasi-Besi\\vendor\\laravel\\framework\\src\\Illuminate\\Pipeline\\Pipeline.php(219): Illuminate\\Foundation\\Http\\Middleware\\TrimStrings->handle(Object(Illuminate\\Http\\Request), Object(Closure))\n#39 C:\\laragon\\www\\CV-Berkah-Fabrikasi-Besi\\vendor\\laravel\\framework\\src\\Illuminate\\Http\\Middleware\\ValidatePostSize.php(27): Illuminate\\Pipeline\\Pipeline->Illuminate\\Pipeline\\{closure}(Object(Illuminate\\Http\\Request))\n#40 C:\\laragon\\www\\CV-Berkah-Fabrikasi-Besi\\vendor\\laravel\\framework\\src\\Illuminate\\Pipeline\\Pipeline.php(219): Illuminate\\Http\\Middleware\\ValidatePostSize->handle(Object(Illuminate\\Http\\Request), Object(Closure))\n#41 C:\\laragon\\www\\CV-Berkah-Fabrikasi-Besi\\vendor\\laravel\\framework\\src\\Illuminate\\Foundation\\Http\\Middleware\\PreventRequestsDuringMaintenance.php(109): Illuminate\\Pipeline\\Pipeline->Illuminate\\Pipeline\\{closure}(Object(Illuminate\\Http\\Request))\n#42 C:\\laragon\\www\\CV-Berkah-Fabrikasi-Besi\\vendor\\laravel\\framework\\src\\Illuminate\\Pipeline\\Pipeline.php(219): Illuminate\\Foundation\\Http\\Middleware\\PreventRequestsDuringMaintenance->handle(Object(Illuminate\\Http\\Request), Object(Closure))\n#43 C:\\laragon\\www\\CV-Berkah-Fabrikasi-Besi\\vendor\\laravel\\framework\\src\\Illuminate\\Http\\Middleware\\HandleCors.php(61): Illuminate\\Pipeline\\Pipeline->Illuminate\\Pipeline\\{closure}(Object(Illuminate\\Http\\Request))\n#44 C:\\laragon\\www\\CV-Berkah-Fabrikasi-Besi\\vendor\\laravel\\framework\\src\\Illuminate\\Pipeline\\Pipeline.php(219): Illuminate\\Http\\Middleware\\HandleCors->handle(Object(Illuminate\\Http\\Request), Object(Closure))\n#45 C:\\laragon\\www\\CV-Berkah-Fabrikasi-Besi\\vendor\\laravel\\framework\\src\\Illuminate\\Http\\Middleware\\TrustProxies.php(58): Illuminate\\Pipeline\\Pipeline->Illuminate\\Pipeline\\{closure}(Object(Illuminate\\Http\\Request))\n#46 C:\\laragon\\www\\CV-Berkah-Fabrikasi-Besi\\vendor\\laravel\\framework\\src\\Illuminate\\Pipeline\\Pipeline.php(219): Illuminate\\Http\\Middleware\\TrustProxies->handle(Object(Illuminate\\Http\\Request), Object(Closure))\n#47 C:\\laragon\\www\\CV-Berkah-Fabrikasi-Besi\\vendor\\laravel\\framework\\src\\Illuminate\\Foundation\\Http\\Middleware\\InvokeDeferredCallbacks.php(22): Illuminate\\Pipeline\\Pipeline->Illuminate\\Pipeline\\{closure}(Object(Illuminate\\Http\\Request))\n#48 C:\\laragon\\www\\CV-Berkah-Fabrikasi-Besi\\vendor\\laravel\\framework\\src\\Illuminate\\Pipeline\\Pipeline.php(219): Illuminate\\Foundation\\Http\\Middleware\\InvokeDeferredCallbacks->handle(Object(Illuminate\\Http\\Request), Object(Closure))\n#49 C:\\laragon\\www\\CV-Berkah-Fabrikasi-Besi\\vendor\\laravel\\framework\\src\\Illuminate\\Http\\Middleware\\ValidatePathEncoding.php(28): Illuminate\\Pipeline\\Pipeline->Illuminate\\Pipeline\\{closure}(Object(Illuminate\\Http\\Request))\n#50 C:\\laragon\\www\\CV-Berkah-Fabrikasi-Besi\\vendor\\laravel\\framework\\src\\Illuminate\\Pipeline\\Pipeline.php(219): Illuminate\\Http\\Middleware\\ValidatePathEncoding->handle(Object(Illuminate\\Http\\Request), Object(Closure))\n#51 C:\\laragon\\www\\CV-Berkah-Fabrikasi-Besi\\vendor\\laravel\\framework\\src\\Illuminate\\Pipeline\\Pipeline.php(137): Illuminate\\Pipeline\\Pipeline->Illuminate\\Pipeline\\{closure}(Object(Illuminate\\Http\\Request))\n#52 C:\\laragon\\www\\CV-Berkah-Fabrikasi-Besi\\vendor\\laravel\\framework\\src\\Illuminate\\Foundation\\Http\\Kernel.php(175): Illuminate\\Pipeline\\Pipeline->then(Object(Closure))\n#53 C:\\laragon\\www\\CV-Berkah-Fabrikasi-Besi\\vendor\\laravel\\framework\\src\\Illuminate\\Foundation\\Http\\Kernel.php(144): Illuminate\\Foundation\\Http\\Kernel->sendRequestThroughRouter(Object(Illuminate\\Http\\Request))\n#54 C:\\laragon\\www\\CV-Berkah-Fabrikasi-Besi\\vendor\\laravel\\framework\\src\\Illuminate\\Foundation\\Testing\\Concerns\\MakesHttpRequests.php(638): Illuminate\\Foundation\\Http\\Kernel->handle(Object(Illuminate\\Http\\Request))\n#55 C:\\laragon\\www\\CV-Berkah-Fabrikasi-Besi\\vendor\\laravel\\framework\\src\\Illuminate\\Foundation\\Testing\\Concerns\\MakesHttpRequests.php(368): Illuminate\\Foundation\\Testing\\TestCase->call('GET', '/product', Array, Array, Array, Array)\n#56 C:\\laragon\\www\\CV-Berkah-Fabrikasi-Besi\\tests\\Feature\\PublicTest.php(17): Illuminate\\Foundation\\Testing\\TestCase->get('/product')\n#57 C:\\laragon\\www\\CV-Berkah-Fabrikasi-Besi\\vendor\\phpunit\\phpunit\\src\\Framework\\TestCase.php(1318): Tests\\Feature\\PublicTest->test_product_index_page_returns_a_successful_response()\n#58 C:\\laragon\\www\\CV-Berkah-Fabrikasi-Besi\\vendor\\phpunit\\phpunit\\src\\Framework\\TestCase.php(1355): PHPUnit\\Framework\\TestCase->invokeTestMethod('test_product_in..', Array)\n#59 C:\\laragon\\www\\CV-Berkah-Fabrikasi-Besi\\vendor\\phpunit\\phpunit\\src\\Framework\\TestCase.php(521): PHPUnit\\Framework\\TestCase->runTest()\n#60 C:\\laragon\\www\\CV-Berkah-Fabrikasi-Besi\\vendor\\phpunit\\phpunit\\src\\Framework\\TestRunner\\TestRunner.php(99): PHPUnit\\Framework\\TestCase->runBare()\n#61 C:\\laragon\\www\\CV-Berkah-Fabrikasi-Besi\\vendor\\phpunit\\phpunit\\src\\Framework\\TestCase.php(361): PHPUnit\\Framework\\TestRunner->run(Object(Tests\\Feature\\PublicTest))\n#62 C:\\laragon\\www\\CV-Berkah-Fabrikasi-Besi\\vendor\\phpunit\\phpunit\\src\\Framework\\TestSuite.php(374): PHPUnit\\Framework\\TestCase->run()\n#63 C:\\laragon\\www\\CV-Berkah-Fabrikasi-Besi\\vendor\\phpunit\\phpunit\\src\\Framework\\TestSuite.php(374): PHPUnit\\Framework\\TestSuite->run()\n#64 C:\\laragon\\www\\CV-Berkah-Fabrikasi-Besi\\vendor\\phpunit\\phpunit\\src\\Framework\\TestSuite.php(374): PHPUnit\\Framework\\TestSuite->run()\n#65 C:\\laragon\\www\\CV-Berkah-Fabrikasi-Besi\\vendor\\phpunit\\phpunit\\src\\TextUI\\TestRunner.php(64): PHPUnit\\Framework\\TestSuite->run()\n#66 C:\\laragon\\www\\CV-Berkah-Fabrikasi-Besi\\vendor\\phpunit\\phpunit\\src\\TextUI\\Application.php(229): PHPUnit\\TextUI\\TestRunner->run(Object(PHPUnit\\TextUI\\Configuration\\Configuration), Object(PHPUnit\\Runner\\ResultCache\\DefaultResultCache), Object(PHPUnit\\Framework\\TestSuite))\n#67 C:\\laragon\\www\\CV-Berkah-Fabrikasi-Besi\\vendor\\phpunit\\phpunit\\phpunit(104): PHPUnit\\TextUI\\Application->run(Array)\n#68 {main}\n\n----------------------------------------------------------------------------------\n\nSQLSTATE[HY000]: General error: 1 no such table: products (Connection: sqlite, Database: :memory:, SQL: select count(*) as \"aggregate\" from \"products\" where \"deleted_at\" is null and \"products\".\"deleted_at\" is null)"},{"test":"Tests\\Feature\\PublicTest::test_cart_page_returns_a_successful_response","file":"C:\\laragon\\www\\CV-Berkah-Fabrikasi-Besi\\tests\\Feature\\PublicTest.php","line":21,"message":"Expected response status code [200] but received 500.\nFailed asserting that 500 is identical to 200.\r\n\r\nThe following exception occurred during the last request:\n\nPDOException: SQLSTATE[HY000]: General error: 1 no such table: settings in C:\\laragon\\www\\CV-Berkah-Fabrikasi-Besi\\vendor\\laravel\\framework\\src\\Illuminate\\Database\\Connection.php:435\nStack trace:\n#0 C:\\laragon\\www\\CV-Berkah-Fabrikasi-Besi\\vendor\\laravel\\framework\\src\\Illuminate\\Database\\Connection.php(435): PDO->prepare('select * from \"..')\n#1 C:\\laragon\\www\\CV-Berkah-Fabrikasi-Besi\\vendor\\laravel\\framework\\src\\Illuminate\\Database\\Connection.php(846): Illuminate\\Database\\Connection->Illuminate\\Database\\{closure}('select * from \"..', Array)\n#2 C:\\laragon\\www\\CV-Berkah-Fabrikasi-Besi\\vendor\\laravel\\framework\\src\\Illuminate\\Database\\Connection.php(813): Illuminate\\Database\\Connection->runQueryCallback('select * from \"..', Array, Object(Closure))\n#3 C:\\laragon\\www\\CV-Berkah-Fabrikasi-Besi\\vendor\\laravel\\framework\\src\\Illuminate\\Database\\Connection.php(426): Illuminate\\Database\\Connection->run('select * from \"..', Array, Object(Closure))\n#4 C:\\laragon\\www\\CV-Berkah-Fabrikasi-Besi\\vendor\\laravel\\framework\\src\\Illuminate\\Database\\Query\\Builder.php(3573): Illuminate\\Database\\Connection->select('select * from \"..', Array, true, Array)\n#5 C:\\laragon\\www\\CV-Berkah-Fabrikasi-Besi\\vendor\\laravel\\framework\\src\\Illuminate\\Database\\Query\\Builder.php(3557): Illuminate\\Database\\Query\\Builder->runSelect()\n#6 C:\\laragon\\www\\CV-Berkah-Fabrikasi-Besi\\vendor\\laravel\\framework\\src\\Illuminate\\Database\\Eloquent\\Builder.php(908): Illuminate\\Database\\Query\\Builder->get(Array)\n#7 C:\\laragon\\www\\CV-Berkah-Fabrikasi-Besi\\vendor\\laravel\\framework\\src\\Illuminate\\Database\\Eloquent\\Builder.php(890): Illuminate\\Database\\Eloquent\\Builder->getModels(Array)\n#8 C:\\laragon\\www\\CV-Berkah-Fabrikasi-Besi\\vendor\\laravel\\framework\\src\\Illuminate\\Database\\Concerns\\BuildsQueries.php(366): Illuminate\\Database\\Eloquent\\Builder->get(Array)\n#9 C:\\laragon\\www\\CV-Berkah-Fabrikasi-Besi\\vendor\\laravel\\framework\\src\\Illuminate\\Database\\Eloquent\\Builder.php(712): Illuminate\\Database\\Eloquent\\Builder->first()\n#10 C:\\laragon\\www\\CV-Berkah-Fabrikasi-Besi\\vendor\\laravel\\framework\\src\\Illuminate\\Support\\Traits\\ForwardsCalls.php(23): Illuminate\\Database\\Eloquent\\Builder->firstOrCreate(Array, Array)\n#11 C:\\laragon\\www\\CV-Berkah-Fabrikasi-Besi\\vendor\\laravel\\framework\\src\\Illuminate\\Database\\Eloquent\\Model.php(2831): Illuminate\\Database\\Eloquent\\Model->forwardCallTo(Object(Illuminate\\Database\\Eloquent\\Builder), 'firstOrCreate', Array)\n#12 C:\\laragon\\www\\CV-Berkah-Fabrikasi-Besi\\vendor\\laravel\\framework\\src\\Illuminate\\Database\\Eloquent\\Model.php(2847): Illuminate\\Database\\Eloquent\\Model->__call('firstOrCreate', Array)\n#13 C:\\laragon\\www\\CV-Berkah-Fabrikasi-Besi\\app\\Models\\Setting.php(22): Illuminate\\Database\\Eloquent\\Model::__callStatic('firstOrCreate', Array)\n#14 C:\\laragon\\www\\CV-Berkah-Fabrikasi-Besi\\storage\\framework\\views\\fa8f32a3bb5b0dd6b096b13126cd7c26.php(106): App\\Models\\Setting::getSetting()\n#15 C:\\laragon\\www\\CV-Berkah-Fabrikasi-Besi\\vendor\\laravel\\framework\\src\\Illuminate\\Filesystem\\Filesystem.php(123): require('C:\\\\laragon\\\\www\\\\..')\n#16 C:\\laragon\\www\\CV-Berkah-Fabrikasi-Besi\\vendor\\laravel\\framework\\src\\Illuminate\\Filesystem\\Filesystem.php(124): Illuminate\\Filesystem\\Filesystem::Illuminate\\Filesystem\\{closure}()\n#17 C:\\laragon\\www\\CV-Berkah-Fabrikasi-Besi\\vendor\\laravel\\framework\\src\\Illuminate\\View\\Engines\\PhpEngine.php(57): Illuminate\\Filesystem\\Filesystem->getRequire('C:\\\\laragon\\\\www\\\\..', Array)\n#18 C:\\laragon\\www\\CV-Berkah-Fabrikasi-Besi\\vendor\\laravel\\framework\\src\\Illuminate\\View\\Engines\\CompilerEngine.php(76): Illuminate\\View\\Engines\\PhpEngine->evaluatePath('C:\\\\laragon\\\\www\\\\..', Array)\n#19 C:\\laragon\\www\\CV-Berkah-Fabrikasi-Besi\\vendor\\laravel\\framework\\src\\Illuminate\\View\\View.php(208): Illuminate\\View\\Engines\\CompilerEngine->get('C:\\\\laragon\\\\www\\\\..', Array)\n#20 C:\\laragon\\www\\CV-Berkah-Fabrikasi-Besi\\vendor\\laravel\\framework\\src\\Illuminate\\View\\View.php(191): Illuminate\\View\\View->getContents()\n#21 C:\\laragon\\www\\CV-Berkah-Fabrikasi-Besi\\vendor\\laravel\\framework\\src\\Illuminate\\View\\View.php(160): Illuminate\\View\\View->renderContents()\n#22 C:\\laragon\\www\\CV-Berkah-Fabrikasi-Besi\\storage\\framework\\views\\06c7665cab30a5504b62e43dc7387bf8.php(62): Illuminate\\View\\View->render()\n#23 C:\\laragon\\www\\CV-Berkah-Fabrikasi-Besi\\vendor\\laravel\\framework\\src\\Illuminate\\Filesystem\\Filesystem.php(123): require('C:\\\\laragon\\\\www\\\\..')\n#24 C:\\laragon\\www\\CV-Berkah-Fabrikasi-Besi\\vendor\\laravel\\framework\\src\\Illuminate\\Filesystem\\Filesystem.php(124): Illuminate\\Filesystem\\Filesystem::Illuminate\\Filesystem\\{closure}()\n#25 C:\\laragon\\www\\CV-Berkah-Fabrikasi-Besi\\vendor\\laravel\\framework\\src\\Illuminate\\View\\Engines\\PhpEngine.php(57): Illuminate\\Filesystem\\Filesystem->getRequire('C:\\\\laragon\\\\www\\\\..', Array)\n#26 C:\\laragon\\www\\CV-Berkah-Fabrikasi-Besi\\vendor\\laravel\\framework\\src\\Illuminate\\View\\Engines\\CompilerEngine.php(76): Illuminate\\View\\Engines\\PhpEngine->evaluatePath('C:\\\\laragon\\\\www\\\\..', Array)\n#27 C:\\laragon\\www\\CV-Berkah-Fabrikasi-Besi\\vendor\\laravel\\framework\\src\\Illuminate\\View\\View.php(208): Illuminate\\View\\Engines\\CompilerEngine->get('C:\\\\laragon\\\\www\\\\..', Array)\n#28 C:\\laragon\\www\\CV-Berkah-Fabrikasi-Besi\\vendor\\laravel\\framework\\src\\Illuminate\\View\\View.php(191): Illuminate\\View\\View->getContents()\n#29 C:\\laragon\\www\\CV-Berkah-Fabrikasi-Besi\\vendor\\laravel\\framework\\src\\Illuminate\\View\\View.php(160): Illuminate\\View\\View->renderContents()\n#30 C:\\laragon\\www\\CV-Berkah-Fabrikasi-Besi\\vendor\\laravel\\framework\\src\\Illuminate\\Http\\Response.php(82): Illuminate\\View\\View->render()\n#31 C:\\laragon\\www\\CV-Berkah-Fabrikasi-Besi\\vendor\\laravel\\framework\\src\\Illuminate\\Http\\Response.php(40): Illuminate\\Http\\Response->setContent(Object(Illuminate\\View\\View))\n#32 C:\\laragon\\www\\CV-Berkah-Fabrikasi-Besi\\vendor\\laravel\\framework\\src\\Illuminate\\Routing\\Router.php(939): Illuminate\\Http\\Response->__construct(Object(Illuminate\\View\\View), 200, Array)\n#33 C:\\laragon\\www\\CV-Berkah-Fabrikasi-Besi\\vendor\\laravel\\framework\\src\\Illuminate\\Routing\\Router.php(906): Illuminate\\Routing\\Router::toResponse(Object(Illuminate\\Http\\Request), Object(Illuminate\\View\\View))\n#34 C:\\laragon\\www\\CV-Berkah-Fabrikasi-Besi\\vendor\\laravel\\framework\\src\\Illuminate\\Routing\\Router.php(821): Illuminate\\Routing\\Router->prepareResponse(Object(Illuminate\\Http\\Request), Object(Illuminate\\View\\View))\n#35 C:\\laragon\\www\\CV-Berkah-Fabrikasi-Besi\\vendor\\laravel\\framework\\src\\Illuminate\\Pipeline\\Pipeline.php(180): Illuminate\\Routing\\Router->Illuminate\\Routing\\{closure}(Object(Illuminate\\Http\\Request))\n#36 C:\\laragon\\www\\CV-Berkah-Fabrikasi-Besi\\vendor\\laravel\\framework\\src\\Illuminate\\Routing\\Middleware\\SubstituteBindings.php(52): Illuminate\\Pipeline\\Pipeline->Illuminate\\Pipeline\\{closure}(Object(Illuminate\\Http\\Request))\n#37 C:\\laragon\\www\\CV-Berkah-Fabrikasi-Besi\\vendor\\laravel\\framework\\src\\Illuminate\\Pipeline\\Pipeline.php(219): Illuminate\\Routing\\Middleware\\SubstituteBindings->handle(Object(Illuminate\\Http\\Request), Object(Closure))\n#38 C:\\laragon\\www\\CV-Berkah-Fabrikasi-Besi\\vendor\\laravel\\framework\\src\\Illuminate\\Foundation\\Http\\Middleware\\PreventRequestForgery.php(104): Illuminate\\Pipeline\\Pipeline->Illuminate\\Pipeline\\{closure}(Object(Illuminate\\Http\\Request))\n#39 C:\\laragon\\www\\CV-Berkah-Fabrikasi-Besi\\vendor\\laravel\\framework\\src\\Illuminate\\Pipeline\\Pipeline.php(219): Illuminate\\Foundation\\Http\\Middleware\\PreventRequestForgery->handle(Object(Illuminate\\Http\\Request), Object(Closure))\n#40 C:\\laragon\\www\\CV-Berkah-Fabrikasi-Besi\\vendor\\laravel\\framework\\src\\Illuminate\\View\\Middleware\\ShareErrorsFromSession.php(48): Illuminate\\Pipeline\\Pipeline->Illuminate\\Pipeline\\{closure}(Object(Illuminate\\Http\\Request))\n#41 C:\\laragon\\www\\CV-Berkah-Fabrikasi-Besi\\vendor\\laravel\\framework\\src\\Illuminate\\Pipeline\\Pipeline.php(219): Illuminate\\View\\Middleware\\ShareErrorsFromSession->handle(Object(Illuminate\\Http\\Request), Object(Closure))\n#42 C:\\laragon\\www\\CV-Berkah-Fabrikasi-Besi\\vendor\\laravel\\framework\\src\\Illuminate\\Session\\Middleware\\StartSession.php(120): Illuminate\\Pipeline\\Pipeline->Illuminate\\Pipeline\\{closure}(Object(Illuminate\\Http\\Request))\n#43 C:\\laragon\\www\\CV-Berkah-Fabrikasi-Besi\\vendor\\laravel\\framework\\src\\Illuminate\\Session\\Middleware\\StartSession.php(63): Illuminate\\Session\\Middleware\\StartSession->handleStatefulRequest(Object(Illuminate\\Http\\Request), Object(Illuminate\\Session\\Store), Object(Closure))\n#44 C:\\laragon\\www\\CV-Berkah-Fabrikasi-Besi\\vendor\\laravel\\framework\\src\\Illuminate\\Pipeline\\Pipeline.php(219): Illuminate\\Session\\Middleware\\StartSession->handle(Object(Illuminate\\Http\\Request), Object(Closure))\n#45 C:\\laragon\\www\\CV-Berkah-Fabrikasi-Besi\\vendor\\laravel\\framework\\src\\Illuminate\\Cookie\\Middleware\\AddQueuedCookiesToResponse.php(36): Illuminate\\Pipeline\\Pipeline->Illuminate\\Pipeline\\{closure}(Object(Illuminate\\Http\\Request))\n#46 C:\\laragon\\www\\CV-Berkah-Fabrikasi-Besi\\vendor\\laravel\\framework\\src\\Illuminate\\Pipeline\\Pipeline.php(219): Illuminate\\Cookie\\Middleware\\AddQueuedCookiesToResponse->handle(Object(Illuminate\\Http\\Request), Object(Closure))\n#47 C:\\laragon\\www\\CV-Berkah-Fabrikasi-Besi\\vendor\\laravel\\framework\\src\\Illuminate\\Cookie\\Middleware\\EncryptCookies.php(74): Illuminate\\Pipeline\\Pipeline->Illuminate\\Pipeline\\{closure}(Object(Illuminate\\Http\\Request))\n#48 C:\\laragon\\www\\CV-Berkah-Fabrikasi-Besi\\vendor\\laravel\\framework\\src\\Illuminate\\Pipeline\\Pipeline.php(219): Illuminate\\Cookie\\Middleware\\EncryptCookies->handle(Object(Illuminate\\Http\\Request), Object(Closure))\n#49 C:\\laragon\\www\\CV-Berkah-Fabrikasi-Besi\\vendor\\laravel\\framework\\src\\Illuminate\\Pipeline\\Pipeline.php(137): Illuminate\\Pipeline\\Pipeline->Illuminate\\Pipeline\\{closure}(Object(Illuminate\\Http\\Request))\n#50 C:\\laragon\\www\\CV-Berkah-Fabrikasi-Besi\\vendor\\laravel\\framework\\src\\Illuminate\\Routing\\Router.php(821): Illuminate\\Pipeline\\Pipeline->then(Object(Closure))\n#51 C:\\laragon\\www\\CV-Berkah-Fabrikasi-Besi\\vendor\\laravel\\framework\\src\\Illuminate\\Routing\\Router.php(800): Illuminate\\Routing\\Router->runRouteWithinStack(Object(Illuminate\\Routing\\Route), Object(Illuminate\\Http\\Request))\n#52 C:\\laragon\\www\\CV-Berkah-Fabrikasi-Besi\\vendor\\laravel\\framework\\src\\Illuminate\\Routing\\Router.php(764): Illuminate\\Routing\\Router->runRoute(Object(Illuminate\\Http\\Request), Object(Illuminate\\Routing\\Route))\n#53 C:\\laragon\\www\\CV-Berkah-Fabrikasi-Besi\\vendor\\laravel\\framework\\src\\Illuminate\\Routing\\Router.php(753): Illuminate\\Routing\\Router->dispatchToRoute(Object(Illuminate\\Http\\Request))\n#54 C:\\laragon\\www\\CV-Berkah-Fabrikasi-Besi\\vendor\\laravel\\framework\\src\\Illuminate\\Foundation\\Http\\Kernel.php(200): Illuminate\\Routing\\Router->dispatch(Object(Illuminate\\Http\\Request))\n#55 C:\\laragon\\www\\CV-Berkah-Fabrikasi-Besi\\vendor\\laravel\\framework\\src\\Illuminate\\Pipeline\\Pipeline.php(180): Illuminate\\Foundation\\Http\\Kernel->Illuminate\\Foundation\\Http\\{closure}(Object(Illuminate\\Http\\Request))\n#56 C:\\laragon\\www\\CV-Berkah-Fabrikasi-Besi\\vendor\\laravel\\framework\\src\\Illuminate\\Foundation\\Http\\Middleware\\TransformsRequest.php(21): Illuminate\\Pipeline\\Pipeline->Illuminate\\Pipeline\\{closure}(Object(Illuminate\\Http\\Request))\n#57 C:\\laragon\\www\\CV-Berkah-Fabrikasi-Besi\\vendor\\laravel\\framework\\src\\Illuminate\\Foundation\\Http\\Middleware\\ConvertEmptyStringsToNull.php(31): Illuminate\\Foundation\\Http\\Middleware\\TransformsRequest->handle(Object(Illuminate\\Http\\Request), Object(Closure))\n#58 C:\\laragon\\www\\CV-Berkah-Fabrikasi-Besi\\vendor\\laravel\\framework\\src\\Illuminate\\Pipeline\\Pipeline.php(219): Illuminate\\Foundation\\Http\\Middleware\\ConvertEmptyStringsToNull->handle(Object(Illuminate\\Http\\Request), Object(Closure))\n#59 C:\\laragon\\www\\CV-Berkah-Fabrikasi-Besi\\vendor\\laravel\\framework\\src\\Illuminate\\Foundation\\Http\\Middleware\\TransformsRequest.php(21): Illuminate\\Pipeline\\Pipeline->Illuminate\\Pipeline\\{closure}(Object(Illuminate\\Http\\Request))\n#60 C:\\laragon\\www\\CV-Berkah-Fabrikasi-Besi\\vendor\\laravel\\framework\\src\\Illuminate\\Foundation\\Http\\Middleware\\TrimStrings.php(51): Illuminate\\Foundation\\Http\\Middleware\\TransformsRequest->handle(Object(Illuminate\\Http\\Request), Object(Closure))\n#61 C:\\laragon\\www\\CV-Berkah-Fabrikasi-Besi\\vendor\\laravel\\framework\\src\\Illuminate\\Pipeline\\Pipeline.php(219): Illuminate\\Foundation\\Http\\Middleware\\TrimStrings->handle(Object(Illuminate\\Http\\Request), Object(Closure))\n#62 C:\\laragon\\www\\CV-Berkah-Fabrikasi-Besi\\vendor\\laravel\\framework\\src\\Illuminate\\Http\\Middleware\\ValidatePostSize.php(27): Illuminate\\Pipeline\\Pipeline->Illuminate\\Pipeline\\{closure}(Object(Illuminate\\Http\\Request))\n#63 C:\\laragon\\www\\CV-Berkah-Fabrikasi-Besi\\vendor\\laravel\\framework\\src\\Illuminate\\Pipeline\\Pipeline.php(219): Illuminate\\Http\\Middleware\\ValidatePostSize->handle(Object(Illuminate\\Http\\Request), Object(Closure))\n#64 C:\\laragon\\www\\CV-Berkah-Fabrikasi-Besi\\vendor\\laravel\\framework\\src\\Illuminate\\Foundation\\Http\\Middleware\\PreventRequestsDuringMaintenance.php(109): Illuminate\\Pipeline\\Pipeline->Illuminate\\Pipeline\\{closure}(Object(Illuminate\\Http\\Request))\n#65 C:\\laragon\\www\\CV-Berkah-Fabrikasi-Besi\\vendor\\laravel\\framework\\src\\Illuminate\\Pipeline\\Pipeline.php(219): Illuminate\\Foundation\\Http\\Middleware\\PreventRequestsDuringMaintenance->handle(Object(Illuminate\\Http\\Request), Object(Closure))\n#66 C:\\laragon\\www\\CV-Berkah-Fabrikasi-Besi\\vendor\\laravel\\framework\\src\\Illuminate\\Http\\Middleware\\HandleCors.php(61): Illuminate\\Pipeline\\Pipeline->Illuminate\\Pipeline\\{closure}(Object(Illuminate\\Http\\Request))\n#67 C:\\laragon\\www\\CV-Berkah-Fabrikasi-Besi\\vendor\\laravel\\framework\\src\\Illuminate\\Pipeline\\Pipeline.php(219): Illuminate\\Http\\Middleware\\HandleCors->handle(Object(Illuminate\\Http\\Request), Object(Closure))\n#68 C:\\laragon\\www\\CV-Berkah-Fabrikasi-Besi\\vendor\\laravel\\framework\\src\\Illuminate\\Http\\Middleware\\TrustProxies.php(58): Illuminate\\Pipeline\\Pipeline->Illuminate\\Pipeline\\{closure}(Object(Illuminate\\Http\\Request))\n#69 C:\\laragon\\www\\CV-Berkah-Fabrikasi-Besi\\vendor\\laravel\\framework\\src\\Illuminate\\Pipeline\\Pipeline.php(219): Illuminate\\Http\\Middleware\\TrustProxies->handle(Object(Illuminate\\Http\\Request), Object(Closure))\n#70 C:\\laragon\\www\\CV-Berkah-Fabrikasi-Besi\\vendor\\laravel\\framework\\src\\Illuminate\\Foundation\\Http\\Middleware\\InvokeDeferredCallbacks.php(22): Illuminate\\Pipeline\\Pipeline->Illuminate\\Pipeline\\{closure}(Object(Illuminate\\Http\\Request))\n#71 C:\\laragon\\www\\CV-Berkah-Fabrikasi-Besi\\vendor\\laravel\\framework\\src\\Illuminate\\Pipeline\\Pipeline.php(219): Illuminate\\Foundation\\Http\\Middleware\\InvokeDeferredCallbacks->handle(Object(Illuminate\\Http\\Request), Object(Closure))\n#72 C:\\laragon\\www\\CV-Berkah-Fabrikasi-Besi\\vendor\\laravel\\framework\\src\\Illuminate\\Http\\Middleware\\ValidatePathEncoding.php(28): Illuminate\\Pipeline\\Pipeline->Illuminate\\Pipeline\\{closure}(Object(Illuminate\\Http\\Request))\n#73 C:\\laragon\\www\\CV-Berkah-Fabrikasi-Besi\\vendor\\laravel\\framework\\src\\Illuminate\\Pipeline\\Pipeline.php(219): Illuminate\\Http\\Middleware\\ValidatePathEncoding->handle(Object(Illuminate\\Http\\Request), Object(Closure))\n#74 C:\\laragon\\www\\CV-Berkah-Fabrikasi-Besi\\vendor\\laravel\\framework\\src\\Illuminate\\Pipeline\\Pipeline.php(137): Illuminate\\Pipeline\\Pipeline->Illuminate\\Pipeline\\{closure}(Object(Illuminate\\Http\\Request))\n#75 C:\\laragon\\www\\CV-Berkah-Fabrikasi-Besi\\vendor\\laravel\\framework\\src\\Illuminate\\Foundation\\Http\\Kernel.php(175): Illuminate\\Pipeline\\Pipeline->then(Object(Closure))\n#76 C:\\laragon\\www\\CV-Berkah-Fabrikasi-Besi\\vendor\\laravel\\framework\\src\\Illuminate\\Foundation\\Http\\Kernel.php(144): Illuminate\\Foundation\\Http\\Kernel->sendRequestThroughRouter(Object(Illuminate\\Http\\Request))\n#77 C:\\laragon\\www\\CV-Berkah-Fabrikasi-Besi\\vendor\\laravel\\framework\\src\\Illuminate\\Foundation\\Testing\\Concerns\\MakesHttpRequests.php(638): Illuminate\\Foundation\\Http\\Kernel->handle(Object(Illuminate\\Http\\Request))\n#78 C:\\laragon\\www\\CV-Berkah-Fabrikasi-Besi\\vendor\\laravel\\framework\\src\\Illuminate\\Foundation\\Testing\\Concerns\\MakesHttpRequests.php(368): Illuminate\\Foundation\\Testing\\TestCase->call('GET', '/cart', Array, Array, Array, Array)\n#79 C:\\laragon\\www\\CV-Berkah-Fabrikasi-Besi\\tests\\Feature\\PublicTest.php(23): Illuminate\\Foundation\\Testing\\TestCase->get('/cart')\n#80 C:\\laragon\\www\\CV-Berkah-Fabrikasi-Besi\\vendor\\phpunit\\phpunit\\src\\Framework\\TestCase.php(1318): Tests\\Feature\\PublicTest->test_cart_page_returns_a_successful_response()\n#81 C:\\laragon\\www\\CV-Berkah-Fabrikasi-Besi\\vendor\\phpunit\\phpunit\\src\\Framework\\TestCase.php(1355): PHPUnit\\Framework\\TestCase->invokeTestMethod('test_cart_page_..', Array)\n#82 C:\\laragon\\www\\CV-Berkah-Fabrikasi-Besi\\vendor\\phpunit\\phpunit\\src\\Framework\\TestCase.php(521): PHPUnit\\Framework\\TestCase->runTest()\n#83 C:\\laragon\\www\\CV-Berkah-Fabrikasi-Besi\\vendor\\phpunit\\phpunit\\src\\Framework\\TestRunner\\TestRunner.php(99): PHPUnit\\Framework\\TestCase->runBare()\n#84 C:\\laragon\\www\\CV-Berkah-Fabrikasi-Besi\\vendor\\phpunit\\phpunit\\src\\Framework\\TestCase.php(361): PHPUnit\\Framework\\TestRunner->run(Object(Tests\\Feature\\PublicTest))\n#85 C:\\laragon\\www\\CV-Berkah-Fabrikasi-Besi\\vendor\\phpunit\\phpunit\\src\\Framework\\TestSuite.php(374): PHPUnit\\Framework\\TestCase->run()\n#86 C:\\laragon\\www\\CV-Berkah-Fabrikasi-Besi\\vendor\\phpunit\\phpunit\\src\\Framework\\TestSuite.php(374): PHPUnit\\Framework\\TestSuite->run()\n#87 C:\\laragon\\www\\CV-Berkah-Fabrikasi-Besi\\vendor\\phpunit\\phpunit\\src\\Framework\\TestSuite.php(374): PHPUnit\\Framework\\TestSuite->run()\n#88 C:\\laragon\\www\\CV-Berkah-Fabrikasi-Besi\\vendor\\phpunit\\phpunit\\src\\TextUI\\TestRunner.php(64): PHPUnit\\Framework\\TestSuite->run()\n#89 C:\\laragon\\www\\CV-Berkah-Fabrikasi-Besi\\vendor\\phpunit\\phpunit\\src\\TextUI\\Application.php(229): PHPUnit\\TextUI\\TestRunner->run(Object(PHPUnit\\TextUI\\Configuration\\Configuration), Object(PHPUnit\\Runner\\ResultCache\\DefaultResultCache), Object(PHPUnit\\Framework\\TestSuite))\n#90 C:\\laragon\\www\\CV-Berkah-Fabrikasi-Besi\\vendor\\phpunit\\phpunit\\phpunit(104): PHPUnit\\TextUI\\Application->run(Array)\n#91 {main}\n\nNext Illuminate\\Database\\QueryException: SQLSTATE[HY000]: General error: 1 no such table: settings (Connection: sqlite, Database: :memory:, SQL: select * from \"settings\" limit 1) in C:\\laragon\\www\\CV-Berkah-Fabrikasi-Besi\\vendor\\laravel\\framework\\src\\Illuminate\\Database\\Connection.php:857\nStack trace:\n#0 C:\\laragon\\www\\CV-Berkah-Fabrikasi-Besi\\vendor\\laravel\\framework\\src\\Illuminate\\Database\\Connection.php(813): Illuminate\\Database\\Connection->runQueryCallback('select * from \"..', Array, Object(Closure))\n#1 C:\\laragon\\www\\CV-Berkah-Fabrikasi-Besi\\vendor\\laravel\\framework\\src\\Illuminate\\Database\\Connection.php(426): Illuminate\\Database\\Connection->run('select * from \"..', Array, Object(Closure))\n#2 C:\\laragon\\www\\CV-Berkah-Fabrikasi-Besi\\vendor\\laravel\\framework\\src\\Illuminate\\Database\\Query\\Builder.php(3573): Illuminate\\Database\\Connection->select('select * from \"..', Array, true, Array)\n#3 C:\\laragon\\www\\CV-Berkah-Fabrikasi-Besi\\vendor\\laravel\\framework\\src\\Illuminate\\Database\\Query\\Builder.php(3557): Illuminate\\Database\\Query\\Builder->runSelect()\n#4 C:\\laragon\\www\\CV-Berkah-Fabrikasi-Besi\\vendor\\laravel\\framework\\src\\Illuminate\\Database\\Eloquent\\Builder.php(908): Illuminate\\Database\\Query\\Builder->get(Array)\n#5 C:\\laragon\\www\\CV-Berkah-Fabrikasi-Besi\\vendor\\laravel\\framework\\src\\Illuminate\\Database\\Eloquent\\Builder.php(890): Illuminate\\Database\\Eloquent\\Builder->getModels(Array)\n#6 C:\\laragon\\www\\CV-Berkah-Fabrikasi-Besi\\vendor\\laravel\\framework\\src\\Illuminate\\Database\\Concerns\\BuildsQueries.php(366): Illuminate\\Database\\Eloquent\\Builder->get(Array)\n#7 C:\\laragon\\www\\CV-Berkah-Fabrikasi-Besi\\vendor\\laravel\\framework\\src\\Illuminate\\Database\\Eloquent\\Builder.php(712): Illuminate\\Database\\Eloquent\\Builder->first()\n#8 C:\\laragon\\www\\CV-Berkah-Fabrikasi-Besi\\vendor\\laravel\\framework\\src\\Illuminate\\Support\\Traits\\ForwardsCalls.php(23): Illuminate\\Database\\Eloquent\\Builder->firstOrCreate(Array, Array)\n#9 C:\\laragon\\www\\CV-Berkah-Fabrikasi-Besi\\vendor\\laravel\\framework\\src\\Illuminate\\Database\\Eloquent\\Model.php(2831): Illuminate\\Database\\Eloquent\\Model->forwardCallTo(Object(Illuminate\\Database\\Eloquent\\Builder), 'firstOrCreate', Array)\n#10 C:\\laragon\\www\\CV-Berkah-Fabrikasi-Besi\\vendor\\laravel\\framework\\src\\Illuminate\\Database\\Eloquent\\Model.php(2847): Illuminate\\Database\\Eloquent\\Model->__call('firstOrCreate', Array)\n#11 C:\\laragon\\www\\CV-Berkah-Fabrikasi-Besi\\app\\Models\\Setting.php(22): Illuminate\\Database\\Eloquent\\Model::__callStatic('firstOrCreate', Array)\n#12 C:\\laragon\\www\\CV-Berkah-Fabrikasi-Besi\\storage\\framework\\views\\fa8f32a3bb5b0dd6b096b13126cd7c26.php(106): App\\Models\\Setting::getSetting()\n#13 C:\\laragon\\www\\CV-Berkah-Fabrikasi-Besi\\vendor\\laravel\\framework\\src\\Illuminate\\Filesystem\\Filesystem.php(123): require('C:\\\\laragon\\\\www\\\\..')\n#14 C:\\laragon\\www\\CV-Berkah-Fabrikasi-Besi\\vendor\\laravel\\framework\\src\\Illuminate\\Filesystem\\Filesystem.php(124): Illuminate\\Filesystem\\Filesystem::Illuminate\\Filesystem\\{closure}()\n#15 C:\\laragon\\www\\CV-Berkah-Fabrikasi-Besi\\vendor\\laravel\\framework\\src\\Illuminate\\View\\Engines\\PhpEngine.php(57): Illuminate\\Filesystem\\Filesystem->getRequire('C:\\\\laragon\\\\www\\\\..', Array)\n#16 C:\\laragon\\www\\CV-Berkah-Fabrikasi-Besi\\vendor\\laravel\\framework\\src\\Illuminate\\View\\Engines\\CompilerEngine.php(76): Illuminate\\View\\Engines\\PhpEngine->evaluatePath('C:\\\\laragon\\\\www\\\\..', Array)\n#17 C:\\laragon\\www\\CV-Berkah-Fabrikasi-Besi\\vendor\\laravel\\framework\\src\\Illuminate\\View\\View.php(208): Illuminate\\View\\Engines\\CompilerEngine->get('C:\\\\laragon\\\\www\\\\..', Array)\n#18 C:\\laragon\\www\\CV-Berkah-Fabrikasi-Besi\\vendor\\laravel\\framework\\src\\Illuminate\\View\\View.php(191): Illuminate\\View\\View->getContents()\n#19 C:\\laragon\\www\\CV-Berkah-Fabrikasi-Besi\\vendor\\laravel\\framework\\src\\Illuminate\\View\\View.php(160): Illuminate\\View\\View->renderContents()\n#20 C:\\laragon\\www\\CV-Berkah-Fabrikasi-Besi\\storage\\framework\\views\\06c7665cab30a5504b62e43dc7387bf8.php(62): Illuminate\\View\\View->render()\n#21 C:\\laragon\\www\\CV-Berkah-Fabrikasi-Besi\\vendor\\laravel\\framework\\src\\Illuminate\\Filesystem\\Filesystem.php(123): require('C:\\\\laragon\\\\www\\\\..')\n#22 C:\\laragon\\www\\CV-Berkah-Fabrikasi-Besi\\vendor\\laravel\\framework\\src\\Illuminate\\Filesystem\\Filesystem.php(124): Illuminate\\Filesystem\\Filesystem::Illuminate\\Filesystem\\{closure}()\n#23 C:\\laragon\\www\\CV-Berkah-Fabrikasi-Besi\\vendor\\laravel\\framework\\src\\Illuminate\\View\\Engines\\PhpEngine.php(57): Illuminate\\Filesystem\\Filesystem->getRequire('C:\\\\laragon\\\\www\\\\..', Array)\n#24 C:\\laragon\\www\\CV-Berkah-Fabrikasi-Besi\\vendor\\laravel\\framework\\src\\Illuminate\\View\\Engines\\CompilerEngine.php(76): Illuminate\\View\\Engines\\PhpEngine->evaluatePath('C:\\\\laragon\\\\www\\\\..', Array)\n#25 C:\\laragon\\www\\CV-Berkah-Fabrikasi-Besi\\vendor\\laravel\\framework\\src\\Illuminate\\View\\View.php(208): Illuminate\\View\\Engines\\CompilerEngine->get('C:\\\\laragon\\\\www\\\\..', Array)\n#26 C:\\laragon\\www\\CV-Berkah-Fabrikasi-Besi\\vendor\\laravel\\framework\\src\\Illuminate\\View\\View.php(191): Illuminate\\View\\View->getContents()\n#27 C:\\laragon\\www\\CV-Berkah-Fabrikasi-Besi\\vendor\\laravel\\framework\\src\\Illuminate\\View\\View.php(160): Illuminate\\View\\View->renderContents()\n#28 C:\\laragon\\www\\CV-Berkah-Fabrikasi-Besi\\vendor\\laravel\\framework\\src\\Illuminate\\Http\\Response.php(82): Illuminate\\View\\View->render()\n#29 C:\\laragon\\www\\CV-Berkah-Fabrikasi-Besi\\vendor\\laravel\\framework\\src\\Illuminate\\Http\\Response.php(40): Illuminate\\Http\\Response->setContent(Object(Illuminate\\View\\View))\n#30 C:\\laragon\\www\\CV-Berkah-Fabrikasi-Besi\\vendor\\laravel\\framework\\src\\Illuminate\\Routing\\Router.php(939): Illuminate\\Http\\Response->__construct(Object(Illuminate\\View\\View), 200, Array)\n#31 C:\\laragon\\www\\CV-Berkah-Fabrikasi-Besi\\vendor\\laravel\\framework\\src\\Illuminate\\Routing\\Router.php(906): Illuminate\\Routing\\Router::toResponse(Object(Illuminate\\Http\\Request), Object(Illuminate\\View\\View))\n#32 C:\\laragon\\www\\CV-Berkah-Fabrikasi-Besi\\vendor\\laravel\\framework\\src\\Illuminate\\Routing\\Router.php(821): Illuminate\\Routing\\Router->prepareResponse(Object(Illuminate\\Http\\Request), Object(Illuminate\\View\\View))\n#33 C:\\laragon\\www\\CV-Berkah-Fabrikasi-Besi\\vendor\\laravel\\framework\\src\\Illuminate\\Pipeline\\Pipeline.php(180): Illuminate\\Routing\\Router->Illuminate\\Routing\\{closure}(Object(Illuminate\\Http\\Request))\n#34 C:\\laragon\\www\\CV-Berkah-Fabrikasi-Besi\\vendor\\laravel\\framework\\src\\Illuminate\\Routing\\Middleware\\SubstituteBindings.php(52): Illuminate\\Pipeline\\Pipeline->Illuminate\\Pipeline\\{closure}(Object(Illuminate\\Http\\Request))\n#35 C:\\laragon\\www\\CV-Berkah-Fabrikasi-Besi\\vendor\\laravel\\framework\\src\\Illuminate\\Pipeline\\Pipeline.php(219): Illuminate\\Routing\\Middleware\\SubstituteBindings->handle(Object(Illuminate\\Http\\Request), Object(Closure))\n#36 C:\\laragon\\www\\CV-Berkah-Fabrikasi-Besi\\vendor\\laravel\\framework\\src\\Illuminate\\Foundation\\Http\\Middleware\\PreventRequestForgery.php(104): Illuminate\\Pipeline\\Pipeline->Illuminate\\Pipeline\\{closure}(Object(Illuminate\\Http\\Request))\n#37 C:\\laragon\\www\\CV-Berkah-Fabrikasi-Besi\\vendor\\laravel\\framework\\src\\Illuminate\\Pipeline\\Pipeline.php(219): Illuminate\\Foundation\\Http\\Middleware\\PreventRequestForgery->handle(Object(Illuminate\\Http\\Request), Object(Closure))\n#38 C:\\laragon\\www\\CV-Berkah-Fabrikasi-Besi\\vendor\\laravel\\framework\\src\\Illuminate\\View\\Middleware\\ShareErrorsFromSession.php(48): Illuminate\\Pipeline\\Pipeline->Illuminate\\Pipeline\\{closure}(Object(Illuminate\\Http\\Request))\n#39 C:\\laragon\\www\\CV-Berkah-Fabrikasi-Besi\\vendor\\laravel\\framework\\src\\Illuminate\\Pipeline\\Pipeline.php(219): Illuminate\\View\\Middleware\\ShareErrorsFromSession->handle(Object(Illuminate\\Http\\Request), Object(Closure))\n#40 C:\\laragon\\www\\CV-Berkah-Fabrikasi-Besi\\vendor\\laravel\\framework\\src\\Illuminate\\Session\\Middleware\\StartSession.php(120): Illuminate\\Pipeline\\Pipeline->Illuminate\\Pipeline\\{closure}(Object(Illuminate\\Http\\Request))\n#41 C:\\laragon\\www\\CV-Berkah-Fabrikasi-Besi\\vendor\\laravel\\framework\\src\\Illuminate\\Session\\Middleware\\StartSession.php(63): Illuminate\\Session\\Middleware\\StartSession->handleStatefulRequest(Object(Illuminate\\Http\\Request), Object(Illuminate\\Session\\Store), Object(Closure))\n#42 C:\\laragon\\www\\CV-Berkah-Fabrikasi-Besi\\vendor\\laravel\\framework\\src\\Illuminate\\Pipeline\\Pipeline.php(219): Illuminate\\Session\\Middleware\\StartSession->handle(Object(Illuminate\\Http\\Request), Object(Closure))\n#43 C:\\laragon\\www\\CV-Berkah-Fabrikasi-Besi\\vendor\\laravel\\framework\\src\\Illuminate\\Cookie\\Middleware\\AddQueuedCookiesToResponse.php(36): Illuminate\\Pipeline\\Pipeline->Illuminate\\Pipeline\\{closure}(Object(Illuminate\\Http\\Request))\n#44 C:\\laragon\\www\\CV-Berkah-Fabrikasi-Besi\\vendor\\laravel\\framework\\src\\Illuminate\\Pipeline\\Pipeline.php(219): Illuminate\\Cookie\\Middleware\\AddQueuedCookiesToResponse->handle(Object(Illuminate\\Http\\Request), Object(Closure))\n#45 C:\\laragon\\www\\CV-Berkah-Fabrikasi-Besi\\vendor\\laravel\\framework\\src\\Illuminate\\Cookie\\Middleware\\EncryptCookies.php(74): Illuminate\\Pipeline\\Pipeline->Illuminate\\Pipeline\\{closure}(Object(Illuminate\\Http\\Request))\n#46 C:\\laragon\\www\\CV-Berkah-Fabrikasi-Besi\\vendor\\laravel\\framework\\src\\Illuminate\\Pipeline\\Pipeline.php(219): Illuminate\\Cookie\\Middleware\\EncryptCookies->handle(Object(Illuminate\\Http\\Request), Object(Closure))\n#47 C:\\laragon\\www\\CV-Berkah-Fabrikasi-Besi\\vendor\\laravel\\framework\\src\\Illuminate\\Pipeline\\Pipeline.php(137): Illuminate\\Pipeline\\Pipeline->Illuminate\\Pipeline\\{closure}(Object(Illuminate\\Http\\Request))\n#48 C:\\laragon\\www\\CV-Berkah-Fabrikasi-Besi\\vendor\\laravel\\framework\\src\\Illuminate\\Routing\\Router.php(821): Illuminate\\Pipeline\\Pipeline->then(Object(Closure))\n#49 C:\\laragon\\www\\CV-Berkah-Fabrikasi-Besi\\vendor\\laravel\\framework\\src\\Illuminate\\Routing\\Router.php(800): Illuminate\\Routing\\Router->runRouteWithinStack(Object(Illuminate\\Routing\\Route), Object(Illuminate\\Http\\Request))\n#50 C:\\laragon\\www\\CV-Berkah-Fabrikasi-Besi\\vendor\\laravel\\framework\\src\\Illuminate\\Routing\\Router.php(764): Illuminate\\Routing\\Router->runRoute(Object(Illuminate\\Http\\Request), Object(Illuminate\\Routing\\Route))\n#51 C:\\laragon\\www\\CV-Berkah-Fabrikasi-Besi\\vendor\\laravel\\framework\\src\\Illuminate\\Routing\\Router.php(753): Illuminate\\Routing\\Router->dispatchToRoute(Object(Illuminate\\Http\\Request))\n#52 C:\\laragon\\www\\CV-Berkah-Fabrikasi-Besi\\vendor\\laravel\\framework\\src\\Illuminate\\Foundation\\Http\\Kernel.php(200): Illuminate\\Routing\\Router->dispatch(Object(Illuminate\\Http\\Request))\n#53 C:\\laragon\\www\\CV-Berkah-Fabrikasi-Besi\\vendor\\laravel\\framework\\src\\Illuminate\\Pipeline\\Pipeline.php(180): Illuminate\\Foundation\\Http\\Kernel->Illuminate\\Foundation\\Http\\{closure}(Object(Illuminate\\Http\\Request))\n#54 C:\\laragon\\www\\CV-Berkah-Fabrikasi-Besi\\vendor\\laravel\\framework\\src\\Illuminate\\Foundation\\Http\\Middleware\\TransformsRequest.php(21): Illuminate\\Pipeline\\Pipeline->Illuminate\\Pipeline\\{closure}(Object(Illuminate\\Http\\Request))\n#55 C:\\laragon\\www\\CV-Berkah-Fabrikasi-Besi\\vendor\\laravel\\framework\\src\\Illuminate\\Foundation\\Http\\Middleware\\ConvertEmptyStringsToNull.php(31): Illuminate\\Foundation\\Http\\Middleware\\TransformsRequest->handle(Object(Illuminate\\Http\\Request), Object(Closure))\n#56 C:\\laragon\\www\\CV-Berkah-Fabrikasi-Besi\\vendor\\laravel\\framework\\src\\Illuminate\\Pipeline\\Pipeline.php(219): Illuminate\\Foundation\\Http\\Middleware\\ConvertEmptyStringsToNull->handle(Object(Illuminate\\Http\\Request), Object(Closure))\n#57 C:\\laragon\\www\\CV-Berkah-Fabrikasi-Besi\\vendor\\laravel\\framework\\src\\Illuminate\\Foundation\\Http\\Middleware\\TransformsRequest.php(21): Illuminate\\Pipeline\\Pipeline->Illuminate\\Pipeline\\{closure}(Object(Illuminate\\Http\\Request))\n#58 C:\\laragon\\www\\CV-Berkah-Fabrikasi-Besi\\vendor\\laravel\\framework\\src\\Illuminate\\Foundation\\Http\\Middleware\\TrimStrings.php(51): Illuminate\\Foundation\\Http\\Middleware\\TransformsRequest->handle(Object(Illuminate\\Http\\Request), Object(Closure))\n#59 C:\\laragon\\www\\CV-Berkah-Fabrikasi-Besi\\vendor\\laravel\\framework\\src\\Illuminate\\Pipeline\\Pipeline.php(219): Illuminate\\Foundation\\Http\\Middleware\\TrimStrings->handle(Object(Illuminate\\Http\\Request), Object(Closure))\n#60 C:\\laragon\\www\\CV-Berkah-Fabrikasi-Besi\\vendor\\laravel\\framework\\src\\Illuminate\\Http\\Middleware\\ValidatePostSize.php(27): Illuminate\\Pipeline\\Pipeline->Illuminate\\Pipeline\\{closure}(Object(Illuminate\\Http\\Request))\n#61 C:\\laragon\\www\\CV-Berkah-Fabrikasi-Besi\\vendor\\laravel\\framework\\src\\Illuminate\\Pipeline\\Pipeline.php(219): Illuminate\\Http\\Middleware\\ValidatePostSize->handle(Object(Illuminate\\Http\\Request), Object(Closure))\n#62 C:\\laragon\\www\\CV-Berkah-Fabrikasi-Besi\\vendor\\laravel\\framework\\src\\Illuminate\\Foundation\\Http\\Middleware\\PreventRequestsDuringMaintenance.php(109): Illuminate\\Pipeline\\Pipeline->Illuminate\\Pipeline\\{closure}(Object(Illuminate\\Http\\Request))\n#63 C:\\laragon\\www\\CV-Berkah-Fabrikasi-Besi\\vendor\\laravel\\framework\\src\\Illuminate\\Pipeline\\Pipeline.php(219): Illuminate\\Foundation\\Http\\Middleware\\PreventRequestsDuringMaintenance->handle(Object(Illuminate\\Http\\Request), Object(Closure))\n#64 C:\\laragon\\www\\CV-Berkah-Fabrikasi-Besi\\vendor\\laravel\\framework\\src\\Illuminate\\Http\\Middleware\\HandleCors.php(61): Illuminate\\Pipeline\\Pipeline->Illuminate\\Pipeline\\{closure}(Object(Illuminate\\Http\\Request))\n#65 C:\\laragon\\www\\CV-Berkah-Fabrikasi-Besi\\vendor\\laravel\\framework\\src\\Illuminate\\Pipeline\\Pipeline.php(219): Illuminate\\Http\\Middleware\\HandleCors->handle(Object(Illuminate\\Http\\Request), Object(Closure))\n#66 C:\\laragon\\www\\CV-Berkah-Fabrikasi-Besi\\vendor\\laravel\\framework\\src\\Illuminate\\Http\\Middleware\\TrustProxies.php(58): Illuminate\\Pipeline\\Pipeline->Illuminate\\Pipeline\\{closure}(Object(Illuminate\\Http\\Request))\n#67 C:\\laragon\\www\\CV-Berkah-Fabrikasi-Besi\\vendor\\laravel\\framework\\src\\Illuminate\\Pipeline\\Pipeline.php(219): Illuminate\\Http\\Middleware\\TrustProxies->handle(Object(Illuminate\\Http\\Request), Object(Closure))\n#68 C:\\laragon\\www\\CV-Berkah-Fabrikasi-Besi\\vendor\\laravel\\framework\\src\\Illuminate\\Foundation\\Http\\Middleware\\InvokeDeferredCallbacks.php(22): Illuminate\\Pipeline\\Pipeline->Illuminate\\Pipeline\\{closure}(Object(Illuminate\\Http\\Request))\n#69 C:\\laragon\\www\\CV-Berkah-Fabrikasi-Besi\\vendor\\laravel\\framework\\src\\Illuminate\\Pipeline\\Pipeline.php(219): Illuminate\\Foundation\\Http\\Middleware\\InvokeDeferredCallbacks->handle(Object(Illuminate\\Http\\Request), Object(Closure))\n#70 C:\\laragon\\www\\CV-Berkah-Fabrikasi-Besi\\vendor\\laravel\\framework\\src\\Illuminate\\Http\\Middleware\\ValidatePathEncoding.php(28): Illuminate\\Pipeline\\Pipeline->Illuminate\\Pipeline\\{closure}(Object(Illuminate\\Http\\Request))\n#71 C:\\laragon\\www\\CV-Berkah-Fabrikasi-Besi\\vendor\\laravel\\framework\\src\\Illuminate\\Pipeline\\Pipeline.php(219): Illuminate\\Http\\Middleware\\ValidatePathEncoding->handle(Object(Illuminate\\Http\\Request), Object(Closure))\n#72 C:\\laragon\\www\\CV-Berkah-Fabrikasi-Besi\\vendor\\laravel\\framework\\src\\Illuminate\\Pipeline\\Pipeline.php(137): Illuminate\\Pipeline\\Pipeline->Illuminate\\Pipeline\\{closure}(Object(Illuminate\\Http\\Request))\n#73 C:\\laragon\\www\\CV-Berkah-Fabrikasi-Besi\\vendor\\laravel\\framework\\src\\Illuminate\\Foundation\\Http\\Kernel.php(175): Illuminate\\Pipeline\\Pipeline->then(Object(Closure))\n#74 C:\\laragon\\www\\CV-Berkah-Fabrikasi-Besi\\vendor\\laravel\\framework\\src\\Illuminate\\Foundation\\Http\\Kernel.php(144): Illuminate\\Foundation\\Http\\Kernel->sendRequestThroughRouter(Object(Illuminate\\Http\\Request))\n#75 C:\\laragon\\www\\CV-Berkah-Fabrikasi-Besi\\vendor\\laravel\\framework\\src\\Illuminate\\Foundation\\Testing\\Concerns\\MakesHttpRequests.php(638): Illuminate\\Foundation\\Http\\Kernel->handle(Object(Illuminate\\Http\\Request))\n#76 C:\\laragon\\www\\CV-Berkah-Fabrikasi-Besi\\vendor\\laravel\\framework\\src\\Illuminate\\Foundation\\Testing\\Concerns\\MakesHttpRequests.php(368): Illuminate\\Foundation\\Testing\\TestCase->call('GET', '/cart', Array, Array, Array, Array)\n#77 C:\\laragon\\www\\CV-Berkah-Fabrikasi-Besi\\tests\\Feature\\PublicTest.php(23): Illuminate\\Foundation\\Testing\\TestCase->get('/cart')\n#78 C:\\laragon\\www\\CV-Berkah-Fabrikasi-Besi\\vendor\\phpunit\\phpunit\\src\\Framework\\TestCase.php(1318): Tests\\Feature\\PublicTest->test_cart_page_returns_a_successful_response()\n#79 C:\\laragon\\www\\CV-Berkah-Fabrikasi-Besi\\vendor\\phpunit\\phpunit\\src\\Framework\\TestCase.php(1355): PHPUnit\\Framework\\TestCase->invokeTestMethod('test_cart_page_..', Array)\n#80 C:\\laragon\\www\\CV-Berkah-Fabrikasi-Besi\\vendor\\phpunit\\phpunit\\src\\Framework\\TestCase.php(521): PHPUnit\\Framework\\TestCase->runTest()\n#81 C:\\laragon\\www\\CV-Berkah-Fabrikasi-Besi\\vendor\\phpunit\\phpunit\\src\\Framework\\TestRunner\\TestRunner.php(99): PHPUnit\\Framework\\TestCase->runBare()\n#82 C:\\laragon\\www\\CV-Berkah-Fabrikasi-Besi\\vendor\\phpunit\\phpunit\\src\\Framework\\TestCase.php(361): PHPUnit\\Framework\\TestRunner->run(Object(Tests\\Feature\\PublicTest))\n#83 C:\\laragon\\www\\CV-Berkah-Fabrikasi-Besi\\vendor\\phpunit\\phpunit\\src\\Framework\\TestSuite.php(374): PHPUnit\\Framework\\TestCase->run()\n#84 C:\\laragon\\www\\CV-Berkah-Fabrikasi-Besi\\vendor\\phpunit\\phpunit\\src\\Framework\\TestSuite.php(374): PHPUnit\\Framework\\TestSuite->run()\n#85 C:\\laragon\\www\\CV-Berkah-Fabrikasi-Besi\\vendor\\phpunit\\phpunit\\src\\Framework\\TestSuite.php(374): PHPUnit\\Framework\\TestSuite->run()\n#86 C:\\laragon\\www\\CV-Berkah-Fabrikasi-Besi\\vendor\\phpunit\\phpunit\\src\\TextUI\\TestRunner.php(64): PHPUnit\\Framework\\TestSuite->run()\n#87 C:\\laragon\\www\\CV-Berkah-Fabrikasi-Besi\\vendor\\phpunit\\phpunit\\src\\TextUI\\Application.php(229): PHPUnit\\TextUI\\TestRunner->run(Object(PHPUnit\\TextUI\\Configuration\\Configuration), Object(PHPUnit\\Runner\\ResultCache\\DefaultResultCache), Object(PHPUnit\\Framework\\TestSuite))\n#88 C:\\laragon\\www\\CV-Berkah-Fabrikasi-Besi\\vendor\\phpunit\\phpunit\\phpunit(104): PHPUnit\\TextUI\\Application->run(Array)\n#89 {main}\n\nNext Illuminate\\View\\ViewException: SQLSTATE[HY000]: General error: 1 no such table: settings (Connection: sqlite, Database: :memory:, SQL: select * from \"settings\" limit 1) (View: C:\\laragon\\www\\CV-Berkah-Fabrikasi-Besi\\resources\\views\\layouts\\public.blade.php) in C:\\laragon\\www\\CV-Berkah-Fabrikasi-Besi\\vendor\\laravel\\framework\\src\\Illuminate\\Database\\Connection.php:857\nStack trace:\n#0 C:\\laragon\\www\\CV-Berkah-Fabrikasi-Besi\\vendor\\laravel\\framework\\src\\Illuminate\\View\\Engines\\PhpEngine.php(59): Illuminate\\View\\Engines\\CompilerEngine->handleViewException(Object(Illuminate\\Database\\QueryException), 2)\n#1 C:\\laragon\\www\\CV-Berkah-Fabrikasi-Besi\\vendor\\laravel\\framework\\src\\Illuminate\\View\\Engines\\CompilerEngine.php(76): Illuminate\\View\\Engines\\PhpEngine->evaluatePath('C:\\\\laragon\\\\www\\\\..', Array)\n#2 C:\\laragon\\www\\CV-Berkah-Fabrikasi-Besi\\vendor\\laravel\\framework\\src\\Illuminate\\View\\View.php(208): Illuminate\\View\\Engines\\CompilerEngine->get('C:\\\\laragon\\\\www\\\\..', Array)\n#3 C:\\laragon\\www\\CV-Berkah-Fabrikasi-Besi\\vendor\\laravel\\framework\\src\\Illuminate\\View\\View.php(191): Illuminate\\View\\View->getContents()\n#4 C:\\laragon\\www\\CV-Berkah-Fabrikasi-Besi\\vendor\\laravel\\framework\\src\\Illuminate\\View\\View.php(160): Illuminate\\View\\View->renderContents()\n#5 C:\\laragon\\www\\CV-Berkah-Fabrikasi-Besi\\storage\\framework\\views\\06c7665cab30a5504b62e43dc7387bf8.php(62): Illuminate\\View\\View->render()\n#6 C:\\laragon\\www\\CV-Berkah-Fabrikasi-Besi\\vendor\\laravel\\framework\\src\\Illuminate\\Filesystem\\Filesystem.php(123): require('C:\\\\laragon\\\\www\\\\..')\n#7 C:\\laragon\\www\\CV-Berkah-Fabrikasi-Besi\\vendor\\laravel\\framework\\src\\Illuminate\\Filesystem\\Filesystem.php(124): Illuminate\\Filesystem\\Filesystem::Illuminate\\Filesystem\\{closure}()\n#8 C:\\laragon\\www\\CV-Berkah-Fabrikasi-Besi\\vendor\\laravel\\framework\\src\\Illuminate\\View\\Engines\\PhpEngine.php(57): Illuminate\\Filesystem\\Filesystem->getRequire('C:\\\\laragon\\\\www\\\\..', Array)\n#9 C:\\laragon\\www\\CV-Berkah-Fabrikasi-Besi\\vendor\\laravel\\framework\\src\\Illuminate\\View\\Engines\\CompilerEngine.php(76): Illuminate\\View\\Engines\\PhpEngine->evaluatePath('C:\\\\laragon\\\\www\\\\..', Array)\n#10 C:\\laragon\\www\\CV-Berkah-Fabrikasi-Besi\\vendor\\laravel\\framework\\src\\Illuminate\\View\\View.php(208): Illuminate\\View\\Engines\\CompilerEngine->get('C:\\\\laragon\\\\www\\\\..', Array)\n#11 C:\\laragon\\www\\CV-Berkah-Fabrikasi-Besi\\vendor\\laravel\\framework\\src\\Illuminate\\View\\View.php(191): Illuminate\\View\\View->getContents()\n#12 C:\\laragon\\www\\CV-Berkah-Fabrikasi-Besi\\vendor\\laravel\\framework\\src\\Illuminate\\View\\View.php(160): Illuminate\\View\\View->renderContents()\n#13 C:\\laragon\\www\\CV-Berkah-Fabrikasi-Besi\\vendor\\laravel\\framework\\src\\Illuminate\\Http\\Response.php(82): Illuminate\\View\\View->render()\n#14 C:\\laragon\\www\\CV-Berkah-Fabrikasi-Besi\\vendor\\laravel\\framework\\src\\Illuminate\\Http\\Response.php(40): Illuminate\\Http\\Response->setContent(Object(Illuminate\\View\\View))\n#15 C:\\laragon\\www\\CV-Berkah-Fabrikasi-Besi\\vendor\\laravel\\framework\\src\\Illuminate\\Routing\\Router.php(939): Illuminate\\Http\\Response->__construct(Object(Illuminate\\View\\View), 200, Array)\n#16 C:\\laragon\\www\\CV-Berkah-Fabrikasi-Besi\\vendor\\laravel\\framework\\src\\Illuminate\\Routing\\Router.php(906): Illuminate\\Routing\\Router::toResponse(Object(Illuminate\\Http\\Request), Object(Illuminate\\View\\View))\n#17 C:\\laragon\\www\\CV-Berkah-Fabrikasi-Besi\\vendor\\laravel\\framework\\src\\Illuminate\\Routing\\Router.php(821): Illuminate\\Routing\\Router->prepareResponse(Object(Illuminate\\Http\\Request), Object(Illuminate\\View\\View))\n#18 C:\\laragon\\www\\CV-Berkah-Fabrikasi-Besi\\vendor\\laravel\\framework\\src\\Illuminate\\Pipeline\\Pipeline.php(180): Illuminate\\Routing\\Router->Illuminate\\Routing\\{closure}(Object(Illuminate\\Http\\Request))\n#19 C:\\laragon\\www\\CV-Berkah-Fabrikasi-Besi\\vendor\\laravel\\framework\\src\\Illuminate\\Routing\\Middleware\\SubstituteBindings.php(52): Illuminate\\Pipeline\\Pipeline->Illuminate\\Pipeline\\{closure}(Object(Illuminate\\Http\\Request))\n#20 C:\\laragon\\www\\CV-Berkah-Fabrikasi-Besi\\vendor\\laravel\\framework\\src\\Illuminate\\Pipeline\\Pipeline.php(219): Illuminate\\Routing\\Middleware\\SubstituteBindings->handle(Object(Illuminate\\Http\\Request), Object(Closure))\n#21 C:\\laragon\\www\\CV-Berkah-Fabrikasi-Besi\\vendor\\laravel\\framework\\src\\Illuminate\\Foundation\\Http\\Middleware\\PreventRequestForgery.php(104): Illuminate\\Pipeline\\Pipeline->Illuminate\\Pipeline\\{closure}(Object(Illuminate\\Http\\Request))\n#22 C:\\laragon\\www\\CV-Berkah-Fabrikasi-Besi\\vendor\\laravel\\framework\\src\\Illuminate\\Pipeline\\Pipeline.php(219): Illuminate\\Foundation\\Http\\Middleware\\PreventRequestForgery->handle(Object(Illuminate\\Http\\Request), Object(Closure))\n#23 C:\\laragon\\www\\CV-Berkah-Fabrikasi-Besi\\vendor\\laravel\\framework\\src\\Illuminate\\View\\Middleware\\ShareErrorsFromSession.php(48): Illuminate\\Pipeline\\Pipeline->Illuminate\\Pipeline\\{closure}(Object(Illuminate\\Http\\Request))\n#24 C:\\laragon\\www\\CV-Berkah-Fabrikasi-Besi\\vendor\\laravel\\framework\\src\\Illuminate\\Pipeline\\Pipeline.php(219): Illuminate\\View\\Middleware\\ShareErrorsFromSession->handle(Object(Illuminate\\Http\\Request), Object(Closure))\n#25 C:\\laragon\\www\\CV-Berkah-Fabrikasi-Besi\\vendor\\laravel\\framework\\src\\Illuminate\\Session\\Middleware\\StartSession.php(120): Illuminate\\Pipeline\\Pipeline->Illuminate\\Pipeline\\{closure}(Object(Illuminate\\Http\\Request))\n#26 C:\\laragon\\www\\CV-Berkah-Fabrikasi-Besi\\vendor\\laravel\\framework\\src\\Illuminate\\Session\\Middleware\\StartSession.php(63): Illuminate\\Session\\Middleware\\StartSession->handleStatefulRequest(Object(Illuminate\\Http\\Request), Object(Illuminate\\Session\\Store), Object(Closure))\n#27 C:\\laragon\\www\\CV-Berkah-Fabrikasi-Besi\\vendor\\laravel\\framework\\src\\Illuminate\\Pipeline\\Pipeline.php(219): Illuminate\\Session\\Middleware\\StartSession->handle(Object(Illuminate\\Http\\Request), Object(Closure))\n#28 C:\\laragon\\www\\CV-Berkah-Fabrikasi-Besi\\vendor\\laravel\\framework\\src\\Illuminate\\Cookie\\Middleware\\AddQueuedCookiesToResponse.php(36): Illuminate\\Pipeline\\Pipeline->Illuminate\\Pipeline\\{closure}(Object(Illuminate\\Http\\Request))\n#29 C:\\laragon\\www\\CV-Berkah-Fabrikasi-Besi\\vendor\\laravel\\framework\\src\\Illuminate\\Pipeline\\Pipeline.php(219): Illuminate\\Cookie\\Middleware\\AddQueuedCookiesToResponse->handle(Object(Illuminate\\Http\\Request), Object(Closure))\n#30 C:\\laragon\\www\\CV-Berkah-Fabrikasi-Besi\\vendor\\laravel\\framework\\src\\Illuminate\\Cookie\\Middleware\\EncryptCookies.php(74): Illuminate\\Pipeline\\Pipeline->Illuminate\\Pipeline\\{closure}(Object(Illuminate\\Http\\Request))\n#31 C:\\laragon\\www\\CV-Berkah-Fabrikasi-Besi\\vendor\\laravel\\framework\\src\\Illuminate\\Pipeline\\Pipeline.php(219): Illuminate\\Cookie\\Middleware\\EncryptCookies->handle(Object(Illuminate\\Http\\Request), Object(Closure))\n#32 C:\\laragon\\www\\CV-Berkah-Fabrikasi-Besi\\vendor\\laravel\\framework\\src\\Illuminate\\Pipeline\\Pipeline.php(137): Illuminate\\Pipeline\\Pipeline->Illuminate\\Pipeline\\{closure}(Object(Illuminate\\Http\\Request))\n#33 C:\\laragon\\www\\CV-Berkah-Fabrikasi-Besi\\vendor\\laravel\\framework\\src\\Illuminate\\Routing\\Router.php(821): Illuminate\\Pipeline\\Pipeline->then(Object(Closure))\n#34 C:\\laragon\\www\\CV-Berkah-Fabrikasi-Besi\\vendor\\laravel\\framework\\src\\Illuminate\\Routing\\Router.php(800): Illuminate\\Routing\\Router->runRouteWithinStack(Object(Illuminate\\Routing\\Route), Object(Illuminate\\Http\\Request))\n#35 C:\\laragon\\www\\CV-Berkah-Fabrikasi-Besi\\vendor\\laravel\\framework\\src\\Illuminate\\Routing\\Router.php(764): Illuminate\\Routing\\Router->runRoute(Object(Illuminate\\Http\\Request), Object(Illuminate\\Routing\\Route))\n#36 C:\\laragon\\www\\CV-Berkah-Fabrikasi-Besi\\vendor\\laravel\\framework\\src\\Illuminate\\Routing\\Router.php(753): Illuminate\\Routing\\Router->dispatchToRoute(Object(Illuminate\\Http\\Request))\n#37 C:\\laragon\\www\\CV-Berkah-Fabrikasi-Besi\\vendor\\laravel\\framework\\src\\Illuminate\\Foundation\\Http\\Kernel.php(200): Illuminate\\Routing\\Router->dispatch(Object(Illuminate\\Http\\Request))\n#38 C:\\laragon\\www\\CV-Berkah-Fabrikasi-Besi\\vendor\\laravel\\framework\\src\\Illuminate\\Pipeline\\Pipeline.php(180): Illuminate\\Foundation\\Http\\Kernel->Illuminate\\Foundation\\Http\\{closure}(Object(Illuminate\\Http\\Request))\n#39 C:\\laragon\\www\\CV-Berkah-Fabrikasi-Besi\\vendor\\laravel\\framework\\src\\Illuminate\\Foundation\\Http\\Middleware\\TransformsRequest.php(21): Illuminate\\Pipeline\\Pipeline->Illuminate\\Pipeline\\{closure}(Object(Illuminate\\Http\\Request))\n#40 C:\\laragon\\www\\CV-Berkah-Fabrikasi-Besi\\vendor\\laravel\\framework\\src\\Illuminate\\Foundation\\Http\\Middleware\\ConvertEmptyStringsToNull.php(31): Illuminate\\Foundation\\Http\\Middleware\\TransformsRequest->handle(Object(Illuminate\\Http\\Request), Object(Closure))\n#41 C:\\laragon\\www\\CV-Berkah-Fabrikasi-Besi\\vendor\\laravel\\framework\\src\\Illuminate\\Pipeline\\Pipeline.php(219): Illuminate\\Foundation\\Http\\Middleware\\ConvertEmptyStringsToNull->handle(Object(Illuminate\\Http\\Request), Object(Closure))\n#42 C:\\laragon\\www\\CV-Berkah-Fabrikasi-Besi\\vendor\\laravel\\framework\\src\\Illuminate\\Foundation\\Http\\Middleware\\TransformsRequest.php(21): Illuminate\\Pipeline\\Pipeline->Illuminate\\Pipeline\\{closure}(Object(Illuminate\\Http\\Request))\n#43 C:\\laragon\\www\\CV-Berkah-Fabrikasi-Besi\\vendor\\laravel\\framework\\src\\Illuminate\\Foundation\\Http\\Middleware\\TrimStrings.php(51): Illuminate\\Foundation\\Http\\Middleware\\TransformsRequest->handle(Object(Illuminate\\Http\\Request), Object(Closure))\n#44 C:\\laragon\\www\\CV-Berkah-Fabrikasi-Besi\\vendor\\laravel\\framework\\src\\Illuminate\\Pipeline\\Pipeline.php(219): Illuminate\\Foundation\\Http\\Middleware\\TrimStrings->handle(Object(Illuminate\\Http\\Request), Object(Closure))\n#45 C:\\laragon\\www\\CV-Berkah-Fabrikasi-Besi\\vendor\\laravel\\framework\\src\\Illuminate\\Http\\Middleware\\ValidatePostSize.php(27): Illuminate\\Pipeline\\Pipeline->Illuminate\\Pipeline\\{closure}(Object(Illuminate\\Http\\Request))\n#46 C:\\laragon\\www\\CV-Berkah-Fabrikasi-Besi\\vendor\\laravel\\framework\\src\\Illuminate\\Pipeline\\Pipeline.php(219): Illuminate\\Http\\Middleware\\ValidatePostSize->handle(Object(Illuminate\\Http\\Request), Object(Closure))\n#47 C:\\laragon\\www\\CV-Berkah-Fabrikasi-Besi\\vendor\\laravel\\framework\\src\\Illuminate\\Foundation\\Http\\Middleware\\PreventRequestsDuringMaintenance.php(109): Illuminate\\Pipeline\\Pipeline->Illuminate\\Pipeline\\{closure}(Object(Illuminate\\Http\\Request))\n#48 C:\\laragon\\www\\CV-Berkah-Fabrikasi-Besi\\vendor\\laravel\\framework\\src\\Illuminate\\Pipeline\\Pipeline.php(219): Illuminate\\Foundation\\Http\\Middleware\\PreventRequestsDuringMaintenance->handle(Object(Illuminate\\Http\\Request), Object(Closure))\n#49 C:\\laragon\\www\\CV-Berkah-Fabrikasi-Besi\\vendor\\laravel\\framework\\src\\Illuminate\\Http\\Middleware\\HandleCors.php(61): Illuminate\\Pipeline\\Pipeline->Illuminate\\Pipeline\\{closure}(Object(Illuminate\\Http\\Request))\n#50 C:\\laragon\\www\\CV-Berkah-Fabrikasi-Besi\\vendor\\laravel\\framework\\src\\Illuminate\\Pipeline\\Pipeline.php(219): Illuminate\\Http\\Middleware\\HandleCors->handle(Object(Illuminate\\Http\\Request), Object(Closure))\n#51 C:\\laragon\\www\\CV-Berkah-Fabrikasi-Besi\\vendor\\laravel\\framework\\src\\Illuminate\\Http\\Middleware\\TrustProxies.php(58): Illuminate\\Pipeline\\Pipeline->Illuminate\\Pipeline\\{closure}(Object(Illuminate\\Http\\Request))\n#52 C:\\laragon\\www\\CV-Berkah-Fabrikasi-Besi\\vendor\\laravel\\framework\\src\\Illuminate\\Pipeline\\Pipeline.php(219): Illuminate\\Http\\Middleware\\TrustProxies->handle(Object(Illuminate\\Http\\Request), Object(Closure))\n#53 C:\\laragon\\www\\CV-Berkah-Fabrikasi-Besi\\vendor\\laravel\\framework\\src\\Illuminate\\Foundation\\Http\\Middleware\\InvokeDeferredCallbacks.php(22): Illuminate\\Pipeline\\Pipeline->Illuminate\\Pipeline\\{closure}(Object(Illuminate\\Http\\Request))\n#54 C:\\laragon\\www\\CV-Berkah-Fabrikasi-Besi\\vendor\\laravel\\framework\\src\\Illuminate\\Pipeline\\Pipeline.php(219): Illuminate\\Foundation\\Http\\Middleware\\InvokeDeferredCallbacks->handle(Object(Illuminate\\Http\\Request), Object(Closure))\n#55 C:\\laragon\\www\\CV-Berkah-Fabrikasi-Besi\\vendor\\laravel\\framework\\src\\Illuminate\\Http\\Middleware\\ValidatePathEncoding.php(28): Illuminate\\Pipeline\\Pipeline->Illuminate\\Pipeline\\{closure}(Object(Illuminate\\Http\\Request))\n#56 C:\\laragon\\www\\CV-Berkah-Fabrikasi-Besi\\vendor\\laravel\\framework\\src\\Illuminate\\Pipeline\\Pipeline.php(219): Illuminate\\Http\\Middleware\\ValidatePathEncoding->handle(Object(Illuminate\\Http\\Request), Object(Closure))\n#57 C:\\laragon\\www\\CV-Berkah-Fabrikasi-Besi\\vendor\\laravel\\framework\\src\\Illuminate\\Pipeline\\Pipeline.php(137): Illuminate\\Pipeline\\Pipeline->Illuminate\\Pipeline\\{closure}(Object(Illuminate\\Http\\Request))\n#58 C:\\laragon\\www\\CV-Berkah-Fabrikasi-Besi\\vendor\\laravel\\framework\\src\\Illuminate\\Foundation\\Http\\Kernel.php(175): Illuminate\\Pipeline\\Pipeline->then(Object(Closure))\n#59 C:\\laragon\\www\\CV-Berkah-Fabrikasi-Besi\\vendor\\laravel\\framework\\src\\Illuminate\\Foundation\\Http\\Kernel.php(144): Illuminate\\Foundation\\Http\\Kernel->sendRequestThroughRouter(Object(Illuminate\\Http\\Request))\n#60 C:\\laragon\\www\\CV-Berkah-Fabrikasi-Besi\\vendor\\laravel\\framework\\src\\Illuminate\\Foundation\\Testing\\Concerns\\MakesHttpRequests.php(638): Illuminate\\Foundation\\Http\\Kernel->handle(Object(Illuminate\\Http\\Request))\n#61 C:\\laragon\\www\\CV-Berkah-Fabrikasi-Besi\\vendor\\laravel\\framework\\src\\Illuminate\\Foundation\\Testing\\Concerns\\MakesHttpRequests.php(368): Illuminate\\Foundation\\Testing\\TestCase->call('GET', '/cart', Array, Array, Array, Array)\n#62 C:\\laragon\\www\\CV-Berkah-Fabrikasi-Besi\\tests\\Feature\\PublicTest.php(23): Illuminate\\Foundation\\Testing\\TestCase->get('/cart')\n#63 C:\\laragon\\www\\CV-Berkah-Fabrikasi-Besi\\vendor\\phpunit\\phpunit\\src\\Framework\\TestCase.php(1318): Tests\\Feature\\PublicTest->test_cart_page_returns_a_successful_response()\n#64 C:\\laragon\\www\\CV-Berkah-Fabrikasi-Besi\\vendor\\phpunit\\phpunit\\src\\Framework\\TestCase.php(1355): PHPUnit\\Framework\\TestCase->invokeTestMethod('test_cart_page_..', Array)\n#65 C:\\laragon\\www\\CV-Berkah-Fabrikasi-Besi\\vendor\\phpunit\\phpunit\\src\\Framework\\TestCase.php(521): PHPUnit\\Framework\\TestCase->runTest()\n#66 C:\\laragon\\www\\CV-Berkah-Fabrikasi-Besi\\vendor\\phpunit\\phpunit\\src\\Framework\\TestRunner\\TestRunner.php(99): PHPUnit\\Framework\\TestCase->runBare()\n#67 C:\\laragon\\www\\CV-Berkah-Fabrikasi-Besi\\vendor\\phpunit\\phpunit\\src\\Framework\\TestCase.php(361): PHPUnit\\Framework\\TestRunner->run(Object(Tests\\Feature\\PublicTest))\n#68 C:\\laragon\\www\\CV-Berkah-Fabrikasi-Besi\\vendor\\phpunit\\phpunit\\src\\Framework\\TestSuite.php(374): PHPUnit\\Framework\\TestCase->run()\n#69 C:\\laragon\\www\\CV-Berkah-Fabrikasi-Besi\\vendor\\phpunit\\phpunit\\src\\Framework\\TestSuite.php(374): PHPUnit\\Framework\\TestSuite->run()\n#70 C:\\laragon\\www\\CV-Berkah-Fabrikasi-Besi\\vendor\\phpunit\\phpunit\\src\\Framework\\TestSuite.php(374): PHPUnit\\Framework\\TestSuite->run()\n#71 C:\\laragon\\www\\CV-Berkah-Fabrikasi-Besi\\vendor\\phpunit\\phpunit\\src\\TextUI\\TestRunner.php(64): PHPUnit\\Framework\\TestSuite->run()\n#72 C:\\laragon\\www\\CV-Berkah-Fabrikasi-Besi\\vendor\\phpunit\\phpunit\\src\\TextUI\\Application.php(229): PHPUnit\\TextUI\\TestRunner->run(Object(PHPUnit\\TextUI\\Configuration\\Configuration), Object(PHPUnit\\Runner\\ResultCache\\DefaultResultCache), Object(PHPUnit\\Framework\\TestSuite))\n#73 C:\\laragon\\www\\CV-Berkah-Fabrikasi-Besi\\vendor\\phpunit\\phpunit\\phpunit(104): PHPUnit\\TextUI\\Application->run(Array)\n#74 {main}\n\nNext Illuminate\\View\\ViewException: SQLSTATE[HY000]: General error: 1 no such table: settings (Connection: sqlite, Database: :memory:, SQL: select * from \"settings\" limit 1) (View: C:\\laragon\\www\\CV-Berkah-Fabrikasi-Besi\\resources\\views\\layouts\\public.blade.php) (View: C:\\laragon\\www\\CV-Berkah-Fabrikasi-Besi\\resources\\views\\layouts\\public.blade.php) in C:\\laragon\\www\\CV-Berkah-Fabrikasi-Besi\\vendor\\laravel\\framework\\src\\Illuminate\\Database\\Connection.php:857\nStack trace:\n#0 C:\\laragon\\www\\CV-Berkah-Fabrikasi-Besi\\vendor\\laravel\\framework\\src\\Illuminate\\View\\Engines\\PhpEngine.php(59): Illuminate\\View\\Engines\\CompilerEngine->handleViewException(Object(Illuminate\\View\\ViewException), 1)\n#1 C:\\laragon\\www\\CV-Berkah-Fabrikasi-Besi\\vendor\\laravel\\framework\\src\\Illuminate\\View\\Engines\\CompilerEngine.php(76): Illuminate\\View\\Engines\\PhpEngine->evaluatePath('C:\\\\laragon\\\\www\\\\..', Array)\n#2 C:\\laragon\\www\\CV-Berkah-Fabrikasi-Besi\\vendor\\laravel\\framework\\src\\Illuminate\\View\\View.php(208): Illuminate\\View\\Engines\\CompilerEngine->get('C:\\\\laragon\\\\www\\\\..', Array)\n#3 C:\\laragon\\www\\CV-Berkah-Fabrikasi-Besi\\vendor\\laravel\\framework\\src\\Illuminate\\View\\View.php(191): Illuminate\\View\\View->getContents()\n#4 C:\\laragon\\www\\CV-Berkah-Fabrikasi-Besi\\vendor\\laravel\\framework\\src\\Illuminate\\View\\View.php(160): Illuminate\\View\\View->renderContents()\n#5 C:\\laragon\\www\\CV-Berkah-Fabrikasi-Besi\\vendor\\laravel\\framework\\src\\Illuminate\\Http\\Response.php(82): Illuminate\\View\\View->render()\n#6 C:\\laragon\\www\\CV-Berkah-Fabrikasi-Besi\\vendor\\laravel\\framework\\src\\Illuminate\\Http\\Response.php(40): Illuminate\\Http\\Response->setContent(Object(Illuminate\\View\\View))\n#7 C:\\laragon\\www\\CV-Berkah-Fabrikasi-Besi\\vendor\\laravel\\framework\\src\\Illuminate\\Routing\\Router.php(939): Illuminate\\Http\\Response->__construct(Object(Illuminate\\View\\View), 200, Array)\n#8 C:\\laragon\\www\\CV-Berkah-Fabrikasi-Besi\\vendor\\laravel\\framework\\src\\Illuminate\\Routing\\Router.php(906): Illuminate\\Routing\\Router::toResponse(Object(Illuminate\\Http\\Request), Object(Illuminate\\View\\View))\n#9 C:\\laragon\\www\\CV-Berkah-Fabrikasi-Besi\\vendor\\laravel\\framework\\src\\Illuminate\\Routing\\Router.php(821): Illuminate\\Routing\\Router->prepareResponse(Object(Illuminate\\Http\\Request), Object(Illuminate\\View\\View))\n#10 C:\\laragon\\www\\CV-Berkah-Fabrikasi-Besi\\vendor\\laravel\\framework\\src\\Illuminate\\Pipeline\\Pipeline.php(180): Illuminate\\Routing\\Router->Illuminate\\Routing\\{closure}(Object(Illuminate\\Http\\Request))\n#11 C:\\laragon\\www\\CV-Berkah-Fabrikasi-Besi\\vendor\\laravel\\framework\\src\\Illuminate\\Routing\\Middleware\\SubstituteBindings.php(52): Illuminate\\Pipeline\\Pipeline->Illuminate\\Pipeline\\{closure}(Object(Illuminate\\Http\\Request))\n#12 C:\\laragon\\www\\CV-Berkah-Fabrikasi-Besi\\vendor\\laravel\\framework\\src\\Illuminate\\Pipeline\\Pipeline.php(219): Illuminate\\Routing\\Middleware\\SubstituteBindings->handle(Object(Illuminate\\Http\\Request), Object(Closure))\n#13 C:\\laragon\\www\\CV-Berkah-Fabrikasi-Besi\\vendor\\laravel\\framework\\src\\Illuminate\\Foundation\\Http\\Middleware\\PreventRequestForgery.php(104): Illuminate\\Pipeline\\Pipeline->Illuminate\\Pipeline\\{closure}(Object(Illuminate\\Http\\Request))\n#14 C:\\laragon\\www\\CV-Berkah-Fabrikasi-Besi\\vendor\\laravel\\framework\\src\\Illuminate\\Pipeline\\Pipeline.php(219): Illuminate\\Foundation\\Http\\Middleware\\PreventRequestForgery->handle(Object(Illuminate\\Http\\Request), Object(Closure))\n#15 C:\\laragon\\www\\CV-Berkah-Fabrikasi-Besi\\vendor\\laravel\\framework\\src\\Illuminate\\View\\Middleware\\ShareErrorsFromSession.php(48): Illuminate\\Pipeline\\Pipeline->Illuminate\\Pipeline\\{closure}(Object(Illuminate\\Http\\Request))\n#16 C:\\laragon\\www\\CV-Berkah-Fabrikasi-Besi\\vendor\\laravel\\framework\\src\\Illuminate\\Pipeline\\Pipeline.php(219): Illuminate\\View\\Middleware\\ShareErrorsFromSession->handle(Object(Illuminate\\Http\\Request), Object(Closure))\n#17 C:\\laragon\\www\\CV-Berkah-Fabrikasi-Besi\\vendor\\laravel\\framework\\src\\Illuminate\\Session\\Middleware\\StartSession.php(120): Illuminate\\Pipeline\\Pipeline->Illuminate\\Pipeline\\{closure}(Object(Illuminate\\Http\\Request))\n#18 C:\\laragon\\www\\CV-Berkah-Fabrikasi-Besi\\vendor\\laravel\\framework\\src\\Illuminate\\Session\\Middleware\\StartSession.php(63): Illuminate\\Session\\Middleware\\StartSession->handleStatefulRequest(Object(Illuminate\\Http\\Request), Object(Illuminate\\Session\\Store), Object(Closure))\n#19 C:\\laragon\\www\\CV-Berkah-Fabrikasi-Besi\\vendor\\laravel\\framework\\src\\Illuminate\\Pipeline\\Pipeline.php(219): Illuminate\\Session\\Middleware\\StartSession->handle(Object(Illuminate\\Http\\Request), Object(Closure))\n#20 C:\\laragon\\www\\CV-Berkah-Fabrikasi-Besi\\vendor\\laravel\\framework\\src\\Illuminate\\Cookie\\Middleware\\AddQueuedCookiesToResponse.php(36): Illuminate\\Pipeline\\Pipeline->Illuminate\\Pipeline\\{closure}(Object(Illuminate\\Http\\Request))\n#21 C:\\laragon\\www\\CV-Berkah-Fabrikasi-Besi\\vendor\\laravel\\framework\\src\\Illuminate\\Pipeline\\Pipeline.php(219): Illuminate\\Cookie\\Middleware\\AddQueuedCookiesToResponse->handle(Object(Illuminate\\Http\\Request), Object(Closure))\n#22 C:\\laragon\\www\\CV-Berkah-Fabrikasi-Besi\\vendor\\laravel\\framework\\src\\Illuminate\\Cookie\\Middleware\\EncryptCookies.php(74): Illuminate\\Pipeline\\Pipeline->Illuminate\\Pipeline\\{closure}(Object(Illuminate\\Http\\Request))\n#23 C:\\laragon\\www\\CV-Berkah-Fabrikasi-Besi\\vendor\\laravel\\framework\\src\\Illuminate\\Pipeline\\Pipeline.php(219): Illuminate\\Cookie\\Middleware\\EncryptCookies->handle(Object(Illuminate\\Http\\Request), Object(Closure))\n#24 C:\\laragon\\www\\CV-Berkah-Fabrikasi-Besi\\vendor\\laravel\\framework\\src\\Illuminate\\Pipeline\\Pipeline.php(137): Illuminate\\Pipeline\\Pipeline->Illuminate\\Pipeline\\{closure}(Object(Illuminate\\Http\\Request))\n#25 C:\\laragon\\www\\CV-Berkah-Fabrikasi-Besi\\vendor\\laravel\\framework\\src\\Illuminate\\Routing\\Router.php(821): Illuminate\\Pipeline\\Pipeline->then(Object(Closure))\n#26 C:\\laragon\\www\\CV-Berkah-Fabrikasi-Besi\\vendor\\laravel\\framework\\src\\Illuminate\\Routing\\Router.php(800): Illuminate\\Routing\\Router->runRouteWithinStack(Object(Illuminate\\Routing\\Route), Object(Illuminate\\Http\\Request))\n#27 C:\\laragon\\www\\CV-Berkah-Fabrikasi-Besi\\vendor\\laravel\\framework\\src\\Illuminate\\Routing\\Router.php(764): Illuminate\\Routing\\Router->runRoute(Object(Illuminate\\Http\\Request), Object(Illuminate\\Routing\\Route))\n#28 C:\\laragon\\www\\CV-Berkah-Fabrikasi-Besi\\vendor\\laravel\\framework\\src\\Illuminate\\Routing\\Router.php(753): Illuminate\\Routing\\Router->dispatchToRoute(Object(Illuminate\\Http\\Request))\n#29 C:\\laragon\\www\\CV-Berkah-Fabrikasi-Besi\\vendor\\laravel\\framework\\src\\Illuminate\\Foundation\\Http\\Kernel.php(200): Illuminate\\Routing\\Router->dispatch(Object(Illuminate\\Http\\Request))\n#30 C:\\laragon\\www\\CV-Berkah-Fabrikasi-Besi\\vendor\\laravel\\framework\\src\\Illuminate\\Pipeline\\Pipeline.php(180): Illuminate\\Foundation\\Http\\Kernel->Illuminate\\Foundation\\Http\\{closure}(Object(Illuminate\\Http\\Request))\n#31 C:\\laragon\\www\\CV-Berkah-Fabrikasi-Besi\\vendor\\laravel\\framework\\src\\Illuminate\\Foundation\\Http\\Middleware\\TransformsRequest.php(21): Illuminate\\Pipeline\\Pipeline->Illuminate\\Pipeline\\{closure}(Object(Illuminate\\Http\\Request))\n#32 C:\\laragon\\www\\CV-Berkah-Fabrikasi-Besi\\vendor\\laravel\\framework\\src\\Illuminate\\Foundation\\Http\\Middleware\\ConvertEmptyStringsToNull.php(31): Illuminate\\Foundation\\Http\\Middleware\\TransformsRequest->handle(Object(Illuminate\\Http\\Request), Object(Closure))\n#33 C:\\laragon\\www\\CV-Berkah-Fabrikasi-Besi\\vendor\\laravel\\framework\\src\\Illuminate\\Pipeline\\Pipeline.php(219): Illuminate\\Foundation\\Http\\Middleware\\ConvertEmptyStringsToNull->handle(Object(Illuminate\\Http\\Request), Object(Closure))\n#34 C:\\laragon\\www\\CV-Berkah-Fabrikasi-Besi\\vendor\\laravel\\framework\\src\\Illuminate\\Foundation\\Http\\Middleware\\TransformsRequest.php(21): Illuminate\\Pipeline\\Pipeline->Illuminate\\Pipeline\\{closure}(Object(Illuminate\\Http\\Request))\n#35 C:\\laragon\\www\\CV-Berkah-Fabrikasi-Besi\\vendor\\laravel\\framework\\src\\Illuminate\\Foundation\\Http\\Middleware\\TrimStrings.php(51): Illuminate\\Foundation\\Http\\Middleware\\TransformsRequest->handle(Object(Illuminate\\Http\\Request), Object(Closure))\n#36 C:\\laragon\\www\\CV-Berkah-Fabrikasi-Besi\\vendor\\laravel\\framework\\src\\Illuminate\\Pipeline\\Pipeline.php(219): Illuminate\\Foundation\\Http\\Middleware\\TrimStrings->handle(Object(Illuminate\\Http\\Request), Object(Closure))\n#37 C:\\laragon\\www\\CV-Berkah-Fabrikasi-Besi\\vendor\\laravel\\framework\\src\\Illuminate\\Http\\Middleware\\ValidatePostSize.php(27): Illuminate\\Pipeline\\Pipeline->Illuminate\\Pipeline\\{closure}(Object(Illuminate\\Http\\Request))\n#38 C:\\laragon\\www\\CV-Berkah-Fabrikasi-Besi\\vendor\\laravel\\framework\\src\\Illuminate\\Pipeline\\Pipeline.php(219): Illuminate\\Http\\Middleware\\ValidatePostSize->handle(Object(Illuminate\\Http\\Request), Object(Closure))\n#39 C:\\laragon\\www\\CV-Berkah-Fabrikasi-Besi\\vendor\\laravel\\framework\\src\\Illuminate\\Foundation\\Http\\Middleware\\PreventRequestsDuringMaintenance.php(109): Illuminate\\Pipeline\\Pipeline->Illuminate\\Pipeline\\{closure}(Object(Illuminate\\Http\\Request))\n#40 C:\\laragon\\www\\CV-Berkah-Fabrikasi-Besi\\vendor\\laravel\\framework\\src\\Illuminate\\Pipeline\\Pipeline.php(219): Illuminate\\Foundation\\Http\\Middleware\\PreventRequestsDuringMaintenance->handle(Object(Illuminate\\Http\\Request), Object(Closure))\n#41 C:\\laragon\\www\\CV-Berkah-Fabrikasi-Besi\\vendor\\laravel\\framework\\src\\Illuminate\\Http\\Middleware\\HandleCors.php(61): Illuminate\\Pipeline\\Pipeline->Illuminate\\Pipeline\\{closure}(Object(Illuminate\\Http\\Request))\n#42 C:\\laragon\\www\\CV-Berkah-Fabrikasi-Besi\\vendor\\laravel\\framework\\src\\Illuminate\\Pipeline\\Pipeline.php(219): Illuminate\\Http\\Middleware\\HandleCors->handle(Object(Illuminate\\Http\\Request), Object(Closure))\n#43 C:\\laragon\\www\\CV-Berkah-Fabrikasi-Besi\\vendor\\laravel\\framework\\src\\Illuminate\\Http\\Middleware\\TrustProxies.php(58): Illuminate\\Pipeline\\Pipeline->Illuminate\\Pipeline\\{closure}(Object(Illuminate\\Http\\Request))\n#44 C:\\laragon\\www\\CV-Berkah-Fabrikasi-Besi\\vendor\\laravel\\framework\\src\\Illuminate\\Pipeline\\Pipeline.php(219): Illuminate\\Http\\Middleware\\TrustProxies->handle(Object(Illuminate\\Http\\Request), Object(Closure))\n#45 C:\\laragon\\www\\CV-Berkah-Fabrikasi-Besi\\vendor\\laravel\\framework\\src\\Illuminate\\Foundation\\Http\\Middleware\\InvokeDeferredCallbacks.php(22): Illuminate\\Pipeline\\Pipeline->Illuminate\\Pipeline\\{closure}(Object(Illuminate\\Http\\Request))\n#46 C:\\laragon\\www\\CV-Berkah-Fabrikasi-Besi\\vendor\\laravel\\framework\\src\\Illuminate\\Pipeline\\Pipeline.php(219): Illuminate\\Foundation\\Http\\Middleware\\InvokeDeferredCallbacks->handle(Object(Illuminate\\Http\\Request), Object(Closure))\n#47 C:\\laragon\\www\\CV-Berkah-Fabrikasi-Besi\\vendor\\laravel\\framework\\src\\Illuminate\\Http\\Middleware\\ValidatePathEncoding.php(28): Illuminate\\Pipeline\\Pipeline->Illuminate\\Pipeline\\{closure}(Object(Illuminate\\Http\\Request))\n#48 C:\\laragon\\www\\CV-Berkah-Fabrikasi-Besi\\vendor\\laravel\\framework\\src\\Illuminate\\Pipeline\\Pipeline.php(219): Illuminate\\Http\\Middleware\\ValidatePathEncoding->handle(Object(Illuminate\\Http\\Request), Object(Closure))\n#49 C:\\laragon\\www\\CV-Berkah-Fabrikasi-Besi\\vendor\\laravel\\framework\\src\\Illuminate\\Pipeline\\Pipeline.php(137): Illuminate\\Pipeline\\Pipeline->Illuminate\\Pipeline\\{closure}(Object(Illuminate\\Http\\Request))\n#50 C:\\laragon\\www\\CV-Berkah-Fabrikasi-Besi\\vendor\\laravel\\framework\\src\\Illuminate\\Foundation\\Http\\Kernel.php(175): Illuminate\\Pipeline\\Pipeline->then(Object(Closure))\n#51 C:\\laragon\\www\\CV-Berkah-Fabrikasi-Besi\\vendor\\laravel\\framework\\src\\Illuminate\\Foundation\\Http\\Kernel.php(144): Illuminate\\Foundation\\Http\\Kernel->sendRequestThroughRouter(Object(Illuminate\\Http\\Request))\n#52 C:\\laragon\\www\\CV-Berkah-Fabrikasi-Besi\\vendor\\laravel\\framework\\src\\Illuminate\\Foundation\\Testing\\Concerns\\MakesHttpRequests.php(638): Illuminate\\Foundation\\Http\\Kernel->handle(Object(Illuminate\\Http\\Request))\n#53 C:\\laragon\\www\\CV-Berkah-Fabrikasi-Besi\\vendor\\laravel\\framework\\src\\Illuminate\\Foundation\\Testing\\Concerns\\MakesHttpRequests.php(368): Illuminate\\Foundation\\Testing\\TestCase->call('GET', '/cart', Array, Array, Array, Array)\n#54 C:\\laragon\\www\\CV-Berkah-Fabrikasi-Besi\\tests\\Feature\\PublicTest.php(23): Illuminate\\Foundation\\Testing\\TestCase->get('/cart')\n#55 C:\\laragon\\www\\CV-Berkah-Fabrikasi-Besi\\vendor\\phpunit\\phpunit\\src\\Framework\\TestCase.php(1318): Tests\\Feature\\PublicTest->test_cart_page_returns_a_successful_response()\n#56 C:\\laragon\\www\\CV-Berkah-Fabrikasi-Besi\\vendor\\phpunit\\phpunit\\src\\Framework\\TestCase.php(1355): PHPUnit\\Framework\\TestCase->invokeTestMethod('test_cart_page_..', Array)\n#57 C:\\laragon\\www\\CV-Berkah-Fabrikasi-Besi\\vendor\\phpunit\\phpunit\\src\\Framework\\TestCase.php(521): PHPUnit\\Framework\\TestCase->runTest()\n#58 C:\\laragon\\www\\CV-Berkah-Fabrikasi-Besi\\vendor\\phpunit\\phpunit\\src\\Framework\\TestRunner\\TestRunner.php(99): PHPUnit\\Framework\\TestCase->runBare()\n#59 C:\\laragon\\www\\CV-Berkah-Fabrikasi-Besi\\vendor\\phpunit\\phpunit\\src\\Framework\\TestCase.php(361): PHPUnit\\Framework\\TestRunner->run(Object(Tests\\Feature\\PublicTest))\n#60 C:\\laragon\\www\\CV-Berkah-Fabrikasi-Besi\\vendor\\phpunit\\phpunit\\src\\Framework\\TestSuite.php(374): PHPUnit\\Framework\\TestCase->run()\n#61 C:\\laragon\\www\\CV-Berkah-Fabrikasi-Besi\\vendor\\phpunit\\phpunit\\src\\Framework\\TestSuite.php(374): PHPUnit\\Framework\\TestSuite->run()\n#62 C:\\laragon\\www\\CV-Berkah-Fabrikasi-Besi\\vendor\\phpunit\\phpunit\\src\\Framework\\TestSuite.php(374): PHPUnit\\Framework\\TestSuite->run()\n#63 C:\\laragon\\www\\CV-Berkah-Fabrikasi-Besi\\vendor\\phpunit\\phpunit\\src\\TextUI\\TestRunner.php(64): PHPUnit\\Framework\\TestSuite->run()\n#64 C:\\laragon\\www\\CV-Berkah-Fabrikasi-Besi\\vendor\\phpunit\\phpunit\\src\\TextUI\\Application.php(229): PHPUnit\\TextUI\\TestRunner->run(Object(PHPUnit\\TextUI\\Configuration\\Configuration), Object(PHPUnit\\Runner\\ResultCache\\DefaultResultCache), Object(PHPUnit\\Framework\\TestSuite))\n#65 C:\\laragon\\www\\CV-Berkah-Fabrikasi-Besi\\vendor\\phpunit\\phpunit\\phpunit(104): PHPUnit\\TextUI\\Application->run(Array)\n#66 {main}\n\n----------------------------------------------------------------------------------\n\nSQLSTATE[HY000]: General error: 1 no such table: settings (Connection: sqlite, Database: :memory:, SQL: select * from \"settings\" limit 1) (View: C:\\laragon\\www\\CV-Berkah-Fabrikasi-Besi\\resources\\views\\layouts\\public.blade.php) (View: C:\\laragon\\www\\CV-Berkah-Fabrikasi-Besi\\resources\\views\\layouts\\public.blade.php)"},{"test":"Tests\\Feature\\PublicTest::test_checkout_page_returns_a_successful_response","file":"C:\\laragon\\www\\CV-Berkah-Fabrikasi-Besi\\tests\\Feature\\PublicTest.php","line":27,"message":"Expected response status code [200] but received 302.\nFailed asserting that 302 is identical to 200."},{"test":"Tests\\Feature\\PublicTest::test_about_page_returns_a_successful_response","file":"C:\\laragon\\www\\CV-Berkah-Fabrikasi-Besi\\tests\\Feature\\PublicTest.php","line":33,"message":"Expected response status code [200] but received 500.\nFailed asserting that 500 is identical to 200.\r\n\r\nThe following exception occurred during the last request:\n\nPDOException: SQLSTATE[HY000]: General error: 1 no such table: settings in C:\\laragon\\www\\CV-Berkah-Fabrikasi-Besi\\vendor\\laravel\\framework\\src\\Illuminate\\Database\\Connection.php:435\nStack trace:\n#0 C:\\laragon\\www\\CV-Berkah-Fabrikasi-Besi\\vendor\\laravel\\framework\\src\\Illuminate\\Database\\Connection.php(435): PDO->prepare('select * from \"..')\n#1 C:\\laragon\\www\\CV-Berkah-Fabrikasi-Besi\\vendor\\laravel\\framework\\src\\Illuminate\\Database\\Connection.php(846): Illuminate\\Database\\Connection->Illuminate\\Database\\{closure}('select * from \"..', Array)\n#2 C:\\laragon\\www\\CV-Berkah-Fabrikasi-Besi\\vendor\\laravel\\framework\\src\\Illuminate\\Database\\Connection.php(813): Illuminate\\Database\\Connection->runQueryCallback('select * from \"..', Array, Object(Closure))\n#3 C:\\laragon\\www\\CV-Berkah-Fabrikasi-Besi\\vendor\\laravel\\framework\\src\\Illuminate\\Database\\Connection.php(426): Illuminate\\Database\\Connection->run('select * from \"..', Array, Object(Closure))\n#4 C:\\laragon\\www\\CV-Berkah-Fabrikasi-Besi\\vendor\\laravel\\framework\\src\\Illuminate\\Database\\Query\\Builder.php(3573): Illuminate\\Database\\Connection->select('select * from \"..', Array, true, Array)\n#5 C:\\laragon\\www\\CV-Berkah-Fabrikasi-Besi\\vendor\\laravel\\framework\\src\\Illuminate\\Database\\Query\\Builder.php(3557): Illuminate\\Database\\Query\\Builder->runSelect()\n#6 C:\\laragon\\www\\CV-Berkah-Fabrikasi-Besi\\vendor\\laravel\\framework\\src\\Illuminate\\Database\\Eloquent\\Builder.php(908): Illuminate\\Database\\Query\\Builder->get(Array)\n#7 C:\\laragon\\www\\CV-Berkah-Fabrikasi-Besi\\vendor\\laravel\\framework\\src\\Illuminate\\Database\\Eloquent\\Builder.php(890): Illuminate\\Database\\Eloquent\\Builder->getModels(Array)\n#8 C:\\laragon\\www\\CV-Berkah-Fabrikasi-Besi\\vendor\\laravel\\framework\\src\\Illuminate\\Database\\Concerns\\BuildsQueries.php(366): Illuminate\\Database\\Eloquent\\Builder->get(Array)\n#9 C:\\laragon\\www\\CV-Berkah-Fabrikasi-Besi\\vendor\\laravel\\framework\\src\\Illuminate\\Database\\Eloquent\\Builder.php(712): Illuminate\\Database\\Eloquent\\Builder->first()\n#10 C:\\laragon\\www\\CV-Berkah-Fabrikasi-Besi\\vendor\\laravel\\framework\\src\\Illuminate\\Support\\Traits\\ForwardsCalls.php(23): Illuminate\\Database\\Eloquent\\Builder->firstOrCreate(Array, Array)\n#11 C:\\laragon\\www\\CV-Berkah-Fabrikasi-Besi\\vendor\\laravel\\framework\\src\\Illuminate\\Database\\Eloquent\\Model.php(2831): Illuminate\\Database\\Eloquent\\Model->forwardCallTo(Object(Illuminate\\Database\\Eloquent\\Builder), 'firstOrCreate', Array)\n#12 C:\\laragon\\www\\CV-Berkah-Fabrikasi-Besi\\vendor\\laravel\\framework\\src\\Illuminate\\Database\\Eloquent\\Model.php(2847): Illuminate\\Database\\Eloquent\\Model->__call('firstOrCreate', Array)\n#13 C:\\laragon\\www\\CV-Berkah-Fabrikasi-Besi\\app\\Models\\Setting.php(22): Illuminate\\Database\\Eloquent\\Model::__callStatic('firstOrCreate', Array)\n#14 C:\\laragon\\www\\CV-Berkah-Fabrikasi-Besi\\app\\Http\\Controllers\\AboutController.php(14): App\\Models\\Setting::getSetting()\n#15 C:\\laragon\\www\\CV-Berkah-Fabrikasi-Besi\\vendor\\laravel\\framework\\src\\Illuminate\\Routing\\ControllerDispatcher.php(46): App\\Http\\Controllers\\AboutController->index()\n#16 C:\\laragon\\www\\CV-Berkah-Fabrikasi-Besi\\vendor\\laravel\\framework\\src\\Illuminate\\Routing\\Route.php(276): Illuminate\\Routing\\ControllerDispatcher->dispatch(Object(Illuminate\\Routing\\Route), Object(App\\Http\\Controllers\\AboutController), 'index')\n#17 C:\\laragon\\www\\CV-Berkah-Fabrikasi-Besi\\vendor\\laravel\\framework\\src\\Illuminate\\Routing\\Route.php(216): Illuminate\\Routing\\Route->runController()\n#18 C:\\laragon\\www\\CV-Berkah-Fabrikasi-Besi\\vendor\\laravel\\framework\\src\\Illuminate\\Routing\\Router.php(822): Illuminate\\Routing\\Route->run()\n#19 C:\\laragon\\www\\CV-Berkah-Fabrikasi-Besi\\vendor\\laravel\\framework\\src\\Illuminate\\Pipeline\\Pipeline.php(180): Illuminate\\Routing\\Router->Illuminate\\Routing\\{closure}(Object(Illuminate\\Http\\Request))\n#20 C:\\laragon\\www\\CV-Berkah-Fabrikasi-Besi\\vendor\\laravel\\framework\\src\\Illuminate\\Routing\\Middleware\\SubstituteBindings.php(52): Illuminate\\Pipeline\\Pipeline->Illuminate\\Pipeline\\{closure}(Object(Illuminate\\Http\\Request))\n#21 C:\\laragon\\www\\CV-Berkah-Fabrikasi-Besi\\vendor\\laravel\\framework\\src\\Illuminate\\Pipeline\\Pipeline.php(219): Illuminate\\Routing\\Middleware\\SubstituteBindings->handle(Object(Illuminate\\Http\\Request), Object(Closure))\n#22 C:\\laragon\\www\\CV-Berkah-Fabrikasi-Besi\\vendor\\laravel\\framework\\src\\Illuminate\\Foundation\\Http\\Middleware\\PreventRequestForgery.php(104): Illuminate\\Pipeline\\Pipeline->Illuminate\\Pipeline\\{closure}(Object(Illuminate\\Http\\Request))\n#23 C:\\laragon\\www\\CV-Berkah-Fabrikasi-Besi\\vendor\\laravel\\framework\\src\\Illuminate\\Pipeline\\Pipeline.php(219): Illuminate\\Foundation\\Http\\Middleware\\PreventRequestForgery->handle(Object(Illuminate\\Http\\Request), Object(Closure))\n#24 C:\\laragon\\www\\CV-Berkah-Fabrikasi-Besi\\vendor\\laravel\\framework\\src\\Illuminate\\View\\Middleware\\ShareErrorsFromSession.php(48): Illuminate\\Pipeline\\Pipeline->Illuminate\\Pipeline\\{closure}(Object(Illuminate\\Http\\Request))\n#25 C:\\laragon\\www\\CV-Berkah-Fabrikasi-Besi\\vendor\\laravel\\framework\\src\\Illuminate\\Pipeline\\Pipeline.php(219): Illuminate\\View\\Middleware\\ShareErrorsFromSession->handle(Object(Illuminate\\Http\\Request), Object(Closure))\n#26 C:\\laragon\\www\\CV-Berkah-Fabrikasi-Besi\\vendor\\laravel\\framework\\src\\Illuminate\\Session\\Middleware\\StartSession.php(120): Illuminate\\Pipeline\\Pipeline->Illuminate\\Pipeline\\{closure}(Object(Illuminate\\Http\\Request))\n#27 C:\\laragon\\www\\CV-Berkah-Fabrikasi-Besi\\vendor\\laravel\\framework\\src\\Illuminate\\Session\\Middleware\\StartSession.php(63): Illuminate\\Session\\Middleware\\StartSession->handleStatefulRequest(Object(Illuminate\\Http\\Request), Object(Illuminate\\Session\\Store), Object(Closure))\n#28 C:\\laragon\\www\\CV-Berkah-Fabrikasi-Besi\\vendor\\laravel\\framework\\src\\Illuminate\\Pipeline\\Pipeline.php(219): Illuminate\\Session\\Middleware\\StartSession->handle(Object(Illuminate\\Http\\Request), Object(Closure))\n#29 C:\\laragon\\www\\CV-Berkah-Fabrikasi-Besi\\vendor\\laravel\\framework\\src\\Illuminate\\Cookie\\Middleware\\AddQueuedCookiesToResponse.php(36): Illuminate\\Pipeline\\Pipeline->Illuminate\\Pipeline\\{closure}(Object(Illuminate\\Http\\Request))\n#30 C:\\laragon\\www\\CV-Berkah-Fabrikasi-Besi\\vendor\\laravel\\framework\\src\\Illuminate\\Pipeline\\Pipeline.php(219): Illuminate\\Cookie\\Middleware\\AddQueuedCookiesToResponse->handle(Object(Illuminate\\Http\\Request), Object(Closure))\n#31 C:\\laragon\\www\\CV-Berkah-Fabrikasi-Besi\\vendor\\laravel\\framework\\src\\Illuminate\\Cookie\\Middleware\\EncryptCookies.php(74): Illuminate\\Pipeline\\Pipeline->Illuminate\\Pipeline\\{closure}(Object(Illuminate\\Http\\Request))\n#32 C:\\laragon\\www\\CV-Berkah-Fabrikasi-Besi\\vendor\\laravel\\framework\\src\\Illuminate\\Pipeline\\Pipeline.php(219): Illuminate\\Cookie\\Middleware\\EncryptCookies->handle(Object(Illuminate\\Http\\Request), Object(Closure))\n#33 C:\\laragon\\www\\CV-Berkah-Fabrikasi-Besi\\vendor\\laravel\\framework\\src\\Illuminate\\Pipeline\\Pipeline.php(137): Illuminate\\Pipeline\\Pipeline->Illuminate\\Pipeline\\{closure}(Object(Illuminate\\Http\\Request))\n#34 C:\\laragon\\www\\CV-Berkah-Fabrikasi-Besi\\vendor\\laravel\\framework\\src\\Illuminate\\Routing\\Router.php(821): Illuminate\\Pipeline\\Pipeline->then(Object(Closure))\n#35 C:\\laragon\\www\\CV-Berkah-Fabrikasi-Besi\\vendor\\laravel\\framework\\src\\Illuminate\\Routing\\Router.php(800): Illuminate\\Routing\\Router->runRouteWithinStack(Object(Illuminate\\Routing\\Route), Object(Illuminate\\Http\\Request))\n#36 C:\\laragon\\www\\CV-Berkah-Fabrikasi-Besi\\vendor\\laravel\\framework\\src\\Illuminate\\Routing\\Router.php(764): Illuminate\\Routing\\Router->runRoute(Object(Illuminate\\Http\\Request), Object(Illuminate\\Routing\\Route))\n#37 C:\\laragon\\www\\CV-Berkah-Fabrikasi-Besi\\vendor\\laravel\\framework\\src\\Illuminate\\Routing\\Router.php(753): Illuminate\\Routing\\Router->dispatchToRoute(Object(Illuminate\\Http\\Request))\n#38 C:\\laragon\\www\\CV-Berkah-Fabrikasi-Besi\\vendor\\laravel\\framework\\src\\Illuminate\\Foundation\\Http\\Kernel.php(200): Illuminate\\Routing\\Router->dispatch(Object(Illuminate\\Http\\Request))\n#39 C:\\laragon\\www\\CV-Berkah-Fabrikasi-Besi\\vendor\\laravel\\framework\\src\\Illuminate\\Pipeline\\Pipeline.php(180): Illuminate\\Foundation\\Http\\Kernel->Illuminate\\Foundation\\Http\\{closure}(Object(Illuminate\\Http\\Request))\n#40 C:\\laragon\\www\\CV-Berkah-Fabrikasi-Besi\\vendor\\laravel\\framework\\src\\Illuminate\\Foundation\\Http\\Middleware\\TransformsRequest.php(21): Illuminate\\Pipeline\\Pipeline->Illuminate\\Pipeline\\{closure}(Object(Illuminate\\Http\\Request))\n#41 C:\\laragon\\www\\CV-Berkah-Fabrikasi-Besi\\vendor\\laravel\\framework\\src\\Illuminate\\Foundation\\Http\\Middleware\\ConvertEmptyStringsToNull.php(31): Illuminate\\Foundation\\Http\\Middleware\\TransformsRequest->handle(Object(Illuminate\\Http\\Request), Object(Closure))\n#42 C:\\laragon\\www\\CV-Berkah-Fabrikasi-Besi\\vendor\\laravel\\framework\\src\\Illuminate\\Pipeline\\Pipeline.php(219): Illuminate\\Foundation\\Http\\Middleware\\ConvertEmptyStringsToNull->handle(Object(Illuminate\\Http\\Request), Object(Closure))\n#43 C:\\laragon\\www\\CV-Berkah-Fabrikasi-Besi\\vendor\\laravel\\framework\\src\\Illuminate\\Foundation\\Http\\Middleware\\TransformsRequest.php(21): Illuminate\\Pipeline\\Pipeline->Illuminate\\Pipeline\\{closure}(Object(Illuminate\\Http\\Request))\n#44 C:\\laragon\\www\\CV-Berkah-Fabrikasi-Besi\\vendor\\laravel\\framework\\src\\Illuminate\\Foundation\\Http\\Middleware\\TrimStrings.php(51): Illuminate\\Foundation\\Http\\Middleware\\TransformsRequest->handle(Object(Illuminate\\Http\\Request), Object(Closure))\n#45 C:\\laragon\\www\\CV-Berkah-Fabrikasi-Besi\\vendor\\laravel\\framework\\src\\Illuminate\\Pipeline\\Pipeline.php(219): Illuminate\\Foundation\\Http\\Middleware\\TrimStrings->handle(Object(Illuminate\\Http\\Request), Object(Closure))\n#46 C:\\laragon\\www\\CV-Berkah-Fabrikasi-Besi\\vendor\\laravel\\framework\\src\\Illuminate\\Http\\Middleware\\ValidatePostSize.php(27): Illuminate\\Pipeline\\Pipeline->Illuminate\\Pipeline\\{closure}(Object(Illuminate\\Http\\Request))\n#47 C:\\laragon\\www\\CV-Berkah-Fabrikasi-Besi\\vendor\\laravel\\framework\\src\\Illuminate\\Pipeline\\Pipeline.php(219): Illuminate\\Http\\Middleware\\ValidatePostSize->handle(Object(Illuminate\\Http\\Request), Object(Closure))\n#48 C:\\laragon\\www\\CV-Berkah-Fabrikasi-Besi\\vendor\\laravel\\framework\\src\\Illuminate\\Foundation\\Http\\Middleware\\PreventRequestsDuringMaintenance.php(109): Illuminate\\Pipeline\\Pipeline->Illuminate\\Pipeline\\{closure}(Object(Illuminate\\Http\\Request))\n#49 C:\\laragon\\www\\CV-Berkah-Fabrikasi-Besi\\vendor\\laravel\\framework\\src\\Illuminate\\Pipeline\\Pipeline.php(219): Illuminate\\Foundation\\Http\\Middleware\\PreventRequestsDuringMaintenance->handle(Object(Illuminate\\Http\\Request), Object(Closure))\n#50 C:\\laragon\\www\\CV-Berkah-Fabrikasi-Besi\\vendor\\laravel\\framework\\src\\Illuminate\\Http\\Middleware\\HandleCors.php(61): Illuminate\\Pipeline\\Pipeline->Illuminate\\Pipeline\\{closure}(Object(Illuminate\\Http\\Request))\n#51 C:\\laragon\\www\\CV-Berkah-Fabrikasi-Besi\\vendor\\laravel\\framework\\src\\Illuminate\\Pipeline\\Pipeline.php(219): Illuminate\\Http\\Middleware\\HandleCors->handle(Object(Illuminate\\Http\\Request), Object(Closure))\n#52 C:\\laragon\\www\\CV-Berkah-Fabrikasi-Besi\\vendor\\laravel\\framework\\src\\Illuminate\\Http\\Middleware\\TrustProxies.php(58): Illuminate\\Pipeline\\Pipeline->Illuminate\\Pipeline\\{closure}(Object(Illuminate\\Http\\Request))\n#53 C:\\laragon\\www\\CV-Berkah-Fabrikasi-Besi\\vendor\\laravel\\framework\\src\\Illuminate\\Pipeline\\Pipeline.php(219): Illuminate\\Http\\Middleware\\TrustProxies->handle(Object(Illuminate\\Http\\Request), Object(Closure))\n#54 C:\\laragon\\www\\CV-Berkah-Fabrikasi-Besi\\vendor\\laravel\\framework\\src\\Illuminate\\Foundation\\Http\\Middleware\\InvokeDeferredCallbacks.php(22): Illuminate\\Pipeline\\Pipeline->Illuminate\\Pipeline\\{closure}(Object(Illuminate\\Http\\Request))\n#55 C:\\laragon\\www\\CV-Berkah-Fabrikasi-Besi\\vendor\\laravel\\framework\\src\\Illuminate\\Pipeline\\Pipeline.php(219): Illuminate\\Foundation\\Http\\Middleware\\InvokeDeferredCallbacks->handle(Object(Illuminate\\Http\\Request), Object(Closure))\n#56 C:\\laragon\\www\\CV-Berkah-Fabrikasi-Besi\\vendor\\laravel\\framework\\src\\Illuminate\\Http\\Middleware\\ValidatePathEncoding.php(28): Illuminate\\Pipeline\\Pipeline->Illuminate\\Pipeline\\{closure}(Object(Illuminate\\Http\\Request))\n#57 C:\\laragon\\www\\CV-Berkah-Fabrikasi-Besi\\vendor\\laravel\\framework\\src\\Illuminate\\Pipeline\\Pipeline.php(219): Illuminate\\Http\\Middleware\\ValidatePathEncoding->handle(Object(Illuminate\\Http\\Request), Object(Closure))\n#58 C:\\laragon\\www\\CV-Berkah-Fabrikasi-Besi\\vendor\\laravel\\framework\\src\\Illuminate\\Pipeline\\Pipeline.php(137): Illuminate\\Pipeline\\Pipeline->Illuminate\\Pipeline\\{closure}(Object(Illuminate\\Http\\Request))\n#59 C:\\laragon\\www\\CV-Berkah-Fabrikasi-Besi\\vendor\\laravel\\framework\\src\\Illuminate\\Foundation\\Http\\Kernel.php(175): Illuminate\\Pipeline\\Pipeline->then(Object(Closure))\n#60 C:\\laragon\\www\\CV-Berkah-Fabrikasi-Besi\\vendor\\laravel\\framework\\src\\Illuminate\\Foundation\\Http\\Kernel.php(144): Illuminate\\Foundation\\Http\\Kernel->sendRequestThroughRouter(Object(Illuminate\\Http\\Request))\n#61 C:\\laragon\\www\\CV-Berkah-Fabrikasi-Besi\\vendor\\laravel\\framework\\src\\Illuminate\\Foundation\\Testing\\Concerns\\MakesHttpRequests.php(638): Illuminate\\Foundation\\Http\\Kernel->handle(Object(Illuminate\\Http\\Request))\n#62 C:\\laragon\\www\\CV-Berkah-Fabrikasi-Besi\\vendor\\laravel\\framework\\src\\Illuminate\\Foundation\\Testing\\Concerns\\MakesHttpRequests.php(368): Illuminate\\Foundation\\Testing\\TestCase->call('GET', '/about', Array, Array, Array, Array)\n#63 C:\\laragon\\www\\CV-Berkah-Fabrikasi-Besi\\tests\\Feature\\PublicTest.php(35): Illuminate\\Foundation\\Testing\\TestCase->get('/about')\n#64 C:\\laragon\\www\\CV-Berkah-Fabrikasi-Besi\\vendor\\phpunit\\phpunit\\src\\Framework\\TestCase.php(1318): Tests\\Feature\\PublicTest->test_about_page_returns_a_successful_response()\n#65 C:\\laragon\\www\\CV-Berkah-Fabrikasi-Besi\\vendor\\phpunit\\phpunit\\src\\Framework\\TestCase.php(1355): PHPUnit\\Framework\\TestCase->invokeTestMethod('test_about_page..', Array)\n#66 C:\\laragon\\www\\CV-Berkah-Fabrikasi-Besi\\vendor\\phpunit\\phpunit\\src\\Framework\\TestCase.php(521): PHPUnit\\Framework\\TestCase->runTest()\n#67 C:\\laragon\\www\\CV-Berkah-Fabrikasi-Besi\\vendor\\phpunit\\phpunit\\src\\Framework\\TestRunner\\TestRunner.php(99): PHPUnit\\Framework\\TestCase->runBare()\n#68 C:\\laragon\\www\\CV-Berkah-Fabrikasi-Besi\\vendor\\phpunit\\phpunit\\src\\Framework\\TestCase.php(361): PHPUnit\\Framework\\TestRunner->run(Object(Tests\\Feature\\PublicTest))\n#69 C:\\laragon\\www\\CV-Berkah-Fabrikasi-Besi\\vendor\\phpunit\\phpunit\\src\\Framework\\TestSuite.php(374): PHPUnit\\Framework\\TestCase->run()\n#70 C:\\laragon\\www\\CV-Berkah-Fabrikasi-Besi\\vendor\\phpunit\\phpunit\\src\\Framework\\TestSuite.php(374): PHPUnit\\Framework\\TestSuite->run()\n#71 C:\\laragon\\www\\CV-Berkah-Fabrikasi-Besi\\vendor\\phpunit\\phpunit\\src\\Framework\\TestSuite.php(374): PHPUnit\\Framework\\TestSuite->run()\n#72 C:\\laragon\\www\\CV-Berkah-Fabrikasi-Besi\\vendor\\phpunit\\phpunit\\src\\TextUI\\TestRunner.php(64): PHPUnit\\Framework\\TestSuite->run()\n#73 C:\\laragon\\www\\CV-Berkah-Fabrikasi-Besi\\vendor\\phpunit\\phpunit\\src\\TextUI\\Application.php(229): PHPUnit\\TextUI\\TestRunner->run(Object(PHPUnit\\TextUI\\Configuration\\Configuration), Object(PHPUnit\\Runner\\ResultCache\\DefaultResultCache), Object(PHPUnit\\Framework\\TestSuite))\n#74 C:\\laragon\\www\\CV-Berkah-Fabrikasi-Besi\\vendor\\phpunit\\phpunit\\phpunit(104): PHPUnit\\TextUI\\Application->run(Array)\n#75 {main}\n\nNext Illuminate\\Database\\QueryException: SQLSTATE[HY000]: General error: 1 no such table: settings (Connection: sqlite, Database: :memory:, SQL: select * from \"settings\" limit 1) in C:\\laragon\\www\\CV-Berkah-Fabrikasi-Besi\\vendor\\laravel\\framework\\src\\Illuminate\\Database\\Connection.php:857\nStack trace:\n#0 C:\\laragon\\www\\CV-Berkah-Fabrikasi-Besi\\vendor\\laravel\\framework\\src\\Illuminate\\Database\\Connection.php(813): Illuminate\\Database\\Connection->runQueryCallback('select * from \"..', Array, Object(Closure))\n#1 C:\\laragon\\www\\CV-Berkah-Fabrikasi-Besi\\vendor\\laravel\\framework\\src\\Illuminate\\Database\\Connection.php(426): Illuminate\\Database\\Connection->run('select * from \"..', Array, Object(Closure))\n#2 C:\\laragon\\www\\CV-Berkah-Fabrikasi-Besi\\vendor\\laravel\\framework\\src\\Illuminate\\Database\\Query\\Builder.php(3573): Illuminate\\Database\\Connection->select('select * from \"..', Array, true, Array)\n#3 C:\\laragon\\www\\CV-Berkah-Fabrikasi-Besi\\vendor\\laravel\\framework\\src\\Illuminate\\Database\\Query\\Builder.php(3557): Illuminate\\Database\\Query\\Builder->runSelect()\n#4 C:\\laragon\\www\\CV-Berkah-Fabrikasi-Besi\\vendor\\laravel\\framework\\src\\Illuminate\\Database\\Eloquent\\Builder.php(908): Illuminate\\Database\\Query\\Builder->get(Array)\n#5 C:\\laragon\\www\\CV-Berkah-Fabrikasi-Besi\\vendor\\laravel\\framework\\src\\Illuminate\\Database\\Eloquent\\Builder.php(890): Illuminate\\Database\\Eloquent\\Builder->getModels(Array)\n#6 C:\\laragon\\www\\CV-Berkah-Fabrikasi-Besi\\vendor\\laravel\\framework\\src\\Illuminate\\Database\\Concerns\\BuildsQueries.php(366): Illuminate\\Database\\Eloquent\\Builder->get(Array)\n#7 C:\\laragon\\www\\CV-Berkah-Fabrikasi-Besi\\vendor\\laravel\\framework\\src\\Illuminate\\Database\\Eloquent\\Builder.php(712): Illuminate\\Database\\Eloquent\\Builder->first()\n#8 C:\\laragon\\www\\CV-Berkah-Fabrikasi-Besi\\vendor\\laravel\\framework\\src\\Illuminate\\Support\\Traits\\ForwardsCalls.php(23): Illuminate\\Database\\Eloquent\\Builder->firstOrCreate(Array, Array)\n#9 C:\\laragon\\www\\CV-Berkah-Fabrikasi-Besi\\vendor\\laravel\\framework\\src\\Illuminate\\Database\\Eloquent\\Model.php(2831): Illuminate\\Database\\Eloquent\\Model->forwardCallTo(Object(Illuminate\\Database\\Eloquent\\Builder), 'firstOrCreate', Array)\n#10 C:\\laragon\\www\\CV-Berkah-Fabrikasi-Besi\\vendor\\laravel\\framework\\src\\Illuminate\\Database\\Eloquent\\Model.php(2847): Illuminate\\Database\\Eloquent\\Model->__call('firstOrCreate', Array)\n#11 C:\\laragon\\www\\CV-Berkah-Fabrikasi-Besi\\app\\Models\\Setting.php(22): Illuminate\\Database\\Eloquent\\Model::__callStatic('firstOrCreate', Array)\n#12 C:\\laragon\\www\\CV-Berkah-Fabrikasi-Besi\\app\\Http\\Controllers\\AboutController.php(14): App\\Models\\Setting::getSetting()\n#13 C:\\laragon\\www\\CV-Berkah-Fabrikasi-Besi\\vendor\\laravel\\framework\\src\\Illuminate\\Routing\\ControllerDispatcher.php(46): App\\Http\\Controllers\\AboutController->index()\n#14 C:\\laragon\\www\\CV-Berkah-Fabrikasi-Besi\\vendor\\laravel\\framework\\src\\Illuminate\\Routing\\Route.php(276): Illuminate\\Routing\\ControllerDispatcher->dispatch(Object(Illuminate\\Routing\\Route), Object(App\\Http\\Controllers\\AboutController), 'index')\n#15 C:\\laragon\\www\\CV-Berkah-Fabrikasi-Besi\\vendor\\laravel\\framework\\src\\Illuminate\\Routing\\Route.php(216): Illuminate\\Routing\\Route->runController()\n#16 C:\\laragon\\www\\CV-Berkah-Fabrikasi-Besi\\vendor\\laravel\\framework\\src\\Illuminate\\Routing\\Router.php(822): Illuminate\\Routing\\Route->run()\n#17 C:\\laragon\\www\\CV-Berkah-Fabrikasi-Besi\\vendor\\laravel\\framework\\src\\Illuminate\\Pipeline\\Pipeline.php(180): Illuminate\\Routing\\Router->Illuminate\\Routing\\{closure}(Object(Illuminate\\Http\\Request))\n#18 C:\\laragon\\www\\CV-Berkah-Fabrikasi-Besi\\vendor\\laravel\\framework\\src\\Illuminate\\Routing\\Middleware\\SubstituteBindings.php(52): Illuminate\\Pipeline\\Pipeline->Illuminate\\Pipeline\\{closure}(Object(Illuminate\\Http\\Request))\n#19 C:\\laragon\\www\\CV-Berkah-Fabrikasi-Besi\\vendor\\laravel\\framework\\src\\Illuminate\\Pipeline\\Pipeline.php(219): Illuminate\\Routing\\Middleware\\SubstituteBindings->handle(Object(Illuminate\\Http\\Request), Object(Closure))\n#20 C:\\laragon\\www\\CV-Berkah-Fabrikasi-Besi\\vendor\\laravel\\framework\\src\\Illuminate\\Foundation\\Http\\Middleware\\PreventRequestForgery.php(104): Illuminate\\Pipeline\\Pipeline->Illuminate\\Pipeline\\{closure}(Object(Illuminate\\Http\\Request))\n#21 C:\\laragon\\www\\CV-Berkah-Fabrikasi-Besi\\vendor\\laravel\\framework\\src\\Illuminate\\Pipeline\\Pipeline.php(219): Illuminate\\Foundation\\Http\\Middleware\\PreventRequestForgery->handle(Object(Illuminate\\Http\\Request), Object(Closure))\n#22 C:\\laragon\\www\\CV-Berkah-Fabrikasi-Besi\\vendor\\laravel\\framework\\src\\Illuminate\\View\\Middleware\\ShareErrorsFromSession.php(48): Illuminate\\Pipeline\\Pipeline->Illuminate\\Pipeline\\{closure}(Object(Illuminate\\Http\\Request))\n#23 C:\\laragon\\www\\CV-Berkah-Fabrikasi-Besi\\vendor\\laravel\\framework\\src\\Illuminate\\Pipeline\\Pipeline.php(219): Illuminate\\View\\Middleware\\ShareErrorsFromSession->handle(Object(Illuminate\\Http\\Request), Object(Closure))\n#24 C:\\laragon\\www\\CV-Berkah-Fabrikasi-Besi\\vendor\\laravel\\framework\\src\\Illuminate\\Session\\Middleware\\StartSession.php(120): Illuminate\\Pipeline\\Pipeline->Illuminate\\Pipeline\\{closure}(Object(Illuminate\\Http\\Request))\n#25 C:\\laragon\\www\\CV-Berkah-Fabrikasi-Besi\\vendor\\laravel\\framework\\src\\Illuminate\\Session\\Middleware\\StartSession.php(63): Illuminate\\Session\\Middleware\\StartSession->handleStatefulRequest(Object(Illuminate\\Http\\Request), Object(Illuminate\\Session\\Store), Object(Closure))\n#26 C:\\laragon\\www\\CV-Berkah-Fabrikasi-Besi\\vendor\\laravel\\framework\\src\\Illuminate\\Pipeline\\Pipeline.php(219): Illuminate\\Session\\Middleware\\StartSession->handle(Object(Illuminate\\Http\\Request), Object(Closure))\n#27 C:\\laragon\\www\\CV-Berkah-Fabrikasi-Besi\\vendor\\laravel\\framework\\src\\Illuminate\\Cookie\\Middleware\\AddQueuedCookiesToResponse.php(36): Illuminate\\Pipeline\\Pipeline->Illuminate\\Pipeline\\{closure}(Object(Illuminate\\Http\\Request))\n#28 C:\\laragon\\www\\CV-Berkah-Fabrikasi-Besi\\vendor\\laravel\\framework\\src\\Illuminate\\Pipeline\\Pipeline.php(219): Illuminate\\Cookie\\Middleware\\AddQueuedCookiesToResponse->handle(Object(Illuminate\\Http\\Request), Object(Closure))\n#29 C:\\laragon\\www\\CV-Berkah-Fabrikasi-Besi\\vendor\\laravel\\framework\\src\\Illuminate\\Cookie\\Middleware\\EncryptCookies.php(74): Illuminate\\Pipeline\\Pipeline->Illuminate\\Pipeline\\{closure}(Object(Illuminate\\Http\\Request))\n#30 C:\\laragon\\www\\CV-Berkah-Fabrikasi-Besi\\vendor\\laravel\\framework\\src\\Illuminate\\Pipeline\\Pipeline.php(219): Illuminate\\Cookie\\Middleware\\EncryptCookies->handle(Object(Illuminate\\Http\\Request), Object(Closure))\n#31 C:\\laragon\\www\\CV-Berkah-Fabrikasi-Besi\\vendor\\laravel\\framework\\src\\Illuminate\\Pipeline\\Pipeline.php(137): Illuminate\\Pipeline\\Pipeline->Illuminate\\Pipeline\\{closure}(Object(Illuminate\\Http\\Request))\n#32 C:\\laragon\\www\\CV-Berkah-Fabrikasi-Besi\\vendor\\laravel\\framework\\src\\Illuminate\\Routing\\Router.php(821): Illuminate\\Pipeline\\Pipeline->then(Object(Closure))\n#33 C:\\laragon\\www\\CV-Berkah-Fabrikasi-Besi\\vendor\\laravel\\framework\\src\\Illuminate\\Routing\\Router.php(800): Illuminate\\Routing\\Router->runRouteWithinStack(Object(Illuminate\\Routing\\Route), Object(Illuminate\\Http\\Request))\n#34 C:\\laragon\\www\\CV-Berkah-Fabrikasi-Besi\\vendor\\laravel\\framework\\src\\Illuminate\\Routing\\Router.php(764): Illuminate\\Routing\\Router->runRoute(Object(Illuminate\\Http\\Request), Object(Illuminate\\Routing\\Route))\n#35 C:\\laragon\\www\\CV-Berkah-Fabrikasi-Besi\\vendor\\laravel\\framework\\src\\Illuminate\\Routing\\Router.php(753): Illuminate\\Routing\\Router->dispatchToRoute(Object(Illuminate\\Http\\Request))\n#36 C:\\laragon\\www\\CV-Berkah-Fabrikasi-Besi\\vendor\\laravel\\framework\\src\\Illuminate\\Foundation\\Http\\Kernel.php(200): Illuminate\\Routing\\Router->dispatch(Object(Illuminate\\Http\\Request))\n#37 C:\\laragon\\www\\CV-Berkah-Fabrikasi-Besi\\vendor\\laravel\\framework\\src\\Illuminate\\Pipeline\\Pipeline.php(180): Illuminate\\Foundation\\Http\\Kernel->Illuminate\\Foundation\\Http\\{closure}(Object(Illuminate\\Http\\Request))\n#38 C:\\laragon\\www\\CV-Berkah-Fabrikasi-Besi\\vendor\\laravel\\framework\\src\\Illuminate\\Foundation\\Http\\Middleware\\TransformsRequest.php(21): Illuminate\\Pipeline\\Pipeline->Illuminate\\Pipeline\\{closure}(Object(Illuminate\\Http\\Request))\n#39 C:\\laragon\\www\\CV-Berkah-Fabrikasi-Besi\\vendor\\laravel\\framework\\src\\Illuminate\\Foundation\\Http\\Middleware\\ConvertEmptyStringsToNull.php(31): Illuminate\\Foundation\\Http\\Middleware\\TransformsRequest->handle(Object(Illuminate\\Http\\Request), Object(Closure))\n#40 C:\\laragon\\www\\CV-Berkah-Fabrikasi-Besi\\vendor\\laravel\\framework\\src\\Illuminate\\Pipeline\\Pipeline.php(219): Illuminate\\Foundation\\Http\\Middleware\\ConvertEmptyStringsToNull->handle(Object(Illuminate\\Http\\Request), Object(Closure))\n#41 C:\\laragon\\www\\CV-Berkah-Fabrikasi-Besi\\vendor\\laravel\\framework\\src\\Illuminate\\Foundation\\Http\\Middleware\\TransformsRequest.php(21): Illuminate\\Pipeline\\Pipeline->Illuminate\\Pipeline\\{closure}(Object(Illuminate\\Http\\Request))\n#42 C:\\laragon\\www\\CV-Berkah-Fabrikasi-Besi\\vendor\\laravel\\framework\\src\\Illuminate\\Foundation\\Http\\Middleware\\TrimStrings.php(51): Illuminate\\Foundation\\Http\\Middleware\\TransformsRequest->handle(Object(Illuminate\\Http\\Request), Object(Closure))\n#43 C:\\laragon\\www\\CV-Berkah-Fabrikasi-Besi\\vendor\\laravel\\framework\\src\\Illuminate\\Pipeline\\Pipeline.php(219): Illuminate\\Foundation\\Http\\Middleware\\TrimStrings->handle(Object(Illuminate\\Http\\Request), Object(Closure))\n#44 C:\\laragon\\www\\CV-Berkah-Fabrikasi-Besi\\vendor\\laravel\\framework\\src\\Illuminate\\Http\\Middleware\\ValidatePostSize.php(27): Illuminate\\Pipeline\\Pipeline->Illuminate\\Pipeline\\{closure}(Object(Illuminate\\Http\\Request))\n#45 C:\\laragon\\www\\CV-Berkah-Fabrikasi-Besi\\vendor\\laravel\\framework\\src\\Illuminate\\Pipeline\\Pipeline.php(219): Illuminate\\Http\\Middleware\\ValidatePostSize->handle(Object(Illuminate\\Http\\Request), Object(Closure))\n#46 C:\\laragon\\www\\CV-Berkah-Fabrikasi-Besi\\vendor\\laravel\\framework\\src\\Illuminate\\Foundation\\Http\\Middleware\\PreventRequestsDuringMaintenance.php(109): Illuminate\\Pipeline\\Pipeline->Illuminate\\Pipeline\\{closure}(Object(Illuminate\\Http\\Request))\n#47 C:\\laragon\\www\\CV-Berkah-Fabrikasi-Besi\\vendor\\laravel\\framework\\src\\Illuminate\\Pipeline\\Pipeline.php(219): Illuminate\\Foundation\\Http\\Middleware\\PreventRequestsDuringMaintenance->handle(Object(Illuminate\\Http\\Request), Object(Closure))\n#48 C:\\laragon\\www\\CV-Berkah-Fabrikasi-Besi\\vendor\\laravel\\framework\\src\\Illuminate\\Http\\Middleware\\HandleCors.php(61): Illuminate\\Pipeline\\Pipeline->Illuminate\\Pipeline\\{closure}(Object(Illuminate\\Http\\Request))\n#49 C:\\laragon\\www\\CV-Berkah-Fabrikasi-Besi\\vendor\\laravel\\framework\\src\\Illuminate\\Pipeline\\Pipeline.php(219): Illuminate\\Http\\Middleware\\HandleCors->handle(Object(Illuminate\\Http\\Request), Object(Closure))\n#50 C:\\laragon\\www\\CV-Berkah-Fabrikasi-Besi\\vendor\\laravel\\framework\\src\\Illuminate\\Http\\Middleware\\TrustProxies.php(58): Illuminate\\Pipeline\\Pipeline->Illuminate\\Pipeline\\{closure}(Object(Illuminate\\Http\\Request))\n#51 C:\\laragon\\www\\CV-Berkah-Fabrikasi-Besi\\vendor\\laravel\\framework\\src\\Illuminate\\Pipeline\\Pipeline.php(219): Illuminate\\Http\\Middleware\\TrustProxies->handle(Object(Illuminate\\Http\\Request), Object(Closure))\n#52 C:\\laragon\\www\\CV-Berkah-Fabrikasi-Besi\\vendor\\laravel\\framework\\src\\Illuminate\\Foundation\\Http\\Middleware\\InvokeDeferredCallbacks.php(22): Illuminate\\Pipeline\\Pipeline->Illuminate\\Pipeline\\{closure}(Object(Illuminate\\Http\\Request))\n#53 C:\\laragon\\www\\CV-Berkah-Fabrikasi-Besi\\vendor\\laravel\\framework\\src\\Illuminate\\Pipeline\\Pipeline.php(219): Illuminate\\Foundation\\Http\\Middleware\\InvokeDeferredCallbacks->handle(Object(Illuminate\\Http\\Request), Object(Closure))\n#54 C:\\laragon\\www\\CV-Berkah-Fabrikasi-Besi\\vendor\\laravel\\framework\\src\\Illuminate\\Http\\Middleware\\ValidatePathEncoding.php(28): Illuminate\\Pipeline\\Pipeline->Illuminate\\Pipeline\\{closure}(Object(Illuminate\\Http\\Request))\n#55 C:\\laragon\\www\\CV-Berkah-Fabrikasi-Besi\\vendor\\laravel\\framework\\src\\Illuminate\\Pipeline\\Pipeline.php(219): Illuminate\\Http\\Middleware\\ValidatePathEncoding->handle(Object(Illuminate\\Http\\Request), Object(Closure))\n#56 C:\\laragon\\www\\CV-Berkah-Fabrikasi-Besi\\vendor\\laravel\\framework\\src\\Illuminate\\Pipeline\\Pipeline.php(137): Illuminate\\Pipeline\\Pipeline->Illuminate\\Pipeline\\{closure}(Object(Illuminate\\Http\\Request))\n#57 C:\\laragon\\www\\CV-Berkah-Fabrikasi-Besi\\vendor\\laravel\\framework\\src\\Illuminate\\Foundation\\Http\\Kernel.php(175): Illuminate\\Pipeline\\Pipeline->then(Object(Closure))\n#58 C:\\laragon\\www\\CV-Berkah-Fabrikasi-Besi\\vendor\\laravel\\framework\\src\\Illuminate\\Foundation\\Http\\Kernel.php(144): Illuminate\\Foundation\\Http\\Kernel->sendRequestThroughRouter(Object(Illuminate\\Http\\Request))\n#59 C:\\laragon\\www\\CV-Berkah-Fabrikasi-Besi\\vendor\\laravel\\framework\\src\\Illuminate\\Foundation\\Testing\\Concerns\\MakesHttpRequests.php(638): Illuminate\\Foundation\\Http\\Kernel->handle(Object(Illuminate\\Http\\Request))\n#60 C:\\laragon\\www\\CV-Berkah-Fabrikasi-Besi\\vendor\\laravel\\framework\\src\\Illuminate\\Foundation\\Testing\\Concerns\\MakesHttpRequests.php(368): Illuminate\\Foundation\\Testing\\TestCase->call('GET', '/about', Array, Array, Array, Array)\n#61 C:\\laragon\\www\\CV-Berkah-Fabrikasi-Besi\\tests\\Feature\\PublicTest.php(35): Illuminate\\Foundation\\Testing\\TestCase->get('/about')\n#62 C:\\laragon\\www\\CV-Berkah-Fabrikasi-Besi\\vendor\\phpunit\\phpunit\\src\\Framework\\TestCase.php(1318): Tests\\Feature\\PublicTest->test_about_page_returns_a_successful_response()\n#63 C:\\laragon\\www\\CV-Berkah-Fabrikasi-Besi\\vendor\\phpunit\\phpunit\\src\\Framework\\TestCase.php(1355): PHPUnit\\Framework\\TestCase->invokeTestMethod('test_about_page..', Array)\n#64 C:\\laragon\\www\\CV-Berkah-Fabrikasi-Besi\\vendor\\phpunit\\phpunit\\src\\Framework\\TestCase.php(521): PHPUnit\\Framework\\TestCase->runTest()\n#65 C:\\laragon\\www\\CV-Berkah-Fabrikasi-Besi\\vendor\\phpunit\\phpunit\\src\\Framework\\TestRunner\\TestRunner.php(99): PHPUnit\\Framework\\TestCase->runBare()\n#66 C:\\laragon\\www\\CV-Berkah-Fabrikasi-Besi\\vendor\\phpunit\\phpunit\\src\\Framework\\TestCase.php(361): PHPUnit\\Framework\\TestRunner->run(Object(Tests\\Feature\\PublicTest))\n#67 C:\\laragon\\www\\CV-Berkah-Fabrikasi-Besi\\vendor\\phpunit\\phpunit\\src\\Framework\\TestSuite.php(374): PHPUnit\\Framework\\TestCase->run()\n#68 C:\\laragon\\www\\CV-Berkah-Fabrikasi-Besi\\vendor\\phpunit\\phpunit\\src\\Framework\\TestSuite.php(374): PHPUnit\\Framework\\TestSuite->run()\n#69 C:\\laragon\\www\\CV-Berkah-Fabrikasi-Besi\\vendor\\phpunit\\phpunit\\src\\Framework\\TestSuite.php(374): PHPUnit\\Framework\\TestSuite->run()\n#70 C:\\laragon\\www\\CV-Berkah-Fabrikasi-Besi\\vendor\\phpunit\\phpunit\\src\\TextUI\\TestRunner.php(64): PHPUnit\\Framework\\TestSuite->run()\n#71 C:\\laragon\\www\\CV-Berkah-Fabrikasi-Besi\\vendor\\phpunit\\phpunit\\src\\TextUI\\Application.php(229): PHPUnit\\TextUI\\TestRunner->run(Object(PHPUnit\\TextUI\\Configuration\\Configuration), Object(PHPUnit\\Runner\\ResultCache\\DefaultResultCache), Object(PHPUnit\\Framework\\TestSuite))\n#72 C:\\laragon\\www\\CV-Berkah-Fabrikasi-Besi\\vendor\\phpunit\\phpunit\\phpunit(104): PHPUnit\\TextUI\\Application->run(Array)\n#73 {main}\n\n----------------------------------------------------------------------------------\n\nSQLSTATE[HY000]: General error: 1 no such table: settings (Connection: sqlite, Database: :memory:, SQL: select * from \"settings\" limit 1)"}]}
